06-14 01:18:07.816     0     0 I HidlServiceManagement: getService: Trying again for android.hardware.keymaster@3.0::IKeymasterDevice/default...
06-14 01:18:06.049   282   282 I HidlServiceManagement: Registered android.hardware.boot@1.1::IBootControl/default
06-14 01:18:06.049   282   282 I HidlServiceManagement: Removing namespace from process name android.hardware.boot@1.1-service to boot@1.1-service.
06-14 01:18:06.049   282   282 I LegacySupport: Registration complete for android.hardware.boot@1.0::IBootControl/default.
06-14 01:18:06.085   283   283 I android.hardware.keymaster@3.0-impl: Fetching keymaster device name default
06-14 01:18:06.086   283   283 I android.hardware.keymaster@3.0-impl: Could not find any keystore module, using software-only implementation.
06-14 01:18:06.088   283   283 I HidlServiceManagement: Registered android.hardware.keymaster@3.0::IKeymasterDevice/default
06-14 01:18:06.088   283   283 I HidlServiceManagement: Removing namespace from process name android.hardware.keymaster@3.0-service to keymaster@3.0-service.
06-14 01:18:06.089   283   283 I LegacySupport: Registration complete for android.hardware.keymaster@3.0::IKeymasterDevice/default.
06-14 01:18:06.089   206   206 I hw-BpHwBinder: onLastStrongRef automatically unlinking death recipients
06-14 01:18:07.911     0     0 I wait_for_keymaster: List of Keymaster HALs found:
06-14 01:18:07.918     0     0 I wait_for_keymaster: Keymaster HAL #1: SoftwareKeymasterDevice from Google SecurityLevel: SOFTWARE HAL: android.hardware.keymaster@3.0::IKeymasterDevice/default
06-14 01:18:07.935     0     0 I wait_for_keymaster: Using SoftwareKeymasterDevice from Google for encryption.  Security level: SOFTWARE, HAL: android.hardware.keymaster@3.0::IKeymasterDevice/default
06-14 01:18:07.953     0     0 I wait_for_keymaster: Keymaster device ready
06-14 01:18:06.174   211   211 I Checkpoint: Validating checkpoint on /dev/block/by-name/userdata
06-14 01:18:07.995     0     0 D vdc     : Waited 0ms for vold
06-14 01:18:06.189   211   211 E Checkpoint: No magic
06-14 01:18:08.011     0     0 E vdc     : Command: checkpoint restoreCheckpoint /dev/block/by-name/userdata Failed: Status(-8, EX_SERVICE_SPECIFIC): '22: No magic'
06-14 01:18:08.051     0     0 D vdc     : Waited 0ms for vold
06-14 01:18:06.235   211   232 D vold    : Disk at 252:8 changed
06-14 01:18:08.071     0     0 W device-mapper: table: 252:8: dm_table_destroy: dm_put_device call missing for 179:10
06-14 01:18:34.545     0     0 I mke2fs  : Discarding device blocks:    4096/5469184 528384/54691841052672/54691841576960/54691842101248/54691842625536/54691843149824/54691843674112/54691844198400/54691844722688/54691845246976/5469184               done
06-14 01:18:34.588     0     0 I mke2fs  : Creating filesystem with 5469184 4k blocks and 1368064 inodes
06-14 01:18:34.596     0     0 I mke2fs  : Filesystem UUID: 83d5616e-ed67-477f-8075-c91877a96f04
06-14 01:18:34.604     0     0 I mke2fs  : Superblock backups stored on blocks:
06-14 01:18:34.610     0     0 I mke2fs  : 32768, 98304, 163840, 229376, 294912, 819200, 884736, 1605632, 2654208,
06-14 01:18:34.620     0     0 I mke2fs  : 4096000
06-14 01:18:34.623     0     0 I mke2fs  :  
06-14 01:18:34.626     0     0 I mke2fs  : Allocating group tables:   0/167       done
06-14 01:18:34.636     0     0 I mke2fs  : Writing inode tables:   0/167       done
06-14 01:18:36.978     0     0 I mke2fs  : Creating journal (32768 blocks): done
06-14 01:18:37.069     0     0 I init    : Calling: /system/bin/vdc checkpoint restoreCheckpoint /dev/block/by-name/userdata
06-14 01:18:35.284   211   211 I Checkpoint: Validating checkpoint on /dev/block/by-name/userdata
06-14 01:18:37.105     0     0 D vdc     : Waited 0ms for vold
06-14 01:18:35.284   211   211 E Checkpoint: No magic
06-14 01:18:37.106     0     0 E vdc     : Command: checkpoint restoreCheckpoint /dev/block/by-name/userdata Failed: Status(-8, EX_SERVICE_SPECIFIC): '22: No magic'
06-14 01:18:37.122     0     0 I vdc     : vdc terminated by exit(25)
06-14 01:18:37.127     0     0 I vdc     :  
06-14 01:18:37.129     0     0 E init    : vdc call failed with error code: 25
06-14 01:18:37.135     0     0 E init    : /dev/block/by-name/userdata is not dm device: No such file or directory
06-14 01:18:35.326   211   232 D vold    : Disk at 252:8 changed
06-14 01:18:37.153     0     0 I init    : [libfs_mgr]superblock s_max_mnt_count:65535,/dev/block/dm-8
06-14 01:18:37.162     0     0 I init    : [libfs_mgr]Enabling quotas on /dev/block/dm-8
06-14 01:18:37.233     0     0 W EXT4-fs (dm-8): Ignoring removed nomblk_io_submit option
06-14 01:18:37.247     0     0 I EXT4-fs (dm-8): mounted filesystem with ordered data mode. Opts: errors=remount-ro,nomblk_io_submit
06-14 01:18:37.259     0     0 I init    : [libfs_mgr]check_fs(): mount(/dev/block/dm-8,/data,ext4)=0: Success
06-14 01:18:37.274     0     0 I init    : [libfs_mgr]check_fs(): unmount(/data) succeeded
06-14 01:18:37.281     0     0 I init    : [libfs_mgr]Running /system/bin/e2fsck on /dev/block/dm-8
06-14 01:18:37.662     0     0 I EXT4-fs (dm-8): mounted filesystem with ordered data mode. Opts: noauto_da_alloc,errors=panic
06-14 01:18:35.884   211   211 D vold    : fscrypt_mount_metadata_encrypted: /data 1
06-14 01:18:35.884   211   211 D vold    : metadata_key_dir/key: /metadata/vold/metadata_encryption/key
06-14 01:18:37.705     0     0 D vdc     : Waited 0ms for vold
06-14 01:18:35.886   206   206 I hwservicemanager: getTransport: Cannot find entry android.hardware.keymaster@4.0::IKeymasterDevice/default in either framework or device manifest.
06-14 01:18:35.888   211   211 I vold    : List of Keymaster HALs found:
06-14 01:18:35.888   211   211 I vold    : Keymaster HAL #1: SoftwareKeymasterDevice from Google SecurityLevel: SOFTWARE HAL: android.hardware.keymaster@3.0::IKeymasterDevice/default
06-14 01:18:35.889   211   211 I vold    : Using SoftwareKeymasterDevice from Google for encryption.  Security level: SOFTWARE, HAL: android.hardware.keymaster@3.0::IKeymasterDevice/default
06-14 01:18:35.890   211   211 I vold    : Creating new key in /metadata/vold/metadata_encryption/key
06-14 01:18:35.913   211   211 I vold    : List of Keymaster HALs found:
06-14 01:18:35.913   211   211 I vold    : Keymaster HAL #1: SoftwareKeymasterDevice from Google SecurityLevel: SOFTWARE HAL: android.hardware.keymaster@3.0::IKeymasterDevice/default
06-14 01:18:35.914   211   211 I vold    : Using SoftwareKeymasterDevice from Google for encryption.  Security level: SOFTWARE, HAL: android.hardware.keymaster@3.0::IKeymasterDevice/default
06-14 01:18:35.914   211   211 D vold    : Creating key that doesn't need auth token
06-14 01:18:35.915   211   211 E vold    : generate_key failed, code -67
06-14 01:18:35.941   211   211 D vold    : Created key: /metadata/vold/metadata_encryption/key
06-14 01:18:35.947   211   211 I vold    : Beginning inplace encryption, nr_sec: 43753472
06-14 01:18:35.947   211   211 D vold    : cryptfs_enable_inplace(/dev/block/dm-9, /dev/block/dm-8, 43753472, 0x7ffe3419d550, 43753472, 0, 0)
06-14 01:18:35.947   211   211 D vold    : Opening/dev/block/dm-8
06-14 01:18:35.947   211   211 D vold    : Opening/dev/block/dm-9
06-14 01:18:35.947   211   211 E vold    : Error opening crypto_blkdev /dev/block/dm-9 for ext4 inplace encrypt, retrying: No such file or directory
06-14 01:18:36.970   211   211 I vold    : Encrypting ext4 filesystem in place...
06-14 01:18:36.970   211   211 I vold    : Encrypting group 0
06-14 01:18:36.971   211   211 D vold    : Copying 8 blocks at offset 0
06-14 01:18:36.972   211   211 I vold    : Encrypting from sector 0
06-14 01:18:36.972   211   211 D vold    : Copying 8 blocks at offset 32768
06-14 01:18:36.973   211   211 D vold    : Copying 8 blocks at offset 65536
06-14 01:18:36.974   211   211 D vold    : Copying 8 blocks at offset 98304
06-14 01:18:36.975   211   211 D vold    : Copying 8 blocks at offset 131072
06-14 01:18:36.975   211   211 D vold    : Copying 8 blocks at offset 163840
06-14 01:18:36.976   211   211 D vold    : Copying 8 blocks at offset 196608
06-14 01:18:36.976   211   211 D vold    : Copying 8 blocks at offset 229376
06-14 01:18:36.978   211   211 D vold    : Copying 8 blocks at offset 262144
06-14 01:18:36.978   211   211 D vold    : Copying 8 blocks at offset 294912
06-14 01:18:36.979   211   211 D vold    : Copying 8 blocks at offset 327680
06-14 01:18:36.979   211   211 D vold    : Copying 8 blocks at offset 360448
06-14 01:18:36.994   211   211 D vold    : Copying 8 blocks at offset 393216
06-14 01:18:36.995   211   211 D vold    : Copying 8 blocks at offset 425984
06-14 01:18:36.995   211   211 D vold    : Copying 8 blocks at offset 458752
06-14 01:18:36.996   211   211 D vold    : Copying 8 blocks at offset 491520
06-14 01:18:36.997   211   211 D vold    : Copying 8 blocks at offset 524288
06-14 01:18:36.998   211   211 D vold    : Copying 8 blocks at offset 557056
06-14 01:18:36.998   211   211 D vold    : Copying 8 blocks at offset 589824
06-14 01:18:36.999   211   211 D vold    : Copying 8 blocks at offset 622592
06-14 01:18:37.000   211   211 D vold    : Copying 8 blocks at offset 655360
06-14 01:18:37.000   211   211 D vold    : Copying 8 blocks at offset 688128
06-14 01:18:37.001   211   211 D vold    : Copying 8 blocks at offset 720896
06-14 01:18:37.002   211   211 D vold    : Copying 8 blocks at offset 753664
06-14 01:18:37.003   211   211 D vold    : Copying 8 blocks at offset 786432
06-14 01:18:37.003   211   211 D vold    : Copying 8 blocks at offset 819200
06-14 01:18:37.004   211   211 D vold    : Copying 8 blocks at offset 851968
06-14 01:18:37.004   211   211 D vold    : Copying 8 blocks at offset 884736
06-14 01:18:37.005   211   211 D vold    : Copying 8 blocks at offset 917504
06-14 01:18:37.006   211   211 D vold    : Copying 8 blocks at offset 950272
06-14 01:18:37.006   211   211 D vold    : Copying 8 blocks at offset 983040
06-14 01:18:37.007   211   211 D vold    : Copying 8 blocks at offset 1015808
06-14 01:18:37.008   211   211 D vold    : Copying 8 blocks at offset 1048576
06-14 01:18:37.009   211   211 D vold    : Copying 8 blocks at offset 1081344
06-14 01:18:37.009   211   211 D vold    : Copying 8 blocks at offset 1114112
06-14 01:18:37.010   211   211 D vold    : Copying 8 blocks at offset 1146880
06-14 01:18:37.011   211   211 D vold    : Copying 8 blocks at offset 1179648
06-14 01:18:37.011   211   211 D vold    : Copying 8 blocks at offset 1212416
06-14 01:18:37.012   211   211 D vold    : Copying 8 blocks at offset 1245184
06-14 01:18:37.012   211   211 D vold    : Copying 8 blocks at offset 1277952
06-14 01:18:37.014   211   211 D vold    : Copying 8 blocks at offset 1310720
06-14 01:18:37.014   211   211 D vold    : Copying 8 blocks at offset 1343488
06-14 01:18:37.015   211   211 D vold    : Copying 8 blocks at offset 1376256
06-14 01:18:37.015   211   211 D vold    : Copying 8 blocks at offset 1409024
06-14 01:18:37.030   211   211 D vold    : Copying 8 blocks at offset 1441792
06-14 01:18:37.030   211   211 D vold    : Copying 8 blocks at offset 1474560
06-14 01:18:37.031   211   211 D vold    : Copying 8 blocks at offset 1507328
06-14 01:18:37.031   211   211 D vold    : Copying 8 blocks at offset 1540096
06-14 01:18:37.033   211   211 D vold    : Copying 8 blocks at offset 1572864
06-14 01:18:37.033   211   211 D vold    : Copying 8 blocks at offset 1605632
06-14 01:18:37.034   211   211 D vold    : Copying 8 blocks at offset 1638400
06-14 01:18:37.034   211   211 D vold    : Copying 8 blocks at offset 1671168
06-14 01:18:37.035   211   211 D vold    : Copying 8 blocks at offset 1703936
06-14 01:18:37.036   211   211 D vold    : Copying 8 blocks at offset 1736704
06-14 01:18:37.036   211   211 D vold    : Copying 8 blocks at offset 1769472
06-14 01:18:37.037   211   211 D vold    : Copying 8 blocks at offset 1802240
06-14 01:18:37.038   211   211 D vold    : Copying 8 blocks at offset 1835008
06-14 01:18:37.039   211   211 D vold    : Copying 8 blocks at offset 1867776
06-14 01:18:37.039   211   211 D vold    : Copying 8 blocks at offset 1900544
06-14 01:18:37.040   211   211 D vold    : Copying 8 blocks at offset 1933312
06-14 01:18:37.041   211   211 D vold    : Copying 8 blocks at offset 1966080
06-14 01:18:37.041   211   211 D vold    : Copying 8 blocks at offset 1998848
06-14 01:18:37.042   211   211 D vold    : Copying 8 blocks at offset 2031616
06-14 01:18:37.042   211   211 D vold    : Copying 8 blocks at offset 2064384
06-14 01:18:37.044   211   211 D vold    : Copying 8 blocks at offset 2097152
06-14 01:18:37.044   211   211 D vold    : Copying 6 blocks at offset 2129920
06-14 01:18:37.055   211   211 I vold    : Encrypting group 1
06-14 01:18:37.056   211   211 D vold    : Copying 3 blocks at offset 134217728
06-14 01:18:37.057   211   211 I vold    : Encrypted to sector 269312
06-14 01:18:37.057   211   211 I vold    : Encrypting from sector 16777216
06-14 01:18:37.068   211   211 I vold    : Encrypting group 2
06-14 01:18:37.081   211   211 I vold    : Encrypting group 3
06-14 01:18:37.081   211   211 D vold    : Copying 3 blocks at offset 402653184
06-14 01:18:37.082   211   211 I vold    : Encrypted to sector 16778752
06-14 01:18:37.082   211   211 I vold    : Encrypting from sector 50331648
06-14 01:18:37.092   211   211 I vold    : Encrypting group 4
06-14 01:18:37.102   211   211 I vold    : Encrypting group 5
06-14 01:18:37.103   211   211 D vold    : Copying 3 blocks at offset 671088640
06-14 01:18:37.104   211   211 I vold    : Encrypted to sector 50333184
06-14 01:18:37.104   211   211 I vold    : Encrypting from sector 83886080
06-14 01:18:37.113   211   211 I vold    : Encrypting group 6
06-14 01:18:37.131   211   211 I vold    : Encrypting group 7
06-14 01:18:37.132   211   211 D vold    : Copying 3 blocks at offset 939524096
06-14 01:18:37.133   211   211 I vold    : Encrypted to sector 83887616
06-14 01:18:37.133   211   211 I vold    : Encrypting from sector 117440512
06-14 01:18:37.142   211   211 I vold    : Encrypting group 8
06-14 01:18:37.151   211   211 I vold    : Encrypting group 9
06-14 01:18:37.152   211   211 D vold    : Copying 3 blocks at offset 1207959552
06-14 01:18:37.153   211   211 I vold    : Encrypted to sector 117442048
06-14 01:18:37.153   211   211 I vold    : Encrypting from sector 150994944
06-14 01:18:37.160   211   211 I vold    : Encrypting group 10
06-14 01:18:37.169   211   211 I vold    : Encrypting group 11
06-14 01:18:37.177   211   211 I vold    : Encrypting group 12
06-14 01:18:37.185   211   211 I vold    : Encrypting group 13
06-14 01:18:37.193   211   211 I vold    : Encrypting group 14
06-14 01:18:37.200   211   211 I vold    : Encrypting group 15
06-14 01:18:37.207   211   211 I vold    : Encrypting group 16
06-14 01:18:37.214   211   211 I vold    : Encrypting group 17
06-14 01:18:37.221   211   211 I vold    : Encrypting group 18
06-14 01:18:37.228   211   211 I vold    : Encrypting group 19
06-14 01:18:37.234   211   211 I vold    : Encrypting group 20
06-14 01:18:37.240   211   211 I vold    : Encrypting group 21
06-14 01:18:37.246   211   211 I vold    : Encrypting group 22
06-14 01:18:37.252   211   211 I vold    : Encrypting group 23
06-14 01:18:37.257   211   211 I vold    : Encrypting group 24
06-14 01:18:37.263   211   211 I vold    : Encrypting group 25
06-14 01:18:37.264   211   211 D vold    : Copying 3 blocks at offset 3355443200
06-14 01:18:37.264   211   211 I vold    : Encrypted to sector 150996480
06-14 01:18:37.265   211   211 I vold    : Encrypting from sector 419430400
06-14 01:18:37.269   211   211 I vold    : Encrypting group 26
06-14 01:18:37.275   211   211 I vold    : Encrypting group 27
06-14 01:18:37.275   211   211 D vold    : Copying 3 blocks at offset 3623878656
06-14 01:18:37.276   211   211 I vold    : Encrypted to sector 419431936
06-14 01:18:37.276   211   211 I vold    : Encrypting from sector 452984832
06-14 01:18:37.281   211   211 I vold    : Encrypting group 28
06-14 01:18:37.286   211   211 I vold    : Encrypting group 29
06-14 01:18:37.291   211   211 I vold    : Encrypting group 30
06-14 01:18:37.296   211   211 I vold    : Encrypting group 31
06-14 01:18:37.301   211   211 I vold    : Encrypting group 32
06-14 01:18:37.306   211   211 I vold    : Encrypting group 33
06-14 01:18:37.312   211   211 I vold    : Encrypting group 34
06-14 01:18:37.332   211   211 I vold    : Encrypting group 35
06-14 01:18:37.338   211   211 I vold    : Encrypting group 36
06-14 01:18:37.344   211   211 I vold    : Encrypting group 37
06-14 01:18:37.350   211   211 I vold    : Encrypting group 38
06-14 01:18:37.355   211   211 I vold    : Encrypting group 39
06-14 01:18:37.362   211   211 I vold    : Encrypting group 40
06-14 01:18:37.367   211   211 I vold    : Encrypting group 41
06-14 01:18:37.373   211   211 I vold    : Encrypting group 42
06-14 01:18:37.378   211   211 I vold    : Encrypting group 43
06-14 01:18:37.383   211   211 I vold    : Encrypting group 44
06-14 01:18:37.389   211   211 I vold    : Encrypting group 45
06-14 01:18:37.394   211   211 I vold    : Encrypting group 46
06-14 01:18:37.399   211   211 I vold    : Encrypting group 47
06-14 01:18:37.404   211   211 I vold    : Encrypting group 48
06-14 01:18:37.409   211   211 I vold    : Encrypting group 49
06-14 01:18:37.410   211   211 D vold    : Copying 3 blocks at offset 6576668672
06-14 01:18:37.410   211   211 I vold    : Encrypted to sector 452986368
06-14 01:18:37.410   211   211 I vold    : Encrypting from sector 822083584
06-14 01:18:37.415   211   211 I vold    : Encrypting group 50
06-14 01:18:37.420   211   211 I vold    : Encrypting group 51
06-14 01:18:37.425   211   211 I vold    : Encrypting group 52
06-14 01:18:37.429   211   211 I vold    : Encrypting group 53
06-14 01:18:37.434   211   211 I vold    : Encrypting group 54
06-14 01:18:37.439   211   211 I vold    : Encrypting group 55
06-14 01:18:37.444   211   211 I vold    : Encrypting group 56
06-14 01:18:37.449   211   211 I vold    : Encrypting group 57
06-14 01:18:37.454   211   211 I vold    : Encrypting group 58
06-14 01:18:37.459   211   211 I vold    : Encrypting group 59
06-14 01:18:37.463   211   211 I vold    : Encrypting group 60
06-14 01:18:37.469   211   211 I vold    : Encrypting group 61
06-14 01:18:37.473   211   211 I vold    : Encrypting group 62
06-14 01:18:37.478   211   211 I vold    : Encrypting group 63
06-14 01:18:37.484   211   211 I vold    : Encrypting group 64
06-14 01:18:37.488   211   211 I vold    : Encrypting group 65
06-14 01:18:37.506   211   211 I vold    : Encrypting group 66
06-14 01:18:37.511   211   211 I vold    : Encrypting group 67
06-14 01:18:37.516   211   211 I vold    : Encrypting group 68
06-14 01:18:37.521   211   211 I vold    : Encrypting group 69
06-14 01:18:37.526   211   211 I vold    : Encrypting group 70
06-14 01:18:37.531   211   211 I vold    : Encrypting group 71
06-14 01:18:37.536   211   211 I vold    : Encrypting group 72
06-14 01:18:37.541   211   211 I vold    : Encrypting group 73
06-14 01:18:37.545   211   211 I vold    : Encrypting group 74
06-14 01:18:37.550   211   211 I vold    : Encrypting group 75
06-14 01:18:37.556   211   211 I vold    : Encrypting group 76
06-14 01:18:37.560   211   211 I vold    : Encrypting group 77
06-14 01:18:37.565   211   211 I vold    : Encrypting group 78
06-14 01:18:37.570   211   211 I vold    : Encrypting group 79
06-14 01:18:37.575   211   211 I vold    : Encrypting group 80
06-14 01:18:37.580   211   211 I vold    : Encrypting group 81
06-14 01:18:37.580   211   211 D vold    : Copying 3 blocks at offset 10871635968
06-14 01:18:37.581   211   211 I vold    : Encrypted to sector 822085120
06-14 01:18:37.581   211   211 I vold    : Encrypting from sector 1358954496
06-14 01:18:37.585   211   211 I vold    : Encrypting group 82
06-14 01:18:37.586   211   211 D vold    : Copying 8 blocks at offset 11005853696
06-14 01:18:37.587   211   211 I vold    : Encrypted to sector 1358956032
06-14 01:18:37.587   211   211 I vold    : Encrypting from sector 1375731712
06-14 01:18:37.587   211   211 D vold    : Copying 8 blocks at offset 11005886464
06-14 01:18:37.588   211   211 D vold    : Copying 8 blocks at offset 11005919232
06-14 01:18:37.589   211   211 D vold    : Copying 8 blocks at offset 11005952000
06-14 01:18:37.589   211   211 D vold    : Copying 8 blocks at offset 11005984768
06-14 01:18:37.589   211   211 D vold    : Copying 8 blocks at offset 11006017536
06-14 01:18:37.589   211   211 D vold    : Copying 8 blocks at offset 11006050304
06-14 01:18:37.590   211   211 D vold    : Copying 8 blocks at offset 11006083072
06-14 01:18:37.590   211   211 D vold    : Copying 8 blocks at offset 11006115840
06-14 01:18:37.590   211   211 D vold    : Copying 8 blocks at offset 11006148608
06-14 01:18:37.590   211   211 D vold    : Copying 8 blocks at offset 11006181376
06-14 01:18:37.591   211   211 D vold    : Copying 8 blocks at offset 11006214144
06-14 01:18:37.591   211   211 D vold    : Copying 8 blocks at offset 11006246912
06-14 01:18:37.591   211   211 D vold    : Copying 8 blocks at offset 11006279680
06-14 01:18:37.591   211   211 D vold    : Copying 8 blocks at offset 11006312448
06-14 01:18:37.592   211   211 D vold    : Copying 8 blocks at offset 11006345216
06-14 01:18:37.592   211   211 D vold    : Copying 8 blocks at offset 11006377984
06-14 01:18:37.592   211   211 D vold    : Copying 8 blocks at offset 11006410752
06-14 01:18:37.592   211   211 D vold    : Copying 8 blocks at offset 11006443520
06-14 01:18:37.593   211   211 D vold    : Copying 8 blocks at offset 11006476288
06-14 01:18:37.593   211   211 D vold    : Copying 8 blocks at offset 11006509056
06-14 01:18:37.593   211   211 D vold    : Copying 8 blocks at offset 11006541824
06-14 01:18:37.593   211   211 D vold    : Copying 8 blocks at offset 11006574592
06-14 01:18:37.594   211   211 D vold    : Copying 8 blocks at offset 11006607360
06-14 01:18:37.594   211   211 D vold    : Copying 8 blocks at offset 11006640128
06-14 01:18:37.594   211   211 D vold    : Copying 8 blocks at offset 11006672896
06-14 01:18:37.594   211   211 D vold    : Copying 8 blocks at offset 11006705664
06-14 01:18:37.595   211   211 D vold    : Copying 8 blocks at offset 11006738432
06-14 01:18:37.595   211   211 D vold    : Copying 8 blocks at offset 11006771200
06-14 01:18:37.595   211   211 D vold    : Copying 8 blocks at offset 11006803968
06-14 01:18:37.595   211   211 D vold    : Copying 8 blocks at offset 11006836736
06-14 01:18:37.612   211   211 D vold    : Copying 8 blocks at offset 11006869504
06-14 01:18:37.613   211   211 D vold    : Copying 8 blocks at offset 11006902272
06-14 01:18:37.613   211   211 D vold    : Copying 8 blocks at offset 11006935040
06-14 01:18:37.613   211   211 D vold    : Copying 8 blocks at offset 11006967808
06-14 01:18:37.613   211   211 D vold    : Copying 8 blocks at offset 11007000576
06-14 01:18:37.614   211   211 D vold    : Copying 8 blocks at offset 11007033344
06-14 01:18:37.614   211   211 D vold    : Copying 8 blocks at offset 11007066112
06-14 01:18:37.614   211   211 D vold    : Copying 8 blocks at offset 11007098880
06-14 01:18:37.614   211   211 D vold    : Copying 8 blocks at offset 11007131648
06-14 01:18:37.615   211   211 D vold    : Copying 8 blocks at offset 11007164416
06-14 01:18:37.615   211   211 D vold    : Copying 8 blocks at offset 11007197184
06-14 01:18:37.615   211   211 D vold    : Copying 8 blocks at offset 11007229952
06-14 01:18:37.615   211   211 D vold    : Copying 8 blocks at offset 11007262720
06-14 01:18:37.616   211   211 D vold    : Copying 8 blocks at offset 11007295488
06-14 01:18:37.616   211   211 D vold    : Copying 8 blocks at offset 11007328256
06-14 01:18:37.616   211   211 D vold    : Copying 8 blocks at offset 11007361024
06-14 01:18:37.616   211   211 D vold    : Copying 8 blocks at offset 11007393792
06-14 01:18:37.617   211   211 D vold    : Copying 8 blocks at offset 11007426560
06-14 01:18:37.617   211   211 D vold    : Copying 8 blocks at offset 11007459328
06-14 01:18:37.617   211   211 D vold    : Copying 8 blocks at offset 11007492096
06-14 01:18:37.617   211   211 D vold    : Copying 8 blocks at offset 11007524864
06-14 01:18:37.618   211   211 D vold    : Copying 8 blocks at offset 11007557632
06-14 01:18:37.618   211   211 D vold    : Copying 8 blocks at offset 11007590400
06-14 01:18:37.618   211   211 D vold    : Copying 8 blocks at offset 11007623168
06-14 01:18:37.618   211   211 D vold    : Copying 8 blocks at offset 11007655936
06-14 01:18:37.619   211   211 D vold    : Copying 8 blocks at offset 11007688704
06-14 01:18:37.619   211   211 D vold    : Copying 8 blocks at offset 11007721472
06-14 01:18:37.619   211   211 D vold    : Copying 8 blocks at offset 11007754240
06-14 01:18:37.619   211   211 D vold    : Copying 8 blocks at offset 11007787008
06-14 01:18:37.620   211   211 D vold    : Copying 8 blocks at offset 11007819776
06-14 01:18:37.620   211   211 D vold    : Copying 8 blocks at offset 11007852544
06-14 01:18:37.620   211   211 D vold    : Copying 8 blocks at offset 11007885312
06-14 01:18:37.640   211   211 D vold    : Copying 8 blocks at offset 11007918080
06-14 01:18:37.640   211   211 D vold    : Copying 8 blocks at offset 11007950848
06-14 01:18:37.640   211   211 D vold    : Copying 8 blocks at offset 11007983616
06-14 01:18:37.640   211   211 D vold    : Copying 8 blocks at offset 11008016384
06-14 01:18:37.641   211   211 D vold    : Copying 8 blocks at offset 11008049152
06-14 01:18:37.641   211   211 D vold    : Copying 8 blocks at offset 11008081920
06-14 01:18:37.642   211   211 D vold    : Copying 8 blocks at offset 11008114688
06-14 01:18:37.642   211   211 D vold    : Copying 8 blocks at offset 11008147456
06-14 01:18:37.642   211   211 D vold    : Copying 8 blocks at offset 11008180224
06-14 01:18:37.643   211   211 D vold    : Copying 8 blocks at offset 11008212992
06-14 01:18:37.643   211   211 D vold    : Copying 8 blocks at offset 11008245760
06-14 01:18:37.643   211   211 D vold    : Copying 8 blocks at offset 11008278528
06-14 01:18:37.645   211   211 D vold    : Copying 8 blocks at offset 11008311296
06-14 01:18:37.646   211   211 D vold    : Copying 8 blocks at offset 11008344064
06-14 01:18:37.646   211   211 D vold    : Copying 8 blocks at offset 11008376832
06-14 01:18:37.646   211   211 D vold    : Copying 8 blocks at offset 11008409600
06-14 01:18:37.647   211   211 D vold    : Copying 8 blocks at offset 11008442368
06-14 01:18:37.647   211   211 D vold    : Copying 8 blocks at offset 11008475136
06-14 01:18:37.647   211   211 D vold    : Copying 8 blocks at offset 11008507904
06-14 01:18:37.647   211   211 D vold    : Copying 8 blocks at offset 11008540672
06-14 01:18:37.648   211   211 D vold    : Copying 8 blocks at offset 11008573440
06-14 01:18:37.648   211   211 D vold    : Copying 8 blocks at offset 11008606208
06-14 01:18:37.648   211   211 D vold    : Copying 8 blocks at offset 11008638976
06-14 01:18:37.648   211   211 D vold    : Copying 8 blocks at offset 11008671744
06-14 01:18:37.649   211   211 D vold    : Copying 8 blocks at offset 11008704512
06-14 01:18:37.649   211   211 D vold    : Copying 8 blocks at offset 11008737280
06-14 01:18:37.649   211   211 D vold    : Copying 8 blocks at offset 11008770048
06-14 01:18:37.649   211   211 D vold    : Copying 8 blocks at offset 11008802816
06-14 01:18:37.650   211   211 D vold    : Copying 8 blocks at offset 11008835584
06-14 01:18:37.650   211   211 D vold    : Copying 8 blocks at offset 11008868352
06-14 01:18:37.650   211   211 D vold    : Copying 8 blocks at offset 11008901120
06-14 01:18:37.650   211   211 D vold    : Copying 8 blocks at offset 11008933888
06-14 01:18:37.651   211   211 D vold    : Copying 8 blocks at offset 11008966656
06-14 01:18:37.651   211   211 D vold    : Copying 8 blocks at offset 11008999424
06-14 01:18:37.651   211   211 D vold    : Copying 8 blocks at offset 11009032192
06-14 01:18:37.652   211   211 D vold    : Copying 8 blocks at offset 11009064960
06-14 01:18:37.669   211   211 D vold    : Copying 8 blocks at offset 11009097728
06-14 01:18:37.669   211   211 D vold    : Copying 8 blocks at offset 11009130496
06-14 01:18:37.670   211   211 D vold    : Copying 8 blocks at offset 11009163264
06-14 01:18:37.670   211   211 D vold    : Copying 8 blocks at offset 11009196032
06-14 01:18:37.670   211   211 D vold    : Copying 8 blocks at offset 11009228800
06-14 01:18:37.671   211   211 D vold    : Copying 8 blocks at offset 11009261568
06-14 01:18:37.671   211   211 D vold    : Copying 8 blocks at offset 11009294336
06-14 01:18:37.671   211   211 D vold    : Copying 8 blocks at offset 11009327104
06-14 01:18:37.672   211   211 D vold    : Copying 8 blocks at offset 11009359872
06-14 01:18:37.672   211   211 D vold    : Copying 8 blocks at offset 11009392640
06-14 01:18:37.672   211   211 D vold    : Copying 8 blocks at offset 11009425408
06-14 01:18:37.672   211   211 D vold    : Copying 8 blocks at offset 11009458176
06-14 01:18:37.673   211   211 D vold    : Copying 8 blocks at offset 11009490944
06-14 01:18:37.673   211   211 D vold    : Copying 8 blocks at offset 11009523712
06-14 01:18:37.673   211   211 D vold    : Copying 8 blocks at offset 11009556480
06-14 01:18:37.674   211   211 D vold    : Copying 8 blocks at offset 11009589248
06-14 01:18:37.674   211   211 D vold    : Copying 8 blocks at offset 11009622016
06-14 01:18:37.674   211   211 D vold    : Copying 8 blocks at offset 11009654784
06-14 01:18:37.675   211   211 D vold    : Copying 8 blocks at offset 11009687552
06-14 01:18:37.675   211   211 D vold    : Copying 8 blocks at offset 11009720320
06-14 01:18:37.676   211   211 D vold    : Copying 8 blocks at offset 11009753088
06-14 01:18:37.676   211   211 D vold    : Copying 8 blocks at offset 11009785856
06-14 01:18:37.676   211   211 D vold    : Copying 8 blocks at offset 11009818624
06-14 01:18:37.676   211   211 D vold    : Copying 8 blocks at offset 11009851392
06-14 01:18:37.677   211   211 D vold    : Copying 8 blocks at offset 11009884160
06-14 01:18:37.677   211   211 D vold    : Copying 8 blocks at offset 11009916928
06-14 01:18:37.677   211   211 D vold    : Copying 8 blocks at offset 11009949696
06-14 01:18:37.678   211   211 D vold    : Copying 8 blocks at offset 11009982464
06-14 01:18:37.678   211   211 D vold    : Copying 8 blocks at offset 11010015232
06-14 01:18:37.678   211   211 D vold    : Copying 8 blocks at offset 11010048000
06-14 01:18:37.679   211   211 D vold    : Copying 8 blocks at offset 11010080768
06-14 01:18:37.679   211   211 D vold    : Copying 8 blocks at offset 11010113536
06-14 01:18:37.697   211   211 D vold    : Copying 8 blocks at offset 11010146304
06-14 01:18:37.698   211   211 D vold    : Copying 8 blocks at offset 11010179072
06-14 01:18:37.698   211   211 D vold    : Copying 8 blocks at offset 11010211840
06-14 01:18:37.699   211   211 D vold    : Copying 8 blocks at offset 11010244608
06-14 01:18:37.699   211   211 D vold    : Copying 8 blocks at offset 11010277376
06-14 01:18:37.700   211   211 D vold    : Copying 8 blocks at offset 11010310144
06-14 01:18:37.700   211   211 D vold    : Copying 8 blocks at offset 11010342912
06-14 01:18:37.700   211   211 D vold    : Copying 8 blocks at offset 11010375680
06-14 01:18:37.701   211   211 D vold    : Copying 8 blocks at offset 11010408448
06-14 01:18:37.701   211   211 D vold    : Copying 8 blocks at offset 11010441216
06-14 01:18:37.701   211   211 D vold    : Copying 8 blocks at offset 11010473984
06-14 01:18:37.701   211   211 D vold    : Copying 8 blocks at offset 11010506752
06-14 01:18:37.702   211   211 D vold    : Copying 8 blocks at offset 11010539520
06-14 01:18:37.702   211   211 D vold    : Copying 8 blocks at offset 11010572288
06-14 01:18:37.702   211   211 D vold    : Copying 8 blocks at offset 11010605056
06-14 01:18:37.703   211   211 D vold    : Copying 8 blocks at offset 11010637824
06-14 01:18:37.703   211   211 D vold    : Copying 8 blocks at offset 11010670592
06-14 01:18:37.703   211   211 D vold    : Copying 8 blocks at offset 11010703360
06-14 01:18:37.704   211   211 D vold    : Copying 8 blocks at offset 11010736128
06-14 01:18:37.704   211   211 D vold    : Copying 8 blocks at offset 11010768896
06-14 01:18:37.705   211   211 D vold    : Copying 8 blocks at offset 11010801664
06-14 01:18:37.705   211   211 D vold    : Copying 8 blocks at offset 11010834432
06-14 01:18:37.705   211   211 D vold    : Copying 8 blocks at offset 11010867200
06-14 01:18:37.705   211   211 D vold    : Copying 8 blocks at offset 11010899968
06-14 01:18:37.706   211   211 D vold    : Copying 8 blocks at offset 11010932736
06-14 01:18:37.706   211   211 D vold    : Copying 8 blocks at offset 11010965504
06-14 01:18:37.706   211   211 D vold    : Copying 8 blocks at offset 11010998272
06-14 01:18:37.707   211   211 D vold    : Copying 8 blocks at offset 11011031040
06-14 01:18:37.707   211   211 D vold    : Copying 8 blocks at offset 11011063808
06-14 01:18:37.707   211   211 D vold    : Copying 8 blocks at offset 11011096576
06-14 01:18:37.708   211   211 D vold    : Copying 8 blocks at offset 11011129344
06-14 01:18:37.708   211   211 D vold    : Copying 8 blocks at offset 11011162112
06-14 01:18:37.728   211   211 D vold    : Copying 8 blocks at offset 11011194880
06-14 01:18:37.729   211   211 D vold    : Copying 8 blocks at offset 11011227648
06-14 01:18:37.729   211   211 D vold    : Copying 8 blocks at offset 11011260416
06-14 01:18:37.730   211   211 D vold    : Copying 8 blocks at offset 11011293184
06-14 01:18:37.730   211   211 D vold    : Copying 8 blocks at offset 11011325952
06-14 01:18:37.730   211   211 D vold    : Copying 8 blocks at offset 11011358720
06-14 01:18:37.731   211   211 D vold    : Copying 8 blocks at offset 11011391488
06-14 01:18:37.731   211   211 D vold    : Copying 8 blocks at offset 11011424256
06-14 01:18:37.732   211   211 D vold    : Copying 8 blocks at offset 11011457024
06-14 01:18:37.732   211   211 D vold    : Copying 8 blocks at offset 11011489792
06-14 01:18:37.732   211   211 D vold    : Copying 8 blocks at offset 11011522560
06-14 01:18:37.732   211   211 D vold    : Copying 8 blocks at offset 11011555328
06-14 01:18:37.733   211   211 D vold    : Copying 8 blocks at offset 11011588096
06-14 01:18:37.733   211   211 D vold    : Copying 8 blocks at offset 11011620864
06-14 01:18:37.734   211   211 D vold    : Copying 8 blocks at offset 11011653632
06-14 01:18:37.734   211   211 D vold    : Copying 8 blocks at offset 11011686400
06-14 01:18:37.735   211   211 D vold    : Copying 8 blocks at offset 11011719168
06-14 01:18:37.735   211   211 D vold    : Copying 8 blocks at offset 11011751936
06-14 01:18:37.735   211   211 D vold    : Copying 8 blocks at offset 11011784704
06-14 01:18:37.735   211   211 D vold    : Copying 8 blocks at offset 11011817472
06-14 01:18:37.736   211   211 D vold    : Copying 8 blocks at offset 11011850240
06-14 01:18:37.736   211   211 D vold    : Copying 8 blocks at offset 11011883008
06-14 01:18:37.736   211   211 D vold    : Copying 8 blocks at offset 11011915776
06-14 01:18:37.737   211   211 D vold    : Copying 8 blocks at offset 11011948544
06-14 01:18:37.737   211   211 D vold    : Copying 8 blocks at offset 11011981312
06-14 01:18:37.738   211   211 D vold    : Copying 8 blocks at offset 11012014080
06-14 01:18:37.738   211   211 D vold    : Copying 8 blocks at offset 11012046848
06-14 01:18:37.738   211   211 D vold    : Copying 8 blocks at offset 11012079616
06-14 01:18:37.739   211   211 D vold    : Copying 8 blocks at offset 11012112384
06-14 01:18:37.739   211   211 D vold    : Copying 8 blocks at offset 11012145152
06-14 01:18:37.739   211   211 D vold    : Copying 8 blocks at offset 11012177920
06-14 01:18:37.740   211   211 D vold    : Copying 8 blocks at offset 11012210688
06-14 01:18:37.757   211   211 D vold    : Copying 8 blocks at offset 11012243456
06-14 01:18:37.757   211   211 D vold    : Copying 8 blocks at offset 11012276224
06-14 01:18:37.758   211   211 D vold    : Copying 8 blocks at offset 11012308992
06-14 01:18:37.758   211   211 D vold    : Copying 8 blocks at offset 11012341760
06-14 01:18:37.759   211   211 D vold    : Copying 8 blocks at offset 11012374528
06-14 01:18:37.759   211   211 D vold    : Copying 8 blocks at offset 11012407296
06-14 01:18:37.759   211   211 D vold    : Copying 8 blocks at offset 11012440064
06-14 01:18:37.760   211   211 D vold    : Copying 8 blocks at offset 11012472832
06-14 01:18:37.760   211   211 D vold    : Copying 8 blocks at offset 11012505600
06-14 01:18:37.761   211   211 D vold    : Copying 8 blocks at offset 11012538368
06-14 01:18:37.761   211   211 D vold    : Copying 8 blocks at offset 11012571136
06-14 01:18:37.761   211   211 D vold    : Copying 8 blocks at offset 11012603904
06-14 01:18:37.762   211   211 D vold    : Copying 8 blocks at offset 11012636672
06-14 01:18:37.762   211   211 D vold    : Copying 8 blocks at offset 11012669440
06-14 01:18:37.763   211   211 D vold    : Copying 8 blocks at offset 11012702208
06-14 01:18:37.763   211   211 D vold    : Copying 8 blocks at offset 11012734976
06-14 01:18:37.763   211   211 D vold    : Copying 8 blocks at offset 11012767744
06-14 01:18:37.764   211   211 D vold    : Copying 8 blocks at offset 11012800512
06-14 01:18:37.764   211   211 D vold    : Copying 8 blocks at offset 11012833280
06-14 01:18:37.764   211   211 D vold    : Copying 8 blocks at offset 11012866048
06-14 01:18:37.765   211   211 D vold    : Copying 8 blocks at offset 11012898816
06-14 01:18:37.765   211   211 D vold    : Copying 8 blocks at offset 11012931584
06-14 01:18:37.766   211   211 D vold    : Copying 8 blocks at offset 11012964352
06-14 01:18:37.766   211   211 D vold    : Copying 8 blocks at offset 11012997120
06-14 01:18:37.766   211   211 D vold    : Copying 8 blocks at offset 11013029888
06-14 01:18:37.767   211   211 D vold    : Copying 8 blocks at offset 11013062656
06-14 01:18:37.767   211   211 D vold    : Copying 8 blocks at offset 11013095424
06-14 01:18:37.767   211   211 D vold    : Copying 8 blocks at offset 11013128192
06-14 01:18:37.768   211   211 D vold    : Copying 8 blocks at offset 11013160960
06-14 01:18:37.768   211   211 D vold    : Copying 8 blocks at offset 11013193728
06-14 01:18:37.769   211   211 D vold    : Copying 8 blocks at offset 11013226496
06-14 01:18:37.769   211   211 D vold    : Copying 8 blocks at offset 11013259264
06-14 01:18:37.787   211   211 D vold    : Copying 8 blocks at offset 11013292032
06-14 01:18:37.787   211   211 D vold    : Copying 8 blocks at offset 11013324800
06-14 01:18:37.787   211   211 D vold    : Copying 8 blocks at offset 11013357568
06-14 01:18:37.788   211   211 D vold    : Copying 8 blocks at offset 11013390336
06-14 01:18:37.788   211   211 D vold    : Copying 8 blocks at offset 11013423104
06-14 01:18:37.789   211   211 D vold    : Copying 8 blocks at offset 11013455872
06-14 01:18:37.789   211   211 D vold    : Copying 8 blocks at offset 11013488640
06-14 01:18:37.789   211   211 D vold    : Copying 8 blocks at offset 11013521408
06-14 01:18:37.790   211   211 D vold    : Copying 8 blocks at offset 11013554176
06-14 01:18:37.790   211   211 D vold    : Copying 8 blocks at offset 11013586944
06-14 01:18:37.791   211   211 D vold    : Copying 8 blocks at offset 11013619712
06-14 01:18:37.791   211   211 D vold    : Copying 8 blocks at offset 11013652480
06-14 01:18:37.792   211   211 D vold    : Copying 8 blocks at offset 11013685248
06-14 01:18:37.792   211   211 D vold    : Copying 8 blocks at offset 11013718016
06-14 01:18:37.792   211   211 D vold    : Copying 8 blocks at offset 11013750784
06-14 01:18:37.793   211   211 D vold    : Copying 8 blocks at offset 11013783552
06-14 01:18:37.793   211   211 D vold    : Copying 8 blocks at offset 11013816320
06-14 01:18:37.794   211   211 D vold    : Copying 8 blocks at offset 11013849088
06-14 01:18:37.794   211   211 D vold    : Copying 8 blocks at offset 11013881856
06-14 01:18:37.794   211   211 D vold    : Copying 8 blocks at offset 11013914624
06-14 01:18:37.795   211   211 D vold    : Copying 8 blocks at offset 11013947392
06-14 01:18:37.795   211   211 D vold    : Copying 8 blocks at offset 11013980160
06-14 01:18:37.796   211   211 D vold    : Copying 8 blocks at offset 11014012928
06-14 01:18:37.796   211   211 D vold    : Copying 8 blocks at offset 11014045696
06-14 01:18:37.797   211   211 D vold    : Copying 8 blocks at offset 11014078464
06-14 01:18:37.797   211   211 D vold    : Copying 8 blocks at offset 11014111232
06-14 01:18:37.797   211   211 D vold    : Copying 8 blocks at offset 11014144000
06-14 01:18:37.798   211   211 D vold    : Copying 8 blocks at offset 11014176768
06-14 01:18:37.799   211   211 D vold    : Copying 8 blocks at offset 11014209536
06-14 01:18:37.799   211   211 D vold    : Copying 8 blocks at offset 11014242304
06-14 01:18:37.799   211   211 D vold    : Copying 8 blocks at offset 11014275072
06-14 01:18:37.799   211   211 D vold    : Copying 8 blocks at offset 11014307840
06-14 01:18:37.819   211   211 D vold    : Copying 8 blocks at offset 11014340608
06-14 01:18:37.819   211   211 D vold    : Copying 8 blocks at offset 11014373376
06-14 01:18:37.820   211   211 D vold    : Copying 8 blocks at offset 11014406144
06-14 01:18:37.820   211   211 D vold    : Copying 8 blocks at offset 11014438912
06-14 01:18:37.821   211   211 D vold    : Copying 8 blocks at offset 11014471680
06-14 01:18:37.821   211   211 D vold    : Copying 8 blocks at offset 11014504448
06-14 01:18:37.821   211   211 D vold    : Copying 8 blocks at offset 11014537216
06-14 01:18:37.822   211   211 D vold    : Copying 8 blocks at offset 11014569984
06-14 01:18:37.823   211   211 D vold    : Copying 8 blocks at offset 11014602752
06-14 01:18:37.823   211   211 D vold    : Copying 8 blocks at offset 11014635520
06-14 01:18:37.823   211   211 D vold    : Copying 8 blocks at offset 11014668288
06-14 01:18:37.824   211   211 D vold    : Copying 8 blocks at offset 11014701056
06-14 01:18:37.824   211   211 D vold    : Copying 8 blocks at offset 11014733824
06-14 01:18:37.825   211   211 D vold    : Copying 8 blocks at offset 11014766592
06-14 01:18:37.825   211   211 D vold    : Copying 8 blocks at offset 11014799360
06-14 01:18:37.825   211   211 D vold    : Copying 8 blocks at offset 11014832128
06-14 01:18:37.826   211   211 D vold    : Copying 8 blocks at offset 11014864896
06-14 01:18:37.826   211   211 D vold    : Copying 8 blocks at offset 11014897664
06-14 01:18:37.827   211   211 D vold    : Copying 8 blocks at offset 11014930432
06-14 01:18:37.827   211   211 D vold    : Copying 8 blocks at offset 11014963200
06-14 01:18:37.828   211   211 D vold    : Copying 8 blocks at offset 11014995968
06-14 01:18:37.828   211   211 D vold    : Copying 8 blocks at offset 11015028736
06-14 01:18:37.828   211   211 D vold    : Copying 8 blocks at offset 11015061504
06-14 01:18:37.829   211   211 D vold    : Copying 8 blocks at offset 11015094272
06-14 01:18:37.829   211   211 D vold    : Copying 8 blocks at offset 11015127040
06-14 01:18:37.830   211   211 D vold    : Copying 8 blocks at offset 11015159808
06-14 01:18:37.830   211   211 D vold    : Copying 8 blocks at offset 11015192576
06-14 01:18:37.830   211   211 D vold    : Copying 8 blocks at offset 11015225344
06-14 01:18:37.831   211   211 D vold    : Copying 8 blocks at offset 11015258112
06-14 01:18:37.831   211   211 D vold    : Copying 8 blocks at offset 11015290880
06-14 01:18:37.832   211   211 D vold    : Copying 8 blocks at offset 11015323648
06-14 01:18:37.832   211   211 D vold    : Copying 8 blocks at offset 11015356416
06-14 01:18:37.849   211   211 D vold    : Copying 8 blocks at offset 11015389184
06-14 01:18:37.849   211   211 D vold    : Copying 8 blocks at offset 11015421952
06-14 01:18:37.850   211   211 D vold    : Copying 8 blocks at offset 11015454720
06-14 01:18:37.850   211   211 D vold    : Copying 8 blocks at offset 11015487488
06-14 01:18:37.851   211   211 D vold    : Copying 8 blocks at offset 11015520256
06-14 01:18:37.851   211   211 D vold    : Copying 8 blocks at offset 11015553024
06-14 01:18:37.852   211   211 D vold    : Copying 8 blocks at offset 11015585792
06-14 01:18:37.852   211   211 D vold    : Copying 8 blocks at offset 11015618560
06-14 01:18:37.853   211   211 D vold    : Copying 8 blocks at offset 11015651328
06-14 01:18:37.853   211   211 D vold    : Copying 8 blocks at offset 11015684096
06-14 01:18:37.853   211   211 D vold    : Copying 8 blocks at offset 11015716864
06-14 01:18:37.854   211   211 D vold    : Copying 8 blocks at offset 11015749632
06-14 01:18:37.855   211   211 D vold    : Copying 8 blocks at offset 11015782400
06-14 01:18:37.855   211   211 D vold    : Copying 8 blocks at offset 11015815168
06-14 01:18:37.855   211   211 D vold    : Copying 8 blocks at offset 11015847936
06-14 01:18:37.856   211   211 D vold    : Copying 8 blocks at offset 11015880704
06-14 01:18:37.856   211   211 D vold    : Copying 8 blocks at offset 11015913472
06-14 01:18:37.857   211   211 D vold    : Copying 8 blocks at offset 11015946240
06-14 01:18:37.857   211   211 D vold    : Copying 8 blocks at offset 11015979008
06-14 01:18:37.857   211   211 D vold    : Copying 8 blocks at offset 11016011776
06-14 01:18:37.858   211   211 D vold    : Copying 8 blocks at offset 11016044544
06-14 01:18:37.859   211   211 D vold    : Copying 8 blocks at offset 11016077312
06-14 01:18:37.859   211   211 D vold    : Copying 8 blocks at offset 11016110080
06-14 01:18:37.859   211   211 D vold    : Copying 8 blocks at offset 11016142848
06-14 01:18:37.860   211   211 D vold    : Copying 8 blocks at offset 11016175616
06-14 01:18:37.860   211   211 D vold    : Copying 8 blocks at offset 11016208384
06-14 01:18:37.861   211   211 D vold    : Copying 8 blocks at offset 11016241152
06-14 01:18:37.861   211   211 D vold    : Copying 8 blocks at offset 11016273920
06-14 01:18:37.862   211   211 D vold    : Copying 8 blocks at offset 11016306688
06-14 01:18:37.862   211   211 D vold    : Copying 8 blocks at offset 11016339456
06-14 01:18:37.863   211   211 D vold    : Copying 8 blocks at offset 11016372224
06-14 01:18:37.863   211   211 D vold    : Copying 8 blocks at offset 11016404992
06-14 01:18:37.880   211   211 D vold    : Copying 8 blocks at offset 11016437760
06-14 01:18:37.881   211   211 D vold    : Copying 8 blocks at offset 11016470528
06-14 01:18:37.881   211   211 D vold    : Copying 8 blocks at offset 11016503296
06-14 01:18:37.882   211   211 D vold    : Copying 8 blocks at offset 11016536064
06-14 01:18:37.883   211   211 D vold    : Copying 8 blocks at offset 11016568832
06-14 01:18:37.883   211   211 D vold    : Copying 8 blocks at offset 11016601600
06-14 01:18:37.884   211   211 D vold    : Copying 8 blocks at offset 11016634368
06-14 01:18:37.884   211   211 D vold    : Copying 8 blocks at offset 11016667136
06-14 01:18:37.885   211   211 D vold    : Copying 8 blocks at offset 11016699904
06-14 01:18:37.885   211   211 D vold    : Copying 8 blocks at offset 11016732672
06-14 01:18:37.886   211   211 D vold    : Copying 8 blocks at offset 11016765440
06-14 01:18:37.886   211   211 D vold    : Copying 8 blocks at offset 11016798208
06-14 01:18:37.887   211   211 D vold    : Copying 8 blocks at offset 11016830976
06-14 01:18:37.887   211   211 D vold    : Copying 8 blocks at offset 11016863744
06-14 01:18:37.888   211   211 D vold    : Copying 8 blocks at offset 11016896512
06-14 01:18:37.888   211   211 D vold    : Copying 8 blocks at offset 11016929280
06-14 01:18:37.889   211   211 D vold    : Copying 8 blocks at offset 11016962048
06-14 01:18:37.889   211   211 D vold    : Copying 8 blocks at offset 11016994816
06-14 01:18:37.890   211   211 D vold    : Copying 8 blocks at offset 11017027584
06-14 01:18:37.890   211   211 D vold    : Copying 8 blocks at offset 11017060352
06-14 01:18:37.891   211   211 D vold    : Copying 8 blocks at offset 11017093120
06-14 01:18:37.891   211   211 D vold    : Copying 8 blocks at offset 11017125888
06-14 01:18:37.892   211   211 D vold    : Copying 8 blocks at offset 11017158656
06-14 01:18:37.892   211   211 D vold    : Copying 8 blocks at offset 11017191424
06-14 01:18:37.893   211   211 D vold    : Copying 8 blocks at offset 11017224192
06-14 01:18:37.893   211   211 D vold    : Copying 8 blocks at offset 11017256960
06-14 01:18:37.894   211   211 D vold    : Copying 8 blocks at offset 11017289728
06-14 01:18:37.894   211   211 D vold    : Copying 8 blocks at offset 11017322496
06-14 01:18:37.895   211   211 D vold    : Copying 8 blocks at offset 11017355264
06-14 01:18:37.896   211   211 D vold    : Copying 8 blocks at offset 11017388032
06-14 01:18:37.896   211   211 D vold    : Copying 8 blocks at offset 11017420800
06-14 01:18:37.896   211   211 D vold    : Copying 8 blocks at offset 11017453568
06-14 01:18:37.915   211   211 D vold    : Copying 8 blocks at offset 11017486336
06-14 01:18:37.916   211   211 D vold    : Copying 8 blocks at offset 11017519104
06-14 01:18:37.916   211   211 D vold    : Copying 8 blocks at offset 11017551872
06-14 01:18:37.917   211   211 D vold    : Copying 8 blocks at offset 11017584640
06-14 01:18:37.917   211   211 D vold    : Copying 8 blocks at offset 11017617408
06-14 01:18:37.918   211   211 D vold    : Copying 8 blocks at offset 11017650176
06-14 01:18:37.918   211   211 D vold    : Copying 8 blocks at offset 11017682944
