06-14 01:18:39.382   211   211 D vold    : Copying 8 blocks at offset 11137449984
06-14 01:18:39.382   211   211 D vold    : Copying 8 blocks at offset 11137482752
06-14 01:18:39.382   211   211 D vold    : Copying 8 blocks at offset 11137515520
06-14 01:18:39.383   211   211 D vold    : Copying 8 blocks at offset 11137548288
06-14 01:18:39.383   211   211 D vold    : Copying 8 blocks at offset 11137581056
06-14 01:18:39.383   211   211 D vold    : Copying 8 blocks at offset 11137613824
06-14 01:18:39.383   211   211 D vold    : Copying 8 blocks at offset 11137646592
06-14 01:18:39.384   211   211 D vold    : Copying 8 blocks at offset 11137679360
06-14 01:18:39.384   211   211 D vold    : Copying 8 blocks at offset 11137712128
06-14 01:18:39.384   211   211 D vold    : Copying 8 blocks at offset 11137744896
06-14 01:18:39.384   211   211 D vold    : Copying 8 blocks at offset 11137777664
06-14 01:18:39.385   211   211 D vold    : Copying 8 blocks at offset 11137810432
06-14 01:18:39.385   211   211 D vold    : Copying 8 blocks at offset 11137843200
06-14 01:18:39.385   211   211 D vold    : Copying 8 blocks at offset 11137875968
06-14 01:18:39.385   211   211 D vold    : Copying 8 blocks at offset 11137908736
06-14 01:18:39.386   211   211 D vold    : Copying 8 blocks at offset 11137941504
06-14 01:18:39.386   211   211 D vold    : Copying 8 blocks at offset 11137974272
06-14 01:18:39.386   211   211 D vold    : Copying 8 blocks at offset 11138007040
06-14 01:18:39.386   211   211 D vold    : Copying 8 blocks at offset 11138039808
06-14 01:18:39.387   211   211 D vold    : Copying 8 blocks at offset 11138072576
06-14 01:18:39.387   211   211 D vold    : Copying 8 blocks at offset 11138105344
06-14 01:18:39.387   211   211 D vold    : Copying 8 blocks at offset 11138138112
06-14 01:18:39.387   211   211 D vold    : Copying 8 blocks at offset 11138170880
06-14 01:18:39.388   211   211 D vold    : Copying 8 blocks at offset 11138203648
06-14 01:18:39.388   211   211 D vold    : Copying 8 blocks at offset 11138236416
06-14 01:18:39.388   211   211 D vold    : Copying 8 blocks at offset 11138269184
06-14 01:18:39.389   211   211 D vold    : Copying 8 blocks at offset 11138301952
06-14 01:18:39.389   211   211 D vold    : Copying 8 blocks at offset 11138334720
06-14 01:18:39.389   211   211 D vold    : Copying 8 blocks at offset 11138367488
06-14 01:18:39.390   211   211 D vold    : Copying 8 blocks at offset 11138400256
06-14 01:18:39.390   211   211 D vold    : Copying 8 blocks at offset 11138433024
06-14 01:18:39.390   211   211 D vold    : Copying 8 blocks at offset 11138465792
06-14 01:18:39.390   211   211 D vold    : Copying 8 blocks at offset 11138498560
06-14 01:18:39.391   211   211 D vold    : Copying 8 blocks at offset 11138531328
06-14 01:18:39.391   211   211 D vold    : Copying 8 blocks at offset 11138564096
06-14 01:18:39.391   211   211 D vold    : Copying 8 blocks at offset 11138596864
06-14 01:18:39.392   211   211 D vold    : Copying 8 blocks at offset 11138629632
06-14 01:18:39.392   211   211 D vold    : Copying 8 blocks at offset 11138662400
06-14 01:18:39.392   211   211 D vold    : Copying 8 blocks at offset 11138695168
06-14 01:18:39.392   211   211 D vold    : Copying 8 blocks at offset 11138727936
06-14 01:18:39.393   211   211 D vold    : Copying 8 blocks at offset 11138760704
06-14 01:18:39.393   211   211 D vold    : Copying 8 blocks at offset 11138793472
06-14 01:18:39.393   211   211 D vold    : Copying 8 blocks at offset 11138826240
06-14 01:18:39.394   211   211 D vold    : Copying 8 blocks at offset 11138859008
06-14 01:18:39.394   211   211 D vold    : Copying 8 blocks at offset 11138891776
06-14 01:18:39.394   211   211 D vold    : Copying 8 blocks at offset 11138924544
06-14 01:18:39.394   211   211 D vold    : Copying 8 blocks at offset 11138957312
06-14 01:18:39.395   211   211 D vold    : Copying 8 blocks at offset 11138990080
06-14 01:18:39.395   211   211 D vold    : Copying 8 blocks at offset 11139022848
06-14 01:18:39.395   211   211 D vold    : Copying 8 blocks at offset 11139055616
06-14 01:18:39.395   211   211 D vold    : Copying 8 blocks at offset 11139088384
06-14 01:18:39.396   211   211 D vold    : Copying 8 blocks at offset 11139121152
06-14 01:18:39.396   211   211 D vold    : Copying 8 blocks at offset 11139153920
06-14 01:18:39.396   211   211 D vold    : Copying 8 blocks at offset 11139186688
06-14 01:18:39.396   211   211 D vold    : Copying 8 blocks at offset 11139219456
06-14 01:18:39.397   211   211 D vold    : Copying 8 blocks at offset 11139252224
06-14 01:18:39.397   211   211 D vold    : Copying 8 blocks at offset 11139284992
06-14 01:18:39.397   211   211 D vold    : Copying 8 blocks at offset 11139317760
06-14 01:18:39.397   211   211 D vold    : Copying 8 blocks at offset 11139350528
06-14 01:18:39.398   211   211 D vold    : Copying 8 blocks at offset 11139383296
06-14 01:18:39.398   211   211 D vold    : Copying 8 blocks at offset 11139416064
06-14 01:18:39.398   211   211 D vold    : Copying 8 blocks at offset 11139448832
06-14 01:18:39.399   211   211 D vold    : Copying 8 blocks at offset 11139481600
06-14 01:18:39.399   211   211 D vold    : Copying 8 blocks at offset 11139514368
06-14 01:18:39.399   211   211 D vold    : Copying 8 blocks at offset 11139547136
06-14 01:18:39.399   211   211 D vold    : Copying 8 blocks at offset 11139579904
06-14 01:18:39.400   211   211 D vold    : Copying 8 blocks at offset 11139612672
06-14 01:18:39.400   211   211 D vold    : Copying 8 blocks at offset 11139645440
06-14 01:18:39.400   211   211 D vold    : Copying 8 blocks at offset 11139678208
06-14 01:18:39.401   211   211 D vold    : Copying 8 blocks at offset 11139710976
06-14 01:18:39.401   211   211 D vold    : Copying 8 blocks at offset 11139743744
06-14 01:18:39.401   211   211 D vold    : Copying 8 blocks at offset 11139776512
06-14 01:18:39.401   211   211 D vold    : Copying 8 blocks at offset 11139809280
06-14 01:18:39.402   211   211 D vold    : Copying 8 blocks at offset 11139842048
06-14 01:18:39.402   211   211 D vold    : Copying 8 blocks at offset 11139874816
06-14 01:18:39.402   211   211 D vold    : Copying 8 blocks at offset 11139907584
06-14 01:18:39.403   211   211 D vold    : Copying 8 blocks at offset 11139940352
06-14 01:18:39.403   211   211 D vold    : Copying 8 blocks at offset 11139973120
06-14 01:18:39.403   211   211 D vold    : Copying 8 blocks at offset 11140005888
06-14 01:18:39.404   211   211 D vold    : Copying 8 blocks at offset 11140038656
06-14 01:18:39.404   211   211 I vold    : Encrypting group 83
06-14 01:18:39.404   211   211 D vold    : Copying 8 blocks at offset 11140071424
06-14 01:18:39.404   211   211 D vold    : Copying 8 blocks at offset 11140104192
06-14 01:18:39.404   211   211 D vold    : Copying 8 blocks at offset 11140136960
06-14 01:18:39.405   211   211 D vold    : Copying 8 blocks at offset 11140169728
06-14 01:18:39.405   211   211 D vold    : Copying 8 blocks at offset 11140202496
06-14 01:18:39.405   211   211 D vold    : Copying 8 blocks at offset 11140235264
06-14 01:18:39.405   211   211 D vold    : Copying 8 blocks at offset 11140268032
06-14 01:18:39.406   211   211 D vold    : Copying 8 blocks at offset 11140300800
06-14 01:18:39.406   211   211 D vold    : Copying 8 blocks at offset 11140333568
06-14 01:18:39.406   211   211 D vold    : Copying 8 blocks at offset 11140366336
06-14 01:18:39.406   211   211 D vold    : Copying 8 blocks at offset 11140399104
06-14 01:18:39.407   211   211 D vold    : Copying 8 blocks at offset 11140431872
06-14 01:18:39.407   211   211 D vold    : Copying 8 blocks at offset 11140464640
06-14 01:18:39.407   211   211 D vold    : Copying 8 blocks at offset 11140497408
06-14 01:18:39.407   211   211 D vold    : Copying 8 blocks at offset 11140530176
06-14 01:18:39.408   211   211 D vold    : Copying 8 blocks at offset 11140562944
06-14 01:18:39.408   211   211 D vold    : Copying 8 blocks at offset 11140595712
06-14 01:18:39.408   211   211 D vold    : Copying 8 blocks at offset 11140628480
06-14 01:18:39.408   211   211 D vold    : Copying 8 blocks at offset 11140661248
06-14 01:18:39.409   211   211 D vold    : Copying 8 blocks at offset 11140694016
06-14 01:18:39.409   211   211 D vold    : Copying 8 blocks at offset 11140726784
06-14 01:18:39.409   211   211 D vold    : Copying 8 blocks at offset 11140759552
06-14 01:18:39.409   211   211 D vold    : Copying 8 blocks at offset 11140792320
06-14 01:18:39.410   211   211 D vold    : Copying 8 blocks at offset 11140825088
06-14 01:18:39.410   211   211 D vold    : Copying 8 blocks at offset 11140857856
06-14 01:18:39.410   211   211 D vold    : Copying 8 blocks at offset 11140890624
06-14 01:18:39.410   211   211 D vold    : Copying 8 blocks at offset 11140923392
06-14 01:18:39.411   211   211 D vold    : Copying 8 blocks at offset 11140956160
06-14 01:18:39.411   211   211 D vold    : Copying 8 blocks at offset 11140988928
06-14 01:18:39.411   211   211 D vold    : Copying 8 blocks at offset 11141021696
06-14 01:18:39.411   211   211 D vold    : Copying 8 blocks at offset 11141054464
06-14 01:18:39.412   211   211 D vold    : Copying 8 blocks at offset 11141087232
06-14 01:18:39.412   211   211 D vold    : Copying 8 blocks at offset 11141120000
06-14 01:18:39.412   211   211 D vold    : Copying 8 blocks at offset 11141152768
06-14 01:18:39.412   211   211 D vold    : Copying 8 blocks at offset 11141185536
06-14 01:18:39.413   211   211 D vold    : Copying 8 blocks at offset 11141218304
06-14 01:18:39.413   211   211 D vold    : Copying 8 blocks at offset 11141251072
06-14 01:18:39.413   211   211 D vold    : Copying 8 blocks at offset 11141283840
06-14 01:18:39.413   211   211 D vold    : Copying 8 blocks at offset 11141316608
06-14 01:18:39.414   211   211 D vold    : Copying 8 blocks at offset 11141349376
06-14 01:18:39.414   211   211 D vold    : Copying 8 blocks at offset 11141382144
06-14 01:18:39.414   211   211 D vold    : Copying 8 blocks at offset 11141414912
06-14 01:18:39.414   211   211 D vold    : Copying 8 blocks at offset 11141447680
06-14 01:18:39.415   211   211 D vold    : Copying 8 blocks at offset 11141480448
06-14 01:18:39.415   211   211 D vold    : Copying 8 blocks at offset 11141513216
06-14 01:18:39.415   211   211 D vold    : Copying 8 blocks at offset 11141545984
06-14 01:18:39.415   211   211 D vold    : Copying 8 blocks at offset 11141578752
06-14 01:18:39.416   211   211 D vold    : Copying 8 blocks at offset 11141611520
06-14 01:18:39.416   211   211 D vold    : Copying 8 blocks at offset 11141644288
06-14 01:18:39.416   211   211 D vold    : Copying 8 blocks at offset 11141677056
06-14 01:18:39.416   211   211 D vold    : Copying 8 blocks at offset 11141709824
06-14 01:18:39.417   211   211 D vold    : Copying 8 blocks at offset 11141742592
06-14 01:18:39.417   211   211 D vold    : Copying 8 blocks at offset 11141775360
06-14 01:18:39.417   211   211 D vold    : Copying 8 blocks at offset 11141808128
06-14 01:18:39.417   211   211 D vold    : Copying 8 blocks at offset 11141840896
06-14 01:18:39.418   211   211 D vold    : Copying 8 blocks at offset 11141873664
06-14 01:18:39.418   211   211 D vold    : Copying 8 blocks at offset 11141906432
06-14 01:18:39.418   211   211 D vold    : Copying 8 blocks at offset 11141939200
06-14 01:18:39.418   211   211 D vold    : Copying 8 blocks at offset 11141971968
06-14 01:18:39.419   211   211 D vold    : Copying 8 blocks at offset 11142004736
06-14 01:18:39.419   211   211 D vold    : Copying 8 blocks at offset 11142037504
06-14 01:18:39.419   211   211 D vold    : Copying 8 blocks at offset 11142070272
06-14 01:18:39.419   211   211 D vold    : Copying 8 blocks at offset 11142103040
06-14 01:18:39.420   211   211 D vold    : Copying 8 blocks at offset 11142135808
06-14 01:18:39.420   211   211 D vold    : Copying 8 blocks at offset 11142168576
06-14 01:18:39.420   211   211 D vold    : Copying 8 blocks at offset 11142201344
06-14 01:18:39.420   211   211 D vold    : Copying 8 blocks at offset 11142234112
06-14 01:18:39.421   211   211 D vold    : Copying 8 blocks at offset 11142266880
06-14 01:18:39.421   211   211 D vold    : Copying 8 blocks at offset 11142299648
06-14 01:18:39.421   211   211 D vold    : Copying 8 blocks at offset 11142332416
06-14 01:18:39.422   211   211 D vold    : Copying 8 blocks at offset 11142365184
06-14 01:18:39.422   211   211 D vold    : Copying 8 blocks at offset 11142397952
06-14 01:18:39.422   211   211 D vold    : Copying 8 blocks at offset 11142430720
06-14 01:18:39.423   211   211 D vold    : Copying 8 blocks at offset 11142463488
06-14 01:18:39.423   211   211 D vold    : Copying 8 blocks at offset 11142496256
06-14 01:18:39.423   211   211 D vold    : Copying 8 blocks at offset 11142529024
06-14 01:18:39.424   211   211 D vold    : Copying 8 blocks at offset 11142561792
06-14 01:18:39.424   211   211 D vold    : Copying 8 blocks at offset 11142594560
06-14 01:18:39.424   211   211 D vold    : Copying 8 blocks at offset 11142627328
06-14 01:18:39.425   211   211 D vold    : Copying 8 blocks at offset 11142660096
06-14 01:18:39.425   211   211 D vold    : Copying 8 blocks at offset 11142692864
06-14 01:18:39.425   211   211 D vold    : Copying 8 blocks at offset 11142725632
06-14 01:18:39.425   211   211 D vold    : Copying 8 blocks at offset 11142758400
06-14 01:18:39.426   211   211 D vold    : Copying 8 blocks at offset 11142791168
06-14 01:18:39.426   211   211 D vold    : Copying 8 blocks at offset 11142823936
06-14 01:18:39.426   211   211 D vold    : Copying 8 blocks at offset 11142856704
06-14 01:18:39.426   211   211 D vold    : Copying 8 blocks at offset 11142889472
06-14 01:18:39.427   211   211 D vold    : Copying 8 blocks at offset 11142922240
06-14 01:18:39.427   211   211 D vold    : Copying 8 blocks at offset 11142955008
06-14 01:18:39.427   211   211 D vold    : Copying 8 blocks at offset 11142987776
06-14 01:18:39.427   211   211 D vold    : Copying 8 blocks at offset 11143020544
06-14 01:18:39.428   211   211 D vold    : Copying 8 blocks at offset 11143053312
06-14 01:18:39.428   211   211 D vold    : Copying 8 blocks at offset 11143086080
06-14 01:18:39.428   211   211 D vold    : Copying 8 blocks at offset 11143118848
06-14 01:18:39.428   211   211 D vold    : Copying 8 blocks at offset 11143151616
06-14 01:18:39.429   211   211 D vold    : Copying 8 blocks at offset 11143184384
06-14 01:18:39.429   211   211 D vold    : Copying 8 blocks at offset 11143217152
06-14 01:18:39.429   211   211 D vold    : Copying 8 blocks at offset 11143249920
06-14 01:18:39.429   211   211 D vold    : Copying 8 blocks at offset 11143282688
06-14 01:18:39.430   211   211 D vold    : Copying 8 blocks at offset 11143315456
06-14 01:18:39.430   211   211 D vold    : Copying 8 blocks at offset 11143348224
06-14 01:18:39.430   211   211 D vold    : Copying 8 blocks at offset 11143380992
06-14 01:18:39.431   211   211 D vold    : Copying 8 blocks at offset 11143413760
06-14 01:18:39.431   211   211 D vold    : Copying 8 blocks at offset 11143446528
06-14 01:18:39.431   211   211 D vold    : Copying 8 blocks at offset 11143479296
06-14 01:18:39.432   211   211 D vold    : Copying 8 blocks at offset 11143512064
06-14 01:18:39.432   211   211 D vold    : Copying 8 blocks at offset 11143544832
06-14 01:18:39.432   211   211 D vold    : Copying 8 blocks at offset 11143577600
06-14 01:18:39.432   211   211 D vold    : Copying 8 blocks at offset 11143610368
06-14 01:18:39.433   211   211 D vold    : Copying 8 blocks at offset 11143643136
06-14 01:18:39.433   211   211 D vold    : Copying 8 blocks at offset 11143675904
06-14 01:18:39.433   211   211 D vold    : Copying 8 blocks at offset 11143708672
06-14 01:18:39.434   211   211 D vold    : Copying 8 blocks at offset 11143741440
06-14 01:18:39.434   211   211 D vold    : Copying 8 blocks at offset 11143774208
06-14 01:18:39.434   211   211 D vold    : Copying 8 blocks at offset 11143806976
06-14 01:18:39.434   211   211 D vold    : Copying 8 blocks at offset 11143839744
06-14 01:18:39.435   211   211 D vold    : Copying 8 blocks at offset 11143872512
06-14 01:18:39.435   211   211 D vold    : Copying 8 blocks at offset 11143905280
06-14 01:18:39.435   211   211 D vold    : Copying 8 blocks at offset 11143938048
06-14 01:18:39.436   211   211 D vold    : Copying 8 blocks at offset 11143970816
06-14 01:18:39.436   211   211 D vold    : Copying 8 blocks at offset 11144003584
06-14 01:18:39.436   211   211 D vold    : Copying 8 blocks at offset 11144036352
06-14 01:18:39.436   211   211 D vold    : Copying 8 blocks at offset 11144069120
06-14 01:18:39.437   211   211 D vold    : Copying 8 blocks at offset 11144101888
06-14 01:18:39.437   211   211 D vold    : Copying 8 blocks at offset 11144134656
06-14 01:18:39.437   211   211 D vold    : Copying 8 blocks at offset 11144167424
06-14 01:18:39.437   211   211 D vold    : Copying 8 blocks at offset 11144200192
06-14 01:18:39.438   211   211 D vold    : Copying 8 blocks at offset 11144232960
06-14 01:18:39.438   211   211 D vold    : Copying 4 blocks at offset 11144265728
06-14 01:18:39.442   211   211 I vold    : Encrypting group 84
06-14 01:18:39.447   211   211 I vold    : Encrypting group 85
06-14 01:18:39.452   211   211 I vold    : Encrypting group 86
06-14 01:18:39.457   211   211 I vold    : Encrypting group 87
06-14 01:18:39.462   211   211 I vold    : Encrypting group 88
06-14 01:18:39.467   211   211 I vold    : Encrypting group 89
06-14 01:18:39.471   211   211 I vold    : Encrypting group 90
06-14 01:18:39.476   211   211 I vold    : Encrypting group 91
06-14 01:18:39.481   211   211 I vold    : Encrypting group 92
06-14 01:18:39.486   211   211 I vold    : Encrypting group 93
06-14 01:18:39.491   211   211 I vold    : Encrypting group 94
06-14 01:18:39.496   211   211 I vold    : Encrypting group 95
06-14 01:18:39.501   211   211 I vold    : Encrypting group 96
06-14 01:18:39.506   211   211 I vold    : Encrypting group 97
06-14 01:18:39.510   211   211 I vold    : Encrypting group 98
06-14 01:18:39.516   211   211 I vold    : Encrypting group 99
06-14 01:18:39.521   211   211 I vold    : Encrypting group 100
06-14 01:18:39.526   211   211 I vold    : Encrypting group 101
06-14 01:18:39.531   211   211 I vold    : Encrypting group 102
06-14 01:18:39.536   211   211 I vold    : Encrypting group 103
06-14 01:18:39.540   211   211 I vold    : Encrypting group 104
06-14 01:18:39.545   211   211 I vold    : Encrypting group 105
06-14 01:18:39.551   211   211 I vold    : Encrypting group 106
06-14 01:18:39.556   211   211 I vold    : Encrypting group 107
06-14 01:18:39.560   211   211 I vold    : Encrypting group 108
06-14 01:18:39.566   211   211 I vold    : Encrypting group 109
06-14 01:18:39.570   211   211 I vold    : Encrypting group 110
06-14 01:18:39.575   211   211 I vold    : Encrypting group 111
06-14 01:18:39.580   211   211 I vold    : Encrypting group 112
06-14 01:18:39.585   211   211 I vold    : Encrypting group 113
06-14 01:18:39.590   211   211 I vold    : Encrypting group 114
06-14 01:18:39.595   211   211 I vold    : Encrypting group 115
06-14 01:18:39.600   211   211 I vold    : Encrypting group 116
06-14 01:18:39.605   211   211 I vold    : Encrypting group 117
06-14 01:18:39.610   211   211 I vold    : Encrypting group 118
06-14 01:18:39.615   211   211 I vold    : Encrypting group 119
06-14 01:18:39.620   211   211 I vold    : Encrypting group 120
06-14 01:18:39.625   211   211 I vold    : Encrypting group 121
06-14 01:18:39.630   211   211 I vold    : Encrypting group 122
06-14 01:18:39.635   211   211 I vold    : Encrypting group 123
06-14 01:18:39.640   211   211 I vold    : Encrypting group 124
06-14 01:18:39.644   211   211 I vold    : Encrypting group 125
06-14 01:18:39.645   211   211 D vold    : Copying 3 blocks at offset 16777216000
06-14 01:18:39.645   211   211 I vold    : Encrypted to sector 1393035264
06-14 01:18:39.645   211   211 I vold    : Encrypting from sector 2097152000
06-14 01:18:39.650   211   211 I vold    : Encrypting group 126
06-14 01:18:39.655   211   211 I vold    : Encrypting group 127
06-14 01:18:39.660   211   211 I vold    : Encrypting group 128
06-14 01:18:39.665   211   211 I vold    : Encrypting group 129
06-14 01:18:39.670   211   211 I vold    : Encrypting group 130
06-14 01:18:39.674   211   211 I vold    : Encrypting group 131
06-14 01:18:39.679   211   211 I vold    : Encrypting group 132
06-14 01:18:39.684   211   211 I vold    : Encrypting group 133
06-14 01:18:39.689   211   211 I vold    : Encrypting group 134
06-14 01:18:39.694   211   211 I vold    : Encrypting group 135
06-14 01:18:39.699   211   211 I vold    : Encrypting group 136
06-14 01:18:39.704   211   211 I vold    : Encrypting group 137
06-14 01:18:39.709   211   211 I vold    : Encrypting group 138
06-14 01:18:39.714   211   211 I vold    : Encrypting group 139
06-14 01:18:39.719   211   211 I vold    : Encrypting group 140
06-14 01:18:39.724   211   211 I vold    : Encrypting group 141
06-14 01:18:39.729   211   211 I vold    : Encrypting group 142
06-14 01:18:39.733   211   211 I vold    : Encrypting group 143
06-14 01:18:39.738   211   211 I vold    : Encrypting group 144
06-14 01:18:39.743   211   211 I vold    : Encrypting group 145
06-14 01:18:39.748   211   211 I vold    : Encrypting group 146
06-14 01:18:39.753   211   211 I vold    : Encrypting group 147
06-14 01:18:39.758   211   211 I vold    : Encrypting group 148
06-14 01:18:39.763   211   211 I vold    : Encrypting group 149
06-14 01:18:39.768   211   211 I vold    : Encrypting group 150
06-14 01:18:39.773   211   211 I vold    : Encrypting group 151
06-14 01:18:39.778   211   211 I vold    : Encrypting group 152
06-14 01:18:39.783   211   211 I vold    : Encrypting group 153
06-14 01:18:39.788   211   211 I vold    : Encrypting group 154
06-14 01:18:39.793   211   211 I vold    : Encrypting group 155
06-14 01:18:39.798   211   211 I vold    : Encrypting group 156
06-14 01:18:39.803   211   211 I vold    : Encrypting group 157
06-14 01:18:39.807   211   211 I vold    : Encrypting group 158
06-14 01:18:39.812   211   211 I vold    : Encrypting group 159
06-14 01:18:39.817   211   211 I vold    : Encrypting group 160
06-14 01:18:39.822   211   211 I vold    : Encrypting group 161
06-14 01:18:39.827   211   211 I vold    : Encrypting group 162
06-14 01:18:39.832   211   211 I vold    : Encrypting group 163
06-14 01:18:39.837   211   211 I vold    : Encrypting group 164
06-14 01:18:39.842   211   211 I vold    : Encrypting group 165
06-14 01:18:39.847   211   211 I vold    : Encrypting group 166
06-14 01:18:39.848   211   211 D vold    : Copying 8 blocks at offset 22280142848
06-14 01:18:39.849   211   211 I vold    : Encrypted to sector 2097153536
06-14 01:18:39.849   211   211 I vold    : Encrypting from sector 2785017856
06-14 01:18:39.849   211   211 D vold    : Copying 8 blocks at offset 22280175616
06-14 01:18:39.849   211   211 D vold    : Copying 8 blocks at offset 22280208384
06-14 01:18:39.851   211   211 D vold    : Copying 8 blocks at offset 22280241152
06-14 01:18:39.851   211   211 D vold    : Copying 8 blocks at offset 22280273920
06-14 01:18:39.851   211   211 D vold    : Copying 8 blocks at offset 22280306688
06-14 01:18:39.851   211   211 D vold    : Copying 8 blocks at offset 22280339456
06-14 01:18:39.852   211   211 D vold    : Copying 8 blocks at offset 22280372224
06-14 01:18:39.852   211   211 D vold    : Copying 8 blocks at offset 22280404992
06-14 01:18:39.852   211   211 D vold    : Copying 8 blocks at offset 22280437760
06-14 01:18:39.852   211   211 D vold    : Copying 8 blocks at offset 22280470528
06-14 01:18:39.853   211   211 D vold    : Copying 8 blocks at offset 22280503296
06-14 01:18:39.853   211   211 D vold    : Copying 8 blocks at offset 22280536064
06-14 01:18:39.853   211   211 D vold    : Copying 8 blocks at offset 22280568832
06-14 01:18:39.853   211   211 D vold    : Copying 8 blocks at offset 22280601600
06-14 01:18:39.854   211   211 D vold    : Copying 8 blocks at offset 22280634368
06-14 01:18:39.854   211   211 D vold    : Copying 8 blocks at offset 22280667136
06-14 01:18:39.854   211   211 D vold    : Copying 8 blocks at offset 22280699904
06-14 01:18:39.854   211   211 D vold    : Copying 8 blocks at offset 22280732672
06-14 01:18:39.855   211   211 D vold    : Copying 8 blocks at offset 22280765440
06-14 01:18:39.855   211   211 D vold    : Copying 8 blocks at offset 22280798208
06-14 01:18:39.855   211   211 D vold    : Copying 8 blocks at offset 22280830976
06-14 01:18:39.855   211   211 D vold    : Copying 8 blocks at offset 22280863744
06-14 01:18:39.856   211   211 D vold    : Copying 8 blocks at offset 22280896512
06-14 01:18:39.856   211   211 D vold    : Copying 8 blocks at offset 22280929280
06-14 01:18:39.856   211   211 D vold    : Copying 8 blocks at offset 22280962048
06-14 01:18:39.856   211   211 D vold    : Copying 8 blocks at offset 22280994816
06-14 01:18:39.857   211   211 D vold    : Copying 8 blocks at offset 22281027584
06-14 01:18:39.857   211   211 D vold    : Copying 8 blocks at offset 22281060352
06-14 01:18:39.857   211   211 D vold    : Copying 8 blocks at offset 22281093120
06-14 01:18:39.857   211   211 D vold    : Copying 8 blocks at offset 22281125888
06-14 01:18:39.858   211   211 D vold    : Copying 8 blocks at offset 22281158656
06-14 01:18:39.858   211   211 D vold    : Copying 8 blocks at offset 22281191424
06-14 01:18:39.858   211   211 D vold    : Copying 8 blocks at offset 22281224192
06-14 01:18:39.858   211   211 D vold    : Copying 8 blocks at offset 22281256960
06-14 01:18:39.859   211   211 D vold    : Copying 8 blocks at offset 22281289728
06-14 01:18:39.859   211   211 D vold    : Copying 8 blocks at offset 22281322496
06-14 01:18:39.859   211   211 D vold    : Copying 8 blocks at offset 22281355264
06-14 01:18:39.859   211   211 D vold    : Copying 8 blocks at offset 22281388032
06-14 01:18:39.860   211   211 D vold    : Copying 8 blocks at offset 22281420800
06-14 01:18:39.860   211   211 D vold    : Copying 8 blocks at offset 22281453568
06-14 01:18:39.860   211   211 D vold    : Copying 8 blocks at offset 22281486336
06-14 01:18:39.860   211   211 D vold    : Copying 8 blocks at offset 22281519104
06-14 01:18:39.861   211   211 D vold    : Copying 8 blocks at offset 22281551872
06-14 01:18:39.861   211   211 D vold    : Copying 8 blocks at offset 22281584640
06-14 01:18:39.861   211   211 D vold    : Copying 8 blocks at offset 22281617408
06-14 01:18:39.861   211   211 D vold    : Copying 8 blocks at offset 22281650176
06-14 01:18:39.862   211   211 D vold    : Copying 8 blocks at offset 22281682944
06-14 01:18:39.862   211   211 D vold    : Copying 8 blocks at offset 22281715712
06-14 01:18:39.862   211   211 D vold    : Copying 8 blocks at offset 22281748480
06-14 01:18:39.862   211   211 D vold    : Copying 8 blocks at offset 22281781248
06-14 01:18:39.863   211   211 D vold    : Copying 8 blocks at offset 22281814016
06-14 01:18:39.863   211   211 D vold    : Copying 8 blocks at offset 22281846784
06-14 01:18:39.863   211   211 D vold    : Copying 8 blocks at offset 22281879552
06-14 01:18:39.863   211   211 D vold    : Copying 8 blocks at offset 22281912320
06-14 01:18:39.864   211   211 D vold    : Copying 8 blocks at offset 22281945088
06-14 01:18:39.864   211   211 D vold    : Copying 8 blocks at offset 22281977856
06-14 01:18:39.864   211   211 D vold    : Copying 8 blocks at offset 22282010624
06-14 01:18:39.864   211   211 D vold    : Copying 8 blocks at offset 22282043392
06-14 01:18:39.865   211   211 D vold    : Copying 8 blocks at offset 22282076160
06-14 01:18:39.865   211   211 D vold    : Copying 8 blocks at offset 22282108928
06-14 01:18:39.865   211   211 D vold    : Copying 8 blocks at offset 22282141696
06-14 01:18:39.865   211   211 D vold    : Copying 8 blocks at offset 22282174464
06-14 01:18:39.866   211   211 D vold    : Copying 8 blocks at offset 22282207232
06-14 01:18:39.866   211   211 D vold    : Copying 2 blocks at offset 22282240000
06-14 01:18:39.869   211   211 I vold    : Encrypted to sector 2785281024
06-14 01:18:42.238   211   211 D vold    : cryptfs_enable_inplace_ext4 success
06-14 01:18:42.238   211   211 I vold    : Inplace encryption complete
06-14 01:18:42.238   211   211 D vold    : Mounting metadata-encrypted filesystem:/data
06-14 01:18:42.240   211   211 I vold    : List of Keymaster HALs found:
06-14 01:18:42.240   211   211 I vold    : Keymaster HAL #1: SoftwareKeymasterDevice from Google SecurityLevel: SOFTWARE HAL: android.hardware.keymaster@3.0::IKeymasterDevice/default
06-14 01:18:42.255   211   211 I vold    : [libfs_mgr]superblock s_max_mnt_count:65535,/dev/block/dm-9
06-14 01:18:44.078     0     0 W EXT4-fs (dm-9): Ignoring removed nomblk_io_submit option
06-14 01:18:42.284   211   211 I vold    : [libfs_mgr]check_fs(): mount(/dev/block/dm-9,/data,ext4)=0: Success
06-14 01:18:44.094     0     0 I EXT4-fs (dm-9): mounted filesystem with ordered data mode. Opts: errors=remount-ro,nomblk_io_submit
06-14 01:18:42.289   211   211 I vold    : [libfs_mgr]check_fs(): unmount(/data) succeeded
06-14 01:18:42.290   211   211 I vold    : [libfs_mgr]Running /system/bin/e2fsck on /dev/block/dm-9
06-14 01:18:44.130     0     0 I e2fsck  : e2fsck 1.45.4 (23-Sep-2019)
06-14 01:18:44.148     0     0 I e2fsck  : /dev/block/dm-9: clean, 11/1368064 files, 118648/5469184 blocks
06-14 01:18:35.912   206   206 I chatty  : uid=1000(system) hwservicemanage identical 1 line
06-14 01:18:42.239   206   206 I hwservicemanager: getTransport: Cannot find entry android.hardware.keymaster@4.0::IKeymasterDevice/default in either framework or device manifest.
06-14 01:18:42.353   211   211 W libc    : Unable to set property "ro.boottime.init.fsck.data" to "83": error code: 0xb
06-14 01:18:44.161     0     0 E init    : Unable to set property 'ro.boottime.init.fsck.data' from uid:0 gid:0 pid:211: Read-only property was already set
06-14 01:18:42.354   211   211 I vold    : [libfs_mgr]superblock s_max_mnt_count:65535,/dev/block/dm-9
06-14 01:18:42.372   211   211 I vold    : [libfs_mgr]__mount(source=/dev/block/dm-9,target=/data,type=ext4)=0: Success
06-14 01:18:44.182     0     0 I EXT4-fs (dm-9): mounted filesystem with ordered data mode. Opts: noauto_da_alloc,errors=panic
06-14 01:18:42.386   211   211 W libc    : Unable to set property "ro.boottime.init.mount.data" to "17": error code: 0xb
06-14 01:18:42.386   211   211 D vold    : Mounted /data
06-14 01:18:44.194     0     0 E init    : Unable to set property 'ro.boottime.init.mount.data' from uid:0 gid:0 pid:211: Read-only property was already set
06-14 01:18:42.387   211   232 D vold    : Disk at 252:9 changed
06-14 01:18:44.224     0     0 I init    : Keyring created with id 340394065 in process 1
06-14 01:18:44.232     0     0 I init    : Command 'mount_all /vendor/etc/fstab.${ro.hardware} --late' action=late-fs (/vendor/etc/init/hw/init.caas.rc:32) took 36267ms and succeeded
06-14 01:18:44.250     0     0 I init    : processing action (post-fs-data) from (/system/etc/init/hw/init.rc:528)
06-14 01:18:44.259     0     0 I init    : starting service 'exec 6 (/system/bin/vdc checkpoint prepareCheckpoint)'...
06-14 01:18:44.271     0     0 I init    : SVC_EXEC service 'exec 6 (/system/bin/vdc checkpoint prepareCheckpoint)' pid 322 (uid 1000 gid 1000+0 context default) started; waiting...
06-14 01:18:42.471   211   211 I Checkpoint: cp_prepareCheckpoint called
06-14 01:18:42.518   211   211 I Checkpoint: Trimmed 21915795456 bytes on /data in 46ms for checkpoint
06-14 01:18:44.340     0     0 I device-mapper: bow: Switching to state Checkpoint
06-14 01:18:44.366     0     0 I init    : Service 'exec 6 (/system/bin/vdc checkpoint prepareCheckpoint)' (pid 322) exited with status 0 waiting took 0.095000 seconds
06-14 01:18:44.380     0     0 I init    : Sending signal 9 to service 'exec 6 (/system/bin/vdc checkpoint prepareCheckpoint)' (pid 322) process group...
06-14 01:18:44.394     0     0 I libprocessgroup: Successfully killed process cgroup uid 1000 pid 322 in 0ms
06-14 01:18:42.607   211   211 I vold    : fscrypt_initialize_systemwide_keys
06-14 01:18:42.608   211   211 I vold    : Creating new key in /data/unencrypted/key
06-14 01:18:44.429     0     0 D vdc     : Waited 0ms for vold
06-14 01:18:42.799   206   206 I hwservicemanager: getTransport: Cannot find entry android.hardware.keymaster@4.0::IKeymasterDevice/default in either framework or device manifest.
06-14 01:18:42.802   211   211 I vold    : List of Keymaster HALs found:
06-14 01:18:42.802   211   211 I vold    : Keymaster HAL #1: SoftwareKeymasterDevice from Google SecurityLevel: SOFTWARE HAL: android.hardware.keymaster@3.0::IKeymasterDevice/default
06-14 01:18:42.804   211   211 I vold    : Using SoftwareKeymasterDevice from Google for encryption.  Security level: SOFTWARE, HAL: android.hardware.keymaster@3.0::IKeymasterDevice/default
06-14 01:18:42.804   211   211 D vold    : Creating key that doesn't need auth token
06-14 01:18:42.804   211   211 E vold    : generate_key failed, code -67
06-14 01:18:42.935   211   211 D vold    : Created key: /data/unencrypted/key
06-14 01:18:42.937   211   211 D vold    : Installed fscrypt key with ref 31b1d4f89c67fb4dc872451baad85e3d to /data
06-14 01:18:42.937   211   211 D vold    : Added fscrypt-provisioning key for 31b1d4f89c67fb4dc872451baad85e3d to session keyring
06-14 01:18:43.050   211   211 I vold    : Wrote system DE key reference to:/data/unencrypted/ref
06-14 01:18:43.051   211   211 D vold    : Installed fscrypt key with ref abc6c3a8a2f1595a65de7ab2cce90459 to /data
06-14 01:18:43.051   211   211 D vold    : Added fscrypt-provisioning key for abc6c3a8a2f1595a65de7ab2cce90459 to session keyring
06-14 01:18:43.092   211   211 I vold    : Wrote per boot key reference to:/data/unencrypted/per_boot_ref
06-14 01:18:44.921     0     0 I fscrypt : AES-256-CTS-CBC using implementation "cts(cbc-aes-aesni)"
06-14 01:18:44.944     0     0 I fscrypt : AES-256-XTS using implementation "xts-aes-aesni"
06-14 01:18:44.973     0     0 I apexd   : Scanning /system/apex for preinstalled data
06-14 01:18:44.986     0     0 I apexd   : Scanning /system_ext/apex for preinstalled data
06-14 01:18:44.993     0     0 I apexd   : ... does not exist. Skipping
06-14 01:18:44.998     0     0 I apexd   : Scanning /product/apex for preinstalled data
06-14 01:18:45.005     0     0 I apexd   : ... does not exist. Skipping
06-14 01:18:45.010     0     0 I apexd   : Scanning /vendor/apex for preinstalled data
06-14 01:18:45.016     0     0 I apexd   : ... does not exist. Skipping
06-14 01:18:45.022     0     0 I apexd   : Populating APEX database from mounts...
06-14 01:18:45.028     0     0 I apexd   : 0 packages restored.
06-14 01:18:45.033     0     0 I apexd   : Marking APEXd as starting
06-14 01:18:43.224   211   232 D vold    : Disk at 7:48 changed
06-14 01:18:45.066     0     0 I EXT4-fs (loop6): mounted filesystem without journal. Opts: (null)
06-14 01:18:43.256   211   232 D vold    : Disk at 7:56 changed
06-14 01:18:45.083     0     0 I EXT4-fs (loop7): mounted filesystem without journal. Opts: (null)
06-14 01:18:43.286   211   232 D vold    : Disk at 7:64 changed
06-14 01:18:45.114     0     0 I EXT4-fs (loop8): mounted filesystem without journal. Opts: (null)
06-14 01:18:43.303   211   232 D vold    : Disk at 7:72 changed
06-14 01:18:45.131     0     0 I EXT4-fs (loop9): mounted filesystem without journal. Opts: (null)
06-14 01:18:43.320   211   232 D vold    : Disk at 7:80 changed
06-14 01:18:45.148     0     0 I EXT4-fs (loop10): mounted filesystem without journal. Opts: (null)
06-14 01:18:43.337   211   232 D vold    : Disk at 7:88 changed
06-14 01:18:45.172     0     0 I EXT4-fs (loop11): mounted filesystem without journal. Opts: (null)
06-14 01:18:43.361   211   232 D vold    : Disk at 7:96 changed
06-14 01:18:45.188     0     0 I EXT4-fs (loop12): mounted filesystem without journal. Opts: (null)
06-14 01:18:43.377   211   232 D vold    : Disk at 7:104 changed
06-14 01:18:45.204     0     0 I EXT4-fs (loop13): mounted filesystem without journal. Opts: (null)
06-14 01:18:43.393   211   232 D vold    : Disk at 7:112 changed
06-14 01:18:45.220     0     0 I EXT4-fs (loop14): mounted filesystem without journal. Opts: (null)
06-14 01:18:43.409   211   232 D vold    : Disk at 7:120 changed
06-14 01:18:45.236     0     0 I EXT4-fs (loop15): mounted filesystem without journal. Opts: (null)
06-14 01:18:43.425   211   232 D vold    : Disk at 7:128 changed
06-14 01:18:45.265     0     0 I EXT4-fs (loop16): mounted filesystem without journal. Opts: (null)
06-14 01:18:43.455   211   232 D vold    : Disk at 7:136 changed
06-14 01:18:45.283     0     0 I EXT4-fs (loop17): mounted filesystem without journal. Opts: (null)
06-14 01:18:43.472   211   232 D vold    : Disk at 7:144 changed
06-14 01:18:45.299     0     0 I EXT4-fs (loop18): mounted filesystem without journal. Opts: (null)
06-14 01:18:43.487   211   232 D vold    : Disk at 7:152 changed
06-14 01:18:45.314     0     0 I EXT4-fs (loop19): mounted filesystem without journal. Opts: (null)
06-14 01:18:43.503   211   232 D vold    : Disk at 7:160 changed
06-14 01:18:45.339     0     0 I EXT4-fs (loop20): mounted filesystem without journal. Opts: (null)
06-14 01:18:43.533   211   232 D vold    : Disk at 7:168 changed
06-14 01:18:45.360     0     0 I EXT4-fs (loop21): mounted filesystem without journal. Opts: (null)
06-14 01:18:43.549   211   232 D vold    : Disk at 7:176 changed
06-14 01:18:45.377     0     0 I EXT4-fs (loop22): mounted filesystem without journal. Opts: (null)
06-14 01:18:43.566   211   232 D vold    : Disk at 7:184 changed
06-14 01:18:45.393     0     0 I EXT4-fs (loop23): mounted filesystem without journal. Opts: (null)
06-14 01:18:43.582   211   232 D vold    : Disk at 7:192 changed
06-14 01:18:45.421     0     0 I EXT4-fs (loop24): mounted filesystem without journal. Opts: (null)
06-14 01:18:43.610   211   232 D vold    : Disk at 7:200 changed
06-14 01:18:45.438     0     0 I EXT4-fs (loop25): mounted filesystem without journal. Opts: (null)
06-14 01:18:44.166   376   376 I derive_sdk: Read version 0 from /apex/com.android.sdkext/etc/sdkinfo.binarypb
06-14 01:18:44.167   376   376 I derive_sdk: R extension version is 0
06-14 01:18:44.226   211   211 D vold    : fscrypt_init_user0
06-14 01:18:44.226   211   211 D vold    : Preparing: /data/misc/vold/user_keys
06-14 01:18:46.047     0     0 D vdc     : Waited 0ms for vold
06-14 01:18:44.227   211   211 D vold    : Preparing: /data/misc/vold/user_keys/ce
06-14 01:18:44.227   211   211 D vold    : Preparing: /data/misc/vold/user_keys/de
06-14 01:18:44.228   211   211 D vold    : Preparing: /data/misc/vold/user_keys/ce/0
06-14 01:18:44.228   211   211 D vold    : Skipping non-key ..
06-14 01:18:44.228   211   211 D vold    : Skipping non-key .
06-14 01:18:46.500   206   206 I hwservicemanager: getTransport: Cannot find entry android.hardware.keymaster@4.0::IKeymasterDevice/default in either framework or device manifest.
06-14 01:18:46.502   211   211 I vold    : List of Keymaster HALs found:
06-14 01:18:46.503   211   211 I vold    : Keymaster HAL #1: SoftwareKeymasterDevice from Google SecurityLevel: SOFTWARE HAL: android.hardware.keymaster@3.0::IKeymasterDevice/default
06-14 01:18:46.504   211   211 I vold    : Using SoftwareKeymasterDevice from Google for encryption.  Security level: SOFTWARE, HAL: android.hardware.keymaster@3.0::IKeymasterDevice/default
06-14 01:18:46.504   211   211 D vold    : Creating key that doesn't need auth token
06-14 01:18:46.505   211   211 E vold    : generate_key failed, code -67
06-14 01:18:46.637   211   211 D vold    : Created key: /data/misc/vold/user_keys/ce/0/current
06-14 01:18:46.865   211   211 I vold    : List of Keymaster HALs found:
06-14 01:18:46.865   211   211 I vold    : Keymaster HAL #1: SoftwareKeymasterDevice from Google SecurityLevel: SOFTWARE HAL: android.hardware.keymaster@3.0::IKeymasterDevice/default
06-14 01:18:46.867   211   211 I vold    : Using SoftwareKeymasterDevice from Google for encryption.  Security level: SOFTWARE, HAL: android.hardware.keymaster@3.0::IKeymasterDevice/default
06-14 01:18:46.867   211   211 D vold    : Creating key that doesn't need auth token
06-14 01:18:46.868   211   211 E vold    : generate_key failed, code -67
06-14 01:18:47.004   211   211 D vold    : Created key: /data/misc/vold/user_keys/de/0
06-14 01:18:47.005   211   211 D vold    : Installed fscrypt key with ref 4b437ebd642c58164799bea9660cb750 to /data
06-14 01:18:47.005   211   211 D vold    : Added fscrypt-provisioning key for 4b437ebd642c58164799bea9660cb750 to session keyring
06-14 01:18:47.006   211   211 D vold    : Installed fscrypt key with ref 05667077bd238b37f868c767d0c980ee to /data
06-14 01:18:47.006   211   211 D vold    : Added fscrypt-provisioning key for 05667077bd238b37f868c767d0c980ee to session keyring
06-14 01:18:47.006   211   211 D vold    : Created keys for user 0
06-14 01:18:47.007   211   211 D vold    : Skipping non-de-key ..
06-14 01:18:47.007   211   211 D vold    : Skipping non-de-key .
06-14 01:18:47.014   211   211 I vold    : List of Keymaster HALs found:
06-14 01:18:47.015   211   211 I vold    : Keymaster HAL #1: SoftwareKeymasterDevice from Google SecurityLevel: SOFTWARE HAL: android.hardware.keymaster@3.0::IKeymasterDevice/default
06-14 01:18:47.016   211   211 I vold    : Using SoftwareKeymasterDevice from Google for encryption.  Security level: SOFTWARE, HAL: android.hardware.keymaster@3.0::IKeymasterDevice/default
06-14 01:18:47.018   211   211 D vold    : Installed fscrypt key with ref 4b437ebd642c58164799bea9660cb750 to /data
06-14 01:18:47.019   211   211 D vold    : Added fscrypt-provisioning key for 4b437ebd642c58164799bea9660cb750 to session keyring
06-14 01:18:47.019   211   211 D vold    : Installed de key for user 0
06-14 01:18:47.019   211   211 D vold    : fscrypt_prepare_user_storage for volume null, user 0, serial 0, flags 1
06-14 01:18:47.019   211   211 D vold    : Preparing: /data/system/users/0
06-14 01:18:47.021   211   211 D vold    : Preparing: /data/misc/profiles/cur/0
06-14 01:18:47.022   211   211 D vold    : Preparing: /data/system_de/0
06-14 01:18:47.023   211   211 D vold    : Preparing: /data/misc_de/0
06-14 01:18:47.024   211   211 D vold    : Preparing: /data/vendor_de/0
06-14 01:18:47.025   211   211 D vold    : Preparing: /data/user_de/0
06-14 01:18:47.027   211   211 I vold    : Encryption policy of /data/system_de/0 set to 4b437ebd642c58164799bea9660cb750 v2 modes 1/4 flags 0x2
06-14 01:18:47.028   211   211 I vold    : Encryption policy of /data/misc_de/0 set to 4b437ebd642c58164799bea9660cb750 v2 modes 1/4 flags 0x2
06-14 01:18:47.028   211   211 I vold    : Encryption policy of /data/vendor_de/0 set to 4b437ebd642c58164799bea9660cb750 v2 modes 1/4 flags 0x2
06-14 01:18:47.029   211   211 I vold    : Encryption policy of /data/user_de/0 set to 4b437ebd642c58164799bea9660cb750 v2 modes 1/4 flags 0x2
06-14 01:18:47.029   211   211 D vold    : /system/bin/vold_prepare_subdirs
06-14 01:18:47.029   211   211 D vold    :     prepare
06-14 01:18:47.030   211   211 D vold    :     
06-14 01:18:47.030   211   211 D vold    :     0
06-14 01:18:47.030   211   211 D vold    :     1
06-14 01:18:46.862   206   206 I chatty  : uid=1000(system) hwservicemanage identical 1 line
06-14 01:18:47.011   206   206 I hwservicemanager: getTransport: Cannot find entry android.hardware.keymaster@4.0::IKeymasterDevice/default in either framework or device manifest.
06-14 01:18:47.068   378   378 D vold_prepare_subdirs: Setting up mode 700 uid 0 gid 0 context u:object_r:vold_data_file:s0 on path: /data/misc_de/0/vold
06-14 01:18:47.070   378   378 D vold_prepare_subdirs: Setting up mode 700 uid 0 gid 0 context u:object_r:storaged_data_file:s0 on path: /data/misc_de/0/storaged
06-14 01:18:47.071   378   378 D vold_prepare_subdirs: Setting up mode 700 uid 0 gid 0 context u:object_r:rollback_data_file:s0 on path: /data/misc_de/0/rollback
06-14 01:18:47.072   378   378 D vold_prepare_subdirs: Setting up mode 700 uid 0 gid 0 context u:object_r:apex_rollback_data_file:s0 on path: /data/misc_de/0/apexrollback
06-14 01:18:47.072   378   378 D vold_prepare_subdirs: Setting up mode 711 uid 0 gid 0 context u:object_r:apex_module_data_file:s0 on path: /data/misc_de/0/apexdata
06-14 01:18:47.074   378   378 D vold_prepare_subdirs: Setting up mode 771 uid 0 gid 1000 context u:object_r:apex_module_data_file:s0 on path: /data/misc_de/0/apexdata/com.android.neuralnetworks
06-14 01:18:47.074   378   378 D vold_prepare_subdirs: Setting up mode 771 uid 0 gid 1000 context u:object_r:apex_permission_data_file:s0 on path: /data/misc_de/0/apexdata/com.android.permission
06-14 01:18:47.075   378   378 D vold_prepare_subdirs: Setting up mode 771 uid 0 gid 1000 context u:object_r:apex_module_data_file:s0 on path: /data/misc_de/0/apexdata/com.android.sdkext
06-14 01:18:47.076   378   378 D vold_prepare_subdirs: Setting up mode 771 uid 0 gid 1000 context u:object_r:apex_module_data_file:s0 on path: /data/misc_de/0/apexdata/com.android.conscrypt
06-14 01:18:47.077   378   378 D vold_prepare_subdirs: Setting up mode 771 uid 0 gid 1000 context u:object_r:apex_module_data_file:s0 on path: /data/misc_de/0/apexdata/com.android.apex.cts.shim
06-14 01:18:47.078   378   378 D vold_prepare_subdirs: Setting up mode 771 uid 0 gid 1000 context u:object_r:apex_module_data_file:s0 on path: /data/misc_de/0/apexdata/com.android.ipsec
06-14 01:18:47.079   378   378 D vold_prepare_subdirs: Setting up mode 771 uid 0 gid 1000 context u:object_r:apex_wifi_data_file:s0 on path: /data/misc_de/0/apexdata/com.android.wifi
06-14 01:18:47.080   378   378 D vold_prepare_subdirs: Setting up mode 771 uid 0 gid 1000 context u:object_r:apex_module_data_file:s0 on path: /data/misc_de/0/apexdata/com.android.media
06-14 01:18:47.080   378   378 D vold_prepare_subdirs: Setting up mode 771 uid 0 gid 1000 context u:object_r:apex_module_data_file:s0 on path: /data/misc_de/0/apexdata/com.android.resolv
06-14 01:18:47.081   378   378 D vold_prepare_subdirs: Setting up mode 771 uid 0 gid 1000 context u:object_r:apex_module_data_file:s0 on path: /data/misc_de/0/apexdata/com.android.tethering
06-14 01:18:47.082   378   378 D vold_prepare_subdirs: Setting up mode 771 uid 0 gid 1000 context u:object_r:apex_module_data_file:s0 on path: /data/misc_de/0/apexdata/com.android.mediaprovider
06-14 01:18:47.083   378   378 D vold_prepare_subdirs: Setting up mode 771 uid 0 gid 1000 context u:object_r:apex_module_data_file:s0 on path: /data/misc_de/0/apexdata/com.android.adbd
06-14 01:18:47.084   378   378 D vold_prepare_subdirs: Setting up mode 771 uid 0 gid 1000 context u:object_r:apex_module_data_file:s0 on path: /data/misc_de/0/apexdata/com.android.media.swcodec
06-14 01:18:47.084   378   378 D vold_prepare_subdirs: Setting up mode 771 uid 0 gid 1000 context u:object_r:apex_module_data_file:s0 on path: /data/misc_de/0/apexdata/com.android.extservices
06-14 01:18:47.085   378   378 D vold_prepare_subdirs: Setting up mode 771 uid 0 gid 1000 context u:object_r:apex_module_data_file:s0 on path: /data/misc_de/0/apexdata/com.android.os.statsd
06-14 01:18:47.086   378   378 D vold_prepare_subdirs: Setting up mode 771 uid 0 gid 1000 context u:object_r:apex_module_data_file:s0 on path: /data/misc_de/0/apexdata/com.android.vndk.v30
06-14 01:18:47.087   378   378 D vold_prepare_subdirs: Setting up mode 771 uid 0 gid 1000 context u:object_r:apex_module_data_file:s0 on path: /data/misc_de/0/apexdata/com.android.tzdata
06-14 01:18:47.088   378   378 D vold_prepare_subdirs: Setting up mode 771 uid 0 gid 1000 context u:object_r:apex_module_data_file:s0 on path: /data/misc_de/0/apexdata/com.android.i18n
06-14 01:18:47.088   378   378 D vold_prepare_subdirs: Setting up mode 771 uid 0 gid 1000 context u:object_r:apex_module_data_file:s0 on path: /data/misc_de/0/apexdata/com.android.runtime
06-14 01:18:47.089   378   378 D vold_prepare_subdirs: Setting up mode 771 uid 0 gid 1000 context u:object_r:apex_module_data_file:s0 on path: /data/misc_de/0/apexdata/com.android.art
06-14 01:18:47.090   378   378 D vold_prepare_subdirs: Setting up mode 700 uid 1000 gid 1000 context u:object_r:fingerprint_vendor_data_file:s0 on path: /data/vendor_de/0/fpdata
06-14 01:18:47.091   378   378 D vold_prepare_subdirs: Setting up mode 700 uid 1000 gid 1000 context u:object_r:face_vendor_data_file:s0 on path: /data/vendor_de/0/facedata
06-14 01:18:47.094   211   211 D vold    : Detected support for FS_IOC_ADD_ENCRYPTION_KEY
06-14 01:18:47.095   211   211 D vold    : Installing fscrypt-provisioning key for 05667077bd238b37f868c767d0c980ee back into /data fs-keyring
06-14 01:18:48.960     0     0 I apexd   : Snapshot DE subcommand detected
06-14 01:18:48.967     0     0 I apexd   : Marking APEXd as ready
06-14 01:18:47.362   380   380 I tzdatacheck: timezone distro dir /data/misc/zoneinfo/current does not exist. No action required.
06-14 01:18:49.185     0     0 I init    : Service 'exec 10 (/system/bin/tzdatacheck /apex/com.android.tzdata/etc/tz /data/misc/zoneinfo)' (pid 380) exited with status 0 waiting took 0.033000 seconds
06-14 01:18:49.203     0     0 I init    : Sending signal 9 to service 'exec 10 (/system/bin/tzdatacheck /apex/com.android.tzdata/etc/tz /data/misc/zoneinfo)' (pid 380) process group...
06-14 01:18:49.219     0     0 I libprocessgroup: Successfully killed process cgroup uid 1000 pid 380 in 0ms
06-14 01:18:49.229     0     0 I init    : processing action (post-fs-data) from (/system/etc/init/hw/init.usb.rc:6)
06-14 01:18:49.241     0     0 I init    : Encryption policy of /data/adb set to 31b1d4f89c67fb4dc872451baad85e3d v2 modes 1/4 flags 0x2
