06-14 01:17:59.699     0     0 I pci_bus 0000: 01: resource 0 [io  0x1000-0x1fff]
06-14 01:17:59.705     0     0 I pci_bus 0000: 01: resource 1 [mem 0x91b00000-0x91cfffff]
06-14 01:17:59.712     0     0 I pci_bus 0000: 01: resource 2 [mem 0x91d00000-0x91efffff 64bit pref]
06-14 01:17:59.721     0     0 I pci 0000: 00:02.0: Video device with shadowed ROM at [mem 0x000c0000-0x000dffff]
06-14 01:17:59.731     0     0 I PCI     : CLS 64 bytes, default 64
06-14 01:17:59.736     0     0 I         : Trying to unpack rootfs image as initramfs...
06-14 01:18:00.134     0     0 I         : Freeing initrd memory: 9488K
06-14 01:18:00.139     0     0 I clocksource: tsc: mask: 0xffffffffffffffff max_cycles: 0x14c1baf3789, max_idle_ns: 440795266465 ns
06-14 01:18:00.151     0     0 I clocksource: Switched to clocksource tsc
06-14 01:18:00.157     0     0 I check   : Scanning for low memory corruption every 60 seconds
06-14 01:18:00.165     0     0 I         : CPU feature 'AVX registers' is not supported.
06-14 01:18:00.174     0     0 I         : Initialise system trusted keyrings
06-14 01:18:00.179     0     0 I workingset: timestamp_bits=46 max_order=19 bucket_order=0
06-14 01:18:00.187     0     0 I squashfs: version 4.0 (2009/01/31) Phillip Lougher
06-14 01:18:00.194     0     0 I fuse    : init (API version 7.32)
06-14 01:18:00.198     0     0 I         : 9p: Installing v9fs 9p2000 file system support
06-14 01:18:00.233     0     0 I         : Key type asymmetric registered
06-14 01:18:00.238     0     0 I         : Asymmetric key parser 'x509' registered
06-14 01:18:00.243     0     0 I         : Key type pkcs7_test registered
06-14 01:18:00.248     0     0 I         : Block layer SCSI generic (bsg) driver version 0.4 loaded (major 245)
06-14 01:18:00.256     0     0 I         : io scheduler mq-deadline registered
06-14 01:18:00.261     0     0 I         : io scheduler kyber registered
06-14 01:18:00.271     0     0 I pcieport 0000: 00:1c.0: PME: Signaling with IRQ 115
06-14 01:18:00.277     0     0 I pcieport 0000: 00:1c.0: pciehp: Slot #0 AttnBtn- PwrCtrl- MRL- AttnInd- PwrInd- HotPlug+ Surprise+ Interlock- NoCompl+ IbPresDis- LLActRep+
06-14 01:18:00.294     0     0 I efifb   : probing for efifb
06-14 01:18:00.298     0     0 I efifb   : framebuffer at 0x80000000, using 9000k, total 9000k
06-14 01:18:00.305     0     0 I efifb   : mode is 1200x1920x32, linelength=4800, pages=1
06-14 01:18:00.312     0     0 I efifb   : scrolling: redraw
06-14 01:18:00.316     0     0 I efifb   : Truecolor: size=8:8:8:8, shift=24:16:8:0
06-14 01:18:00.323     0     0 I fb0     : EFI VGA frame buffer device
06-14 01:18:00.328     0     0 I ACPI    : AC: found native INT33F4 PMIC, not loading
06-14 01:18:00.334     0     0 I input   : Power Button as /devices/LNXSYSTM:00/LNXSYBUS:00/PNP0C0C:00/input/input0
06-14 01:18:00.344     0     0 I ACPI    : Power Button [PWRB]
06-14 01:18:00.348     0     0 I input   : Power Button as /devices/LNXSYSTM:00/LNXPWRBN:00/input/input1
06-14 01:18:00.358     0     0 I ACPI    : Power Button [PWRF]
06-14 01:18:00.362     0     0 D         : Monitor-Mwait will be used to enter C-1 state
06-14 01:18:00.362     0     0 D         : Monitor-Mwait will be used to enter C-2 state
06-14 01:18:00.362     0     0 D         : Monitor-Mwait will be used to enter C-3 state
06-14 01:18:00.362     0     0 I ACPI    : \_PR_.CPU0: Found 3 idle states
06-14 01:18:00.374     0     0 I ACPI    : \_PR_.CPU1: Found 3 idle states
06-14 01:18:00.381     0     0 I ACPI    : \_PR_.CPU2: Found 3 idle states
06-14 01:18:00.387     0     0 I ACPI    : \_PR_.CPU3: Found 3 idle states
06-14 01:18:00.395     0     0 I thermal LNXTHERM: 00: registered as thermal_zone0
06-14 01:18:00.401     0     0 I ACPI    : Thermal Zone [TZ00] (0 C)
06-14 01:18:00.407     0     0 I battery : ACPI: Battery: found native INT33F4 PMIC, not loading
06-14 01:18:00.407     0     0 I Serial  : 8250/16550 driver, 4 ports, IRQ sharing enabled
06-14 01:18:00.421     0     0 I         : 00:01: ttyS0 at I/O 0x3f8 (irq = 4, base_baud = 115200) is a 16550A
06-14 01:18:00.433     0     0 I 8086228A: 00: ttyS1 at MMIO 0x91a21000 (irq = 39, base_baud = 2764800) is a 16550A
06-14 01:18:00.445     0     0 I 8086228A: 01: ttyS2 at MMIO 0x91a1f000 (irq = 40, base_baud = 2764800) is a 16550A
06-14 01:18:00.455     0     0 I         : Non-volatile memory driver v1.3
06-14 01:18:00.460     0     0 I         : Linux agpgart interface v0.103
06-14 01:18:00.465     0     0 I ACPI    : bus type drm_connector registered
06-14 01:18:00.489     0     0 I loop    : module loaded
06-14 01:18:00.493     0     0 I zram    : Added device: zram0
06-14 01:18:00.501     0     0 I tun     : Universal TUN/TAP device driver, 1.6
06-14 01:18:00.507     0     0 I slcan   : serial line CAN interface driver
06-14 01:18:00.513     0     0 I slcan   : 10 dynamic interface channels.
06-14 01:18:00.518     0     0 I         : CAN device driver interface
06-14 01:18:00.522     0     0 I usbcore : registered new interface driver usb_8dev
06-14 01:18:00.529     0     0 I e100    : Intel(R) PRO/100 Network Driver
06-14 01:18:00.534     0     0 I e100    : Copyright(c) 1999-2006 Intel Corporation
06-14 01:18:00.540     0     0 I e1000   : Intel(R) PRO/1000 Network Driver
06-14 01:18:00.546     0     0 I e1000   : Copyright (c) 1999-2006 Intel Corporation.
06-14 01:18:00.552     0     0 I e1000e  : Intel(R) PRO/1000 Network Driver
06-14 01:18:00.558     0     0 I e1000e  : Copyright(c) 1999 - 2015 Intel Corporation.
06-14 01:18:00.564     0     0 I         : PPP generic driver version 2.4.2
06-14 01:18:00.569     0     0 I         : PPP BSD Compression module registered
06-14 01:18:00.575     0     0 I         : PPP Deflate Compression module registered
06-14 01:18:00.580     0     0 I         : PPP MPPE Compression module registered
06-14 01:18:00.586     0     0 I NET     : Registered protocol family 24
06-14 01:18:00.591     0     0 I         : PPTP driver version 0.8.5
06-14 01:18:00.595     0     0 I usbcore : registered new interface driver catc
06-14 01:18:00.601     0     0 I usbcore : registered new interface driver kaweth
06-14 01:18:00.607     0     0 I pegasus : v0.9.3 (2013/04/25), Pegasus/Pegasus II USB Ethernet driver
06-14 01:18:00.616     0     0 I usbcore : registered new interface driver pegasus
06-14 01:18:00.622     0     0 I usbcore : registered new interface driver rtl8150
06-14 01:18:00.628     0     0 I usbcore : registered new interface driver r8152
06-14 01:18:00.635     0     0 I usbcore : registered new interface driver asix
06-14 01:18:00.641     0     0 I usbcore : registered new interface driver ax88179_178a
06-14 01:18:00.648     0     0 I usbcore : registered new interface driver cdc_ether
06-14 01:18:00.654     0     0 I usbcore : registered new interface driver cdc_eem
06-14 01:18:00.660     0     0 I usbcore : registered new interface driver dm9601
06-14 01:18:00.667     0     0 I usbcore : registered new interface driver smsc75xx
06-14 01:18:00.673     0     0 I usbcore : registered new interface driver smsc95xx
06-14 01:18:00.680     0     0 I usbcore : registered new interface driver net1080
06-14 01:18:00.686     0     0 I usbcore : registered new interface driver rndis_host
06-14 01:18:00.693     0     0 I usbcore : registered new interface driver cdc_subset
06-14 01:18:00.699     0     0 I usbcore : registered new interface driver zaurus
06-14 01:18:00.706     0     0 I usbcore : registered new interface driver MOSCHIP usb-ethernet driver
06-14 01:18:00.714     0     0 I usbcore : registered new interface driver ipheth
06-14 01:18:00.720     0     0 I usbcore : registered new interface driver sierra_net
06-14 01:18:00.727     0     0 I usbcore : registered new interface driver cdc_ncm
06-14 01:18:00.734     0     0 I ehci_hcd: USB 2.0 'Enhanced' Host Controller (EHCI) Driver
06-14 01:18:00.741     0     0 I ehci-pci: EHCI PCI platform driver
06-14 01:18:00.746     0     0 I ohci_hcd: USB 1.1 'Open' Host Controller (OHCI) Driver
06-14 01:18:00.753     0     0 I uhci_hcd: USB Universal Host Controller Interface driver
06-14 01:18:00.761     0     0 I xhci_hcd 0000: 00:14.0: xHCI Host Controller
06-14 01:18:00.767     0     0 I xhci_hcd 0000: 00:14.0: new USB bus registered, assigned bus number 1
06-14 01:18:00.777     0     0 I xhci_hcd 0000: 00:14.0: hcc params 0x200077c1 hci version 0x100 quirks 0x0000000081509810
06-14 01:18:00.787     0     0 I xhci_hcd 0000: 00:14.0: cache line size of 64 is not supported
06-14 01:18:00.795     0     0 I usb1    : New USB device found, idVendor=1d6b, idProduct=0002, bcdDevice= 5.10
06-14 01:18:00.805     0     0 I usb1    : New USB device strings: Mfr=3, Product=2, SerialNumber=1
06-14 01:18:00.813     0     0 I usb1    : Product: xHCI Host Controller
06-14 01:18:00.818     0     0 I usb1    : Manufacturer: Linux 5.10.100-gdf8cc6fd8285-dirty xhci-hcd
06-14 01:18:00.826     0     0 I usb1    : SerialNumber: 0000:00:14.0
06-14 01:18:00.832     0     0 I hub 1-0 : 1.0: USB hub found
06-14 01:18:00.836     0     0 I hub 1-0 : 1.0: 7 ports detected
06-14 01:18:00.843     0     0 I xhci_hcd 0000: 00:14.0: xHCI Host Controller
06-14 01:18:00.849     0     0 I xhci_hcd 0000: 00:14.0: new USB bus registered, assigned bus number 2
06-14 01:18:00.858     0     0 I xhci_hcd 0000: 00:14.0: Host supports USB 3.0 SuperSpeed
06-14 01:18:00.865     0     0 I usb2    : New USB device found, idVendor=1d6b, idProduct=0003, bcdDevice= 5.10
06-14 01:18:00.874     0     0 I usb2    : New USB device strings: Mfr=3, Product=2, SerialNumber=1
06-14 01:18:00.882     0     0 I usb2    : Product: xHCI Host Controller
06-14 01:18:00.888     0     0 I usb2    : Manufacturer: Linux 5.10.100-gdf8cc6fd8285-dirty xhci-hcd
06-14 01:18:00.896     0     0 I usb2    : SerialNumber: 0000:00:14.0
06-14 01:18:00.901     0     0 I hub 2-0 : 1.0: USB hub found
06-14 01:18:00.906     0     0 I hub 2-0 : 1.0: 6 ports detected
06-14 01:18:00.913     0     0 I usbcore : registered new interface driver cdc_acm
06-14 01:18:00.919     0     0 I cdc_acm : USB Abstract Control Model driver for USB modems and ISDN adapters
06-14 01:18:00.928     0     0 I usbcore : registered new interface driver usb-storage
06-14 01:18:00.935     0     0 I usbcore : registered new interface driver ums-realtek
06-14 01:18:00.942     0     0 I usbcore : registered new interface driver usbserial_generic
06-14 01:18:00.949     0     0 I usbserial: USB Serial support registered for generic
06-14 01:18:00.956     0     0 I usbcore : registered new interface driver ark3116
06-14 01:18:00.962     0     0 I usbserial: USB Serial support registered for ark3116
06-14 01:18:00.969     0     0 I usbcore : registered new interface driver belkin_sa
06-14 01:18:00.975     0     0 I usbserial: USB Serial support registered for Belkin / Peracom / GoHubs USB Serial Adapter
06-14 01:18:00.986     0     0 I usbcore : registered new interface driver ch341
06-14 01:18:00.992     0     0 I usbserial: USB Serial support registered for ch341-uart
06-14 01:18:00.999     0     0 I usbcore : registered new interface driver cp210x
06-14 01:18:01.005     0     0 I usbserial: USB Serial support registered for cp210x
06-14 01:18:01.012     0     0 I usbcore : registered new interface driver digi_acceleport
06-14 01:18:01.019     0     0 I usbserial: USB Serial support registered for Digi 2 port USB adapter
06-14 01:18:01.028     0     0 I usbserial: USB Serial support registered for Digi 4 port USB adapter
06-14 01:18:01.036     0     0 I usbcore : registered new interface driver f81534a_ctrl
06-14 01:18:01.043     0     0 I usbcore : registered new interface driver f81232
06-14 01:18:01.049     0     0 I usbserial: USB Serial support registered for f81232
06-14 01:18:01.056     0     0 I usbserial: USB Serial support registered for f81534a
06-14 01:18:01.062     0     0 I usbcore : registered new interface driver ftdi_sio
06-14 01:18:01.069     0     0 I usbserial: USB Serial support registered for FTDI USB Serial Device
06-14 01:18:01.077     0     0 I usbcore : registered new interface driver mct_u232
06-14 01:18:01.083     0     0 I usb 1-4 : new high-speed USB device number 2 using xhci_hcd
06-14 01:18:01.084     0     0 I usbserial: USB Serial support registered for MCT U232
06-14 01:18:01.098     0     0 I usbcore : registered new interface driver mos7720
06-14 01:18:01.104     0     0 I usbserial: USB Serial support registered for Moschip 2 port adapter
06-14 01:18:01.112     0     0 I usbcore : registered new interface driver mos7840
06-14 01:18:01.119     0     0 I usbserial: USB Serial support registered for Moschip 7840/7820 USB Serial Driver
06-14 01:18:01.128     0     0 I usbcore : registered new interface driver option
06-14 01:18:01.134     0     0 I usbserial: USB Serial support registered for GSM modem (1-port)
06-14 01:18:01.142     0     0 I usbcore : registered new interface driver oti6858
06-14 01:18:01.149     0     0 I usbserial: USB Serial support registered for oti6858
06-14 01:18:01.155     0     0 I usbcore : registered new interface driver pl2303
06-14 01:18:01.162     0     0 I usbserial: USB Serial support registered for pl2303
06-14 01:18:01.168     0     0 I usbcore : registered new interface driver spcp8x5
06-14 01:18:01.175     0     0 I usbserial: USB Serial support registered for SPCP8x5
06-14 01:18:01.182     0     0 I usbcore : registered new interface driver ssu100
06-14 01:18:01.188     0     0 I usbserial: USB Serial support registered for Quatech SSU-100 USB to Serial Driver
06-14 01:18:01.197     0     0 I usbcore : registered new interface driver ti_usb_3410_5052
06-14 01:18:01.205     0     0 I usbserial: USB Serial support registered for TI USB 3410 1 port adapter
06-14 01:18:01.213     0     0 I usbserial: USB Serial support registered for TI USB 5052 2 port adapter
06-14 01:18:01.222     0     0 I usbcore : registered new interface driver whiteheat
06-14 01:18:01.228     0     0 I usbserial: USB Serial support registered for Connect Tech - WhiteHEAT - (prerenumeration)
06-14 01:18:01.239     0     0 I usbserial: USB Serial support registered for Connect Tech - WhiteHEAT
06-14 01:18:01.247     0     0 I usbcore : registered new interface driver keyspan_pda
06-14 01:18:01.254     0     0 I usbserial: USB Serial support registered for Keyspan PDA
06-14 01:18:01.261     0     0 I usbserial: USB Serial support registered for Xircom / Entrega PGS - (prerenumeration)
06-14 01:18:01.271     0     0 I usb 1-4 : New USB device found, idVendor=1a40, idProduct=0101, bcdDevice= 1.11
06-14 01:18:01.272     0     0 I i8042   : PNP: No PS/2 controller found.
06-14 01:18:01.281     0     0 I usb 1-4 : New USB device strings: Mfr=0, Product=1, SerialNumber=0
06-14 01:18:01.286     0     0 I mousedev: PS/2 mouse device common for all mice
06-14 01:18:01.294     0     0 I usb 1-4 : Product: USB 2.0 Hub
06-14 01:18:01.300     0     0 I usbcore : registered new interface driver xpad
06-14 01:18:01.312     0     0 I hub 1-4 : 1.0: USB hub found
06-14 01:18:01.316     0     0 I rtc_cmos 00: 04: registered as rtc0
06-14 01:18:01.316     0     0 I hub 1-4 : 1.0: 4 ports detected
06-14 01:18:01.325     0     0 I rtc_cmos 00: 04: setting system clock to 2023-06-14T01:17:59 UTC (1686705479)
06-14 01:18:01.325     0     0 I rtc_cmos 00: 04: alarms up to one month, y3k, 242 bytes nvram
06-14 01:18:01.342     0     0 I         : i2c /dev entries driver
06-14 01:18:01.347     0     0 I         : IR NEC protocol handler initialized
06-14 01:18:01.352     0     0 I         : IR RC5(x/sz) protocol handler initialized
06-14 01:18:01.358     0     0 I         : IR RC6 protocol handler initialized
06-14 01:18:01.363     0     0 I         : IR JVC protocol handler initialized
06-14 01:18:01.368     0     0 I         : IR Sony protocol handler initialized
06-14 01:18:01.373     0     0 I         : IR SANYO protocol handler initialized
06-14 01:18:01.378     0     0 I         : IR Sharp protocol handler initialized
06-14 01:18:01.384     0     0 I         : IR MCE Keyboard/mouse protocol handler initialized
06-14 01:18:01.390     0     0 I         : IR XMP protocol handler initialized
06-14 01:18:01.395     0     0 I usbcore : registered new interface driver uvcvideo
06-14 01:18:01.402     0     0 I         : USB Video Class driver (1.1.1)
06-14 01:18:01.413     0     0 I proc_thermal 0000: 00:0b.0: enabling device (0000 -> 0002)
06-14 01:18:01.426     0     0 I iTCO_wdt: Intel TCO WatchDog Timer Driver v1.11
06-14 01:18:01.432     0     0 I iTCO_wdt: Found a Braswell SoC TCO device (Version=3, TCOBASE=0x0460)
06-14 01:18:01.441     0     0 I iTCO_wdt: initialized. heartbeat=30 sec (nowayout=0)
06-14 01:18:01.448     0     0 I device-mapper: uevent: version 1.0.3
06-14 01:18:01.453     0     0 I device-mapper: ioctl: 4.44.0-ioctl (2021-02-01) initialised: dm-devel@redhat.com
06-14 01:18:01.463     0     0 I intel_pstate: Intel P-state driver initializing
06-14 01:18:01.471     0     0 I sdhci   : Secure Digital Host Controller Interface driver
06-14 01:18:01.478     0     0 I sdhci   : Copyright(c) Pierre Ossman
06-14 01:18:01.484     0     0 I         : EFI Variables Facility v0.08 2004-May-17
06-14 01:18:01.486     0     0 I mmc0    : SDHCI controller on ACPI [INT33BB:00] using ADMA
06-14 01:18:01.498     0     0 I mmc1    : SDHCI controller on ACPI [80860F14:00] using ADMA
06-14 01:18:01.510     0     0 I hid     : raw HID events driver (C) Jiri Kosina
06-14 01:18:01.516     0     0 I usbcore : registered new interface driver usbhid
06-14 01:18:01.522     0     0 I usbhid  : USB HID core driver
06-14 01:18:01.527     0     0 I ashmem  : initialized
06-14 01:18:01.534     0     0 I kxcjk1013 i2c-KIOX000A: 01: mounting matrix not found: using identity...
06-14 01:18:01.556     0     0 I mmc0    : new high speed SDIO card at address 0001
06-14 01:18:01.569     0     0 I intel_rapl_common: Found RAPL domain package
06-14 01:18:01.575     0     0 I intel_rapl_common: Found RAPL domain core
06-14 01:18:01.583     0     0 I usbcore : registered new interface driver snd-usb-audio
06-14 01:18:01.591     0     0 I intel_sst_acpi 808622A8: 00: LPE base: 0x91600000 size:0x200000
06-14 01:18:01.599     0     0 I intel_sst_acpi 808622A8: 00: IRAM base: 0x916c0000
06-14 01:18:01.605     0     0 I intel_sst_acpi 808622A8: 00: DRAM base: 0x91700000
06-14 01:18:01.612     0     0 I intel_sst_acpi 808622A8: 00: SHIM base: 0x91740000
06-14 01:18:01.618     0     0 I intel_sst_acpi 808622A8: 00: Mailbox base: 0x91744000
06-14 01:18:01.625     0     0 I intel_sst_acpi 808622A8: 00: DDR base: 0x20000000
06-14 01:18:01.633     0     0 I intel_sst_acpi 808622A8: 00: Got drv data max stream 25
06-14 01:18:01.641     0     0 I         : u32 classifier
06-14 01:18:01.641     0     0 I mmc1    : new HS200 MMC card at address 0001
06-14 01:18:01.644     0     0 W intel_sst_acpi 808622A8: 00: Direct firmware load for intel/fw_sst_22a8.bin failed with error -2
06-14 01:18:01.649     0     0 I         : input device check on
06-14 01:18:01.649     0     0 I         : Actions configured
06-14 01:18:01.650     0     0 I xt_time : kernel timezone is -0000
06-14 01:18:01.650     0     0 I gre     : GRE over IPv4 demultiplexor driver
06-14 01:18:01.650     0     0 I         : IPv4 over IPsec tunneling driver
06-14 01:18:01.651     0     0 I mmcblk1 : mmc1:0001 NCard  28.9 GiB
06-14 01:18:01.651     0     0 I         : Initializing XFRM netlink socket
06-14 01:18:01.651     0     0 I         : IPsec XFRM device driver
06-14 01:18:01.651     0     0 I NET     : Registered protocol family 10
06-14 01:18:01.661     0     0 W intel_sst_acpi 808622A8: 00: Falling back to sysfs fallback for: intel/fw_sst_22a8.bin
06-14 01:18:01.661     0     0 I         : Segment Routing with IPv6
06-14 01:18:01.662     0     0 I mip6    : Mobile IPv6
06-14 01:18:01.662     0     0 I sit     : IPv6, IPv4 and MPLS over IPv4 tunneling driver
06-14 01:18:01.663     0     0 I NET     : Registered protocol family 17
06-14 01:18:01.663     0     0 I NET     : Registered protocol family 15
06-14 01:18:01.663     0     0 I can     : controller area network core
06-14 01:18:01.663     0     0 I NET     : Registered protocol family 29
06-14 01:18:01.663     0     0 I can     : raw protocol
06-14 01:18:01.663     0     0 I can     : broadcast manager protocol
06-14 01:18:01.663     0     0 I can     : netlink gateway - max_hops=1
06-14 01:18:01.663     0     0 I l2tp_core: L2TP core driver, V2.0
06-14 01:18:01.663     0     0 I l2tp_ppp: PPPoL2TP kernel driver, V2.0
06-14 01:18:01.663     0     0 I 8021q   : 802.1Q VLAN Support v1.8
06-14 01:18:01.663     0     0 I 9pnet   : Installing 9P2000 support
06-14 01:18:01.663     0     0 I         : Key type dns_resolver registered
06-14 01:18:01.663     0     0 I NET     : Registered protocol family 40
06-14 01:18:01.789     0     0 I usb 1-4.3: new full-speed USB device number 3 using xhci_hcd
06-14 01:18:01.795     0     0 I microcode: sig=0x406c3, pf=0x1, revision=0x35d
06-14 01:18:01.797     0     0 I microcode: Microcode Update Driver: v2.2.
06-14 01:18:01.803     0     0 I mmcblk1boot0: mmc1:0001 NCard  partition 1 4.00 MiB
06-14 01:18:01.804     0     0 I         : IPI shorthand broadcast: enabled
06-14 01:18:01.809     0     0 I mmcblk1boot1: mmc1:0001 NCard  partition 2 4.00 MiB
06-14 01:18:01.815     0     0 I         : SSE version of gcm_enc/dec engaged.
06-14 01:18:01.820     0     0 I mmcblk1rpmb: mmc1:0001 NCard  partition 3 4.00 MiB, chardev (238:0)
06-14 01:18:01.829     0     0 I sched_clock: Marking stable (4290503034, 1821364825)->(6593269901, -481402042)
06-14 01:18:01.849     0     0 I         : registered taskstats version 1
06-14 01:18:01.852     0     0 I mmcblk1 : p1 p2 p3 p4 p5 p6 p7 p8 p9 p10 p11 p12 p13 p14 p15 p16 p17
06-14 01:18:01.854     0     0 I         : Loading compiled-in X.509 certificates
06-14 01:18:01.868     0     0 W         : NOHZ tick-stop error: Non-RCU local softirq work is pending, handler #80!!!
06-14 01:18:01.868     0     0 I         : Key type ._fscrypt registered
06-14 01:18:01.881     0     0 I         : Key type .fscrypt registered
06-14 01:18:01.885     0     0 I         : Key type fscrypt-provisioning registered
06-14 01:18:01.894     0     0 W         : ********************************************************************
06-14 01:18:01.902     0     0 W         : **     NOTICE NOTICE NOTICE NOTICE NOTICE NOTICE NOTICE           **
06-14 01:18:01.911     0     0 W         : **                                                                **
06-14 01:18:01.919     0     0 W         : **  WRITEABLE clk DebugFS SUPPORT HAS BEEN ENABLED IN THIS KERNEL **
06-14 01:18:01.927     0     0 W         : **                                                                **
06-14 01:18:01.935     0     0 W         : ** This means that this kernel is built to expose clk operations  **
06-14 01:18:01.944     0     0 W         : ** such as parent or rate setting, enabling, disabling, etc.      **
06-14 01:18:01.952     0     0 W         : ** to userspace, which may compromise security on your system.    **
06-14 01:18:01.960     0     0 W         : **                                                                **
06-14 01:18:01.969     0     0 W         : ** If you see this message and you are not debugging the          **
06-14 01:18:01.977     0     0 W         : ** kernel, report this immediately to your vendor!                **
06-14 01:18:01.985     0     0 W         : **                                                                **
06-14 01:18:01.993     0     0 W         : **     NOTICE NOTICE NOTICE NOTICE NOTICE NOTICE NOTICE           **
06-14 01:18:02.002     0     0 W         : ********************************************************************
06-14 01:18:02.013     0     0 I usb 1-4.3: New USB device found, idVendor=1a86, idProduct=7523, bcdDevice= 2.64
06-14 01:18:02.023     0     0 I usb 1-4.3: New USB device strings: Mfr=0, Product=2, SerialNumber=0
06-14 01:18:02.031     0     0 I usb 1-4.3: Product: USB Serial
06-14 01:18:02.038     0     0 I i2c_designware 808622C1: 06: I2C bus managed by PUNIT
06-14 01:18:02.050     0     0 I ch341 1-4.3: 1.0: ch341-uart converter detected
06-14 01:18:02.057     0     0 I usb 1-4.3: ch341-uart converter now attached to ttyUSB0
06-14 01:18:02.066     0     0 I axp20x-i2c i2c-INT33F4: 00: AXP20x variant AXP288 found
06-14 01:18:02.075     0     0 I printk  : console [ttyUSB0] enabled
06-14 01:18:02.127   203   203 W auditd  : type=1403 audit(0.0:2): auid=4294967295 ses=4294967295 lsm=selinux res=1
06-14 01:18:02.146     0     0 I         : axp288_fuel_gauge axp288_fuel_gauge: HW IRQ 16 -> VIRQ 139
06-14 01:18:02.179     0     0 I         : axp288_fuel_gauge axp288_fuel_gauge: HW IRQ 17 -> VIRQ 140
06-14 01:18:02.212     0     0 I         : axp288_fuel_gauge axp288_fuel_gauge: HW IRQ 18 -> VIRQ 141
06-14 01:18:02.245     0     0 I         : axp288_fuel_gauge axp288_fuel_gauge: HW IRQ 19 -> VIRQ 142
06-14 01:18:02.262     0     0 W         : NOHZ tick-stop error: Non-RCU local softirq work is pending, handler #80!!!
06-14 01:18:02.271     0     0 W         : NOHZ tick-stop error: Non-RCU local softirq work is pending, handler #40!!!
06-14 01:18:02.278     0     0 I         : axp288_fuel_gauge axp288_fuel_gauge: HW IRQ 24 -> VIRQ 147
06-14 01:18:02.313     0     0 I         : axp288_fuel_gauge axp288_fuel_gauge: HW IRQ 25 -> VIRQ 148
06-14 01:18:02.403     0     0 I axp20x-i2c i2c-INT33F4: 00: AXP20X driver loaded
06-14 01:18:02.423     0     0 I i915 0000: 00:02.0: [drm] Incompatible option enable_guc=2 - GuC is not supported!
06-14 01:18:02.433     0     0 I i915 0000: 00:02.0: [drm] Incompatible option enable_guc=2 - HuC is not supported!
06-14 01:18:02.443     0     0 D         : checking generic (80000000 8ca000) vs hw (90000000 1000000)
06-14 01:18:02.443     0     0 D         : checking generic (80000000 8ca000) vs hw (80000000 10000000)
06-14 01:18:02.443     0     0 I fb0     : switching to i915 from EFI VGA
06-14 01:18:02.456     0     0 I i915 0000: 00:02.0: [drm] Using SoC PWM for LCD backlight control
06-14 01:18:02.476     0     0 W         : NOHZ tick-stop error: Non-RCU local softirq work is pending, handler #280!!!
06-14 01:18:02.495     0     0 I         : [drm] Initialized i915 1.6.0 20201103 for 0000:00:02.0 on minor 0
06-14 01:18:02.512     0     0 I ACPI    : Video Device [GFX0] (multi-head: yes  rom: no  post: no)
06-14 01:18:02.523     1     1 I init    : type=1400 audit(0.0:3): avc: denied { perfmon } for capability=38 scontext=u:r:init:s0 tcontext=u:r:init:s0 tclass=capability2 permissive=1
06-14 01:18:02.527     0     0 I input   : Video Bus as /devices/LNXSYSTM:00/LNXSYBUS:00/PNP0A08:00/LNXVIDEO:00/input/input2
06-14 01:18:02.538     0     0 I i915 0000: 00:02.0: [drm] HDaudio controller not detected, using LPE audio instead
06-14 01:18:02.549     0     0 I PM      : Magic number: 11:872:255
06-14 01:18:02.554     0     0 I acpi BMGY0160: 00: hash matches
06-14 01:18:02.559     0     0 I printk  : console [netcon0] enabled
06-14 01:18:02.562     0     0 I mmc2    : SDHCI controller on ACPI [80860F14:01] using ADMA
06-14 01:18:02.564     0     0 I netconsole: network logging started
06-14 01:18:02.576     0     0 I input   : gpio-keys as /devices/platform/INTCFD9:00/gpio-keys.1.auto/input/input3
06-14 01:18:02.586     0     0 I input   : gpio-keys as /devices/platform/INTCFD9:00/gpio-keys.2.auto/input/input4
06-14 01:18:02.596     0     0 I         : ALSA device list:
06-14 01:18:02.599     0     0 I         : No soundcards found.
06-14 01:18:02.700     0     0 I i915 0000: 00:02.0: [drm] fb0: i915 frame buffer device
06-14 01:18:02.737     0     0 I         : Freeing unused kernel image (initmem) memory: 1712K
06-14 01:18:02.744     0     0 I         : Write protecting the kernel read-only data: 59392k
06-14 01:18:02.753     0     0 I         : Freeing unused kernel image (text/rodata gap) memory: 2036K
06-14 01:18:02.762     0     0 I         : Freeing unused kernel image (rodata/data gap) memory: 1440K
06-14 01:18:02.770     0     0 I         : Run /init as init process
06-14 01:18:02.774     0     0 D with arguments:  
06-14 01:18:02.774     0     0 D         : /init
06-14 01:18:02.774     0     0 D         : noxsaves
06-14 01:18:02.774     0     0 D with environment:  
06-14 01:18:02.774     0     0 D         : HOME=/
06-14 01:18:02.774     0     0 D         : TERM=linux
06-14 01:18:02.774     0     0 D         : reboot_panic=p,w
06-14 01:18:02.774     0     0 D         : intel_iommu=off
06-14 01:18:02.774     0     0 D         : vga=current
06-14 01:18:02.774     0     0 D         : buildvariant=userdebug
06-14 01:18:02.804     0     0 I init    : init first stage started!
06-14 01:18:02.809     0     0 I init    : Unable to open /lib/modules, skipping module loading.
06-14 01:18:02.817     0     0 I init    : Switching root to '/first_stage_ramdisk'
06-14 01:18:02.823     0     0 I init    : [libfs_mgr]ReadFstabFromDt(): failed to read fstab from dt
06-14 01:18:02.833     0     0 I init    : Using Android DT directory /proc/device-tree/firmware/android/
06-14 01:18:02.882     0     0 E init    : HandleUevent found partition: vbmeta_a
06-14 01:18:02.888     0     0 E init    : found platform device pci0000:00/80860F14:00: No such file or directory
06-14 01:18:02.898     0     0 E init    : is_boot_device: 1: No such file or directory
06-14 01:18:02.906     0     0 E init    : HandleUevent found partition: metadata
06-14 01:18:02.912     0     0 E init    : found platform device pci0000:00/80860F14:00: No such file or directory
06-14 01:18:02.943     0     0 E EXT4-fs (mmcblk1p6): VFS: Can't find ext4 filesystem
06-14 01:18:02.953     0     0 W         : NOHZ tick-stop error: Non-RCU local softirq work is pending, handler #80!!!
06-14 01:18:02.971     0     0 I device-mapper: verity: sha1 using implementation "sha1-ssse3"
06-14 01:18:02.988     0     0 I EXT4-fs (dm-4): mounted filesystem without journal. Opts: barrier=1
06-14 01:18:03.008     0     0 I device-mapper: verity: sha1 using implementation "sha1-ssse3"
06-14 01:18:03.028     0     0 I EXT4-fs (dm-5): mounted filesystem without journal. Opts: barrier=1
06-14 01:18:03.039     0     0 I device-mapper: verity: sha1 using implementation "sha1-ssse3"
06-14 01:18:03.054     0     0 I EXT4-fs (dm-6): mounted filesystem without journal. Opts: barrier=1
06-14 01:18:03.065     0     0 I device-mapper: verity: sha1 using implementation "sha1-ssse3"
06-14 01:18:03.077     0     0 I EXT4-fs (dm-7): mounted filesystem without journal. Opts: barrier=1
06-14 01:18:03.119     0     0 W printk  : init: 37 output lines suppressed due to ratelimiting
06-14 01:18:03.573     0     0 W         : NOHZ tick-stop error: Non-RCU local softirq work is pending, handler #80!!!
06-14 01:18:03.595     0     0 W init    : DM_DEV_STATUS failed for system_ext_a: No such device or address
06-14 01:18:03.603     0     0 E init    : Could not update logical partition
06-14 01:18:03.609     0     0 I init    : Loading SELinux policy
06-14 01:18:03.713     0     0 I SELinux : Permission nlmsg_getneigh in class netlink_route_socket not defined in policy.
06-14 01:18:03.723     0     0 I SELinux : Permission perfmon in class capability2 not defined in policy.
06-14 01:18:03.732     0     0 I SELinux : Permission bpf in class capability2 not defined in policy.
06-14 01:18:03.740     0     0 I SELinux : Permission checkpoint_restore in class capability2 not defined in policy.
06-14 01:18:03.750     0     0 I SELinux : Permission perfmon in class cap2_userns not defined in policy.
06-14 01:18:03.759     0     0 I SELinux : Permission bpf in class cap2_userns not defined in policy.
06-14 01:18:03.767     0     0 I SELinux : Permission checkpoint_restore in class cap2_userns not defined in policy.
06-14 01:18:03.777     0     0 I SELinux : Class anon_inode not defined in policy.
06-14 01:18:03.783     0     0 I SELinux : the above unknown classes and permissions will be denied
06-14 01:18:03.799     0     0 I SELinux : policy capability network_peer_controls=1
06-14 01:18:03.805     0     0 I SELinux : policy capability open_perms=1
06-14 01:18:03.811     0     0 I SELinux : policy capability extended_socket_class=1
06-14 01:18:03.818     0     0 I SELinux : policy capability always_check_network=0
06-14 01:18:03.818     0     0 W         : NOHZ tick-stop error: Non-RCU local softirq work is pending, handler #40!!!
06-14 01:18:03.824     0     0 I SELinux : policy capability cgroup_seclabel=0
06-14 01:18:03.839     0     0 I SELinux : policy capability nnp_nosuid_transition=1
06-14 01:18:03.846     0     0 I SELinux : policy capability genfs_seclabel_symlinks=0
06-14 01:18:03.950     0     0 I selinux : SELinux: Loaded policy from /odm/etc/selinux/precompiled_sepolicy
06-14 01:18:03.969     0     0 I selinux :  
06-14 01:18:03.996     0     0 I selinux : SELinux: Loaded file_contexts
06-14 01:18:04.002     0     0 I selinux :  
06-14 01:18:04.046     0     0 I init    : init second stage started!
06-14 01:18:04.088     0     0 I init    : Using Android DT directory /proc/device-tree/firmware/android/
06-14 01:18:04.109     0     0 W init    : Couldn't load property file '/factory/factory.prop': open() failed: No such file or directory: No such file or directory
06-14 01:18:04.125     0     0 I init    : Setting product property ro.product.brand to 'intel' (from ro.product.product.brand)
06-14 01:18:04.136     0     0 I init    : Setting product property ro.product.device to 'caas' (from ro.product.product.device)
06-14 01:18:04.136     0     0 W         : NOHZ tick-stop error: Non-RCU local softirq work is pending, handler #40!!!
06-14 01:18:04.146     0     0 I init    : Setting product property ro.product.manufacturer to 'Intel' (from ro.product.product.manufacturer)
06-14 01:18:04.155     0     0 W         : NOHZ tick-stop error: Non-RCU local softirq work is pending, handler #40!!!
06-14 01:18:04.167     0     0 I init    : Setting product property ro.product.model to 'AOSP on Intel Platform' (from ro.product.product.model)
06-14 01:18:04.188     0     0 I init    : Setting product property ro.product.name to 'caas' (from ro.product.product.name)
06-14 01:18:04.198     0     0 I init    : Setting property 'ro.build.fingerprint' to 'intel/caas/caas:11/RQ3A.211001.001/eng.nmsl.20230612.184251:userdebug/test-keys'
06-14 01:18:04.215     0     0 I selinux : SELinux: Loaded file_contexts
06-14 01:18:04.319     0     0 W         : NOHZ tick-stop error: Non-RCU local softirq work is pending, handler #80!!!
06-14 01:18:04.325     0     0 E cgroup  : Unknown subsys name 'blkio'
06-14 01:18:04.337     0     0 E cgroup  : Unknown subsys name 'schedtune'
06-14 01:18:04.427     0     0 I ueventd : ueventd started!
06-14 01:18:04.434     0     0 I selinux : SELinux: Loaded file_contexts
06-14 01:18:04.439     0     0 I selinux :  
06-14 01:18:04.442     0     0 I ueventd : Parsing file /system/etc/ueventd.rc...
--------- beginning of system
06-14 01:18:04.447   211   211 I vold    : Vold 3.0 (the awakening) firing up
06-14 01:18:04.447   211   211 D vold    : Detected support for: ext4 f2fs vfat
06-14 01:18:04.450     0     0 I ueventd : Parsing file /vendor/ueventd.rc...
06-14 01:18:04.451   211   211 D vold    : Found unmanaged dm device named odm_a
06-14 01:18:04.451   211   211 D vold    : Found unmanaged dm device named system_a
06-14 01:18:04.451   211   211 D vold    : Found unmanaged dm device named vendor-verity
06-14 01:18:04.451   211   211 D vold    : Found unmanaged dm device named vendor_a
06-14 01:18:04.451   211   211 D vold    : Found unmanaged dm device named odm-verity
06-14 01:18:04.452   211   211 D vold    : Found unmanaged dm device named product-verity
06-14 01:18:04.452   211   211 D vold    : Found unmanaged dm device named system-verity
06-14 01:18:04.452   211   211 D vold    : Found unmanaged dm device named product_a
06-14 01:18:04.452   211   211 W vold    : Failed to LOOP_GET_STATUS64 /dev/block/loop25: No such device or address
06-14 01:18:04.452   211   211 W vold    : Failed to LOOP_GET_STATUS64 /dev/block/loop24: No such device or address
06-14 01:18:04.452   211   211 W vold    : Failed to LOOP_GET_STATUS64 /dev/block/loop23: No such device or address
06-14 01:18:04.452   211   211 W vold    : Failed to LOOP_GET_STATUS64 /dev/block/loop22: No such device or address
06-14 01:18:04.452   211   211 W vold    : Failed to LOOP_GET_STATUS64 /dev/block/loop21: No such device or address
06-14 01:18:04.452   211   211 W vold    : Failed to LOOP_GET_STATUS64 /dev/block/loop20: No such device or address
06-14 01:18:04.452   211   211 W vold    : Failed to LOOP_GET_STATUS64 /dev/block/loop19: No such device or address
06-14 01:18:04.452   211   211 W vold    : Failed to LOOP_GET_STATUS64 /dev/block/loop18: No such device or address
06-14 01:18:04.453   211   211 W vold    : Failed to LOOP_GET_STATUS64 /dev/block/loop17: No such device or address
06-14 01:18:04.453   211   211 W vold    : Failed to LOOP_GET_STATUS64 /dev/block/loop16: No such device or address
06-14 01:18:04.453   211   211 W vold    : Failed to LOOP_GET_STATUS64 /dev/block/loop12: No such device or address
06-14 01:18:04.453   211   211 W vold    : Failed to LOOP_GET_STATUS64 /dev/block/loop14: No such device or address
06-14 01:18:04.453   211   211 W vold    : Failed to LOOP_GET_STATUS64 /dev/block/loop11: No such device or address
06-14 01:18:04.453   211   211 D vold    : Found unmanaged loop device at /dev/block/loop5 named apex:
06-14 01:18:04.453   211   211 W vold    : Failed to LOOP_GET_STATUS64 /dev/block/loop7: No such device or address
06-14 01:18:04.453   211   211 D vold    : Found unmanaged loop device at /dev/block/loop4 named apex:
06-14 01:18:04.453   211   211 W vold    : Failed to LOOP_GET_STATUS64 /dev/block/loop15: No such device or address
06-14 01:18:04.453   211   211 W vold    : Failed to LOOP_GET_STATUS64 /dev/block/loop10: No such device or address
06-14 01:18:04.453   211   211 D vold    : Found unmanaged loop device at /dev/block/loop0 named apex:
06-14 01:18:04.453   211   211 W vold    : Failed to LOOP_GET_STATUS64 /dev/block/loop6: No such device or address
06-14 01:18:04.454   211   211 D vold    : Found unmanaged loop device at /dev/block/loop3 named apex:
06-14 01:18:04.454   211   211 D vold    : Found unmanaged loop device at /dev/block/loop1 named apex:
06-14 01:18:04.454   211   211 W vold    : Failed to LOOP_GET_STATUS64 /dev/block/loop9: No such device or address
06-14 01:18:04.454   211   211 D vold    : Found unmanaged loop device at /dev/block/loop2 named apex:
06-14 01:18:04.454   211   211 W vold    : Failed to LOOP_GET_STATUS64 /dev/block/loop13: No such device or address
06-14 01:18:04.454   211   211 W vold    : Failed to LOOP_GET_STATUS64 /dev/block/loop8: No such device or address
06-14 01:18:04.457     0     0 I ueventd : Parsing file /odm/ueventd.rc...
06-14 01:18:04.459   211   211 D vold    : VoldNativeService::start() completed OK
06-14 01:18:04.463     0     0 I ueventd : Unable to read config file '/odm/ueventd.rc': open() failed: No such file or directory
06-14 01:18:04.471   211   232 I vold    : Found disk at /devices/pci0000:00/80860F14:00/mmc_host/mmc1/mmc1:0001/block/mmcblk1/mmcblk1boot0 but delaying scan due to secure keyguard
06-14 01:18:04.474     0     0 I ueventd : Parsing file /ueventd.caas.rc...
06-14 01:18:04.479     0     0 I ueventd : Unable to read config file '/ueventd.caas.rc': open() failed: No such file or directory
06-14 01:18:04.492   211   232 I vold    : Found disk at /devices/pci0000:00/80860F14:00/mmc_host/mmc1/mmc1:0001/block/mmcblk1/mmcblk1boot1 but delaying scan due to secure keyguard
06-14 01:18:04.495   211   232 I vold    : Found disk at /devices/pci0000:00/80860F14:00/mmc_host/mmc1/mmc1:0001/block/mmcblk1 but delaying scan due to secure keyguard
06-14 01:18:04.496   211   232 I vold    : Found disk at /devices/pci0000:00/80860F14:00/mmc_host/mmc1/mmc1:0001/block/mmcblk1/mmcblk1boot0 but delaying scan due to secure keyguard
06-14 01:18:04.500   211   232 I vold    : Found disk at /devices/pci0000:00/80860F14:00/mmc_host/mmc1/mmc1:0001/block/mmcblk1/mmcblk1boot1 but delaying scan due to secure keyguard
06-14 01:18:04.505     0     0 I apexd   : Bootstrap subcommand detected
06-14 01:18:04.707   241   241 I sh      : /vendor/bin/auto_detection.sh[9]: : inaccessible or not found
06-14 01:18:04.707   241   241 I sh      : /vendor/bin/auto_detection.sh[9]: : inaccessible or not found
06-14 01:18:04.732   241   241 I sh      : grep: /mnt/share/mixins.spec: No such file or directory
06-14 01:18:04.736     0     0 E ueventd : found platform device pci0000:00/80860F14:00: No such file or directory
06-14 01:18:04.751   241   241 I sh      : usage: setprop NAME VALUE
06-14 01:18:04.751   241   241 I sh      : 
06-14 01:18:04.751   241   241 I sh      : Sets an Android system property.
06-14 01:18:04.779   241   241 I sh      : intel
06-14 01:18:04.804     0     0 I apexd   : wait for '/dev/loop-control' took 198ms
06-14 01:18:04.823   241   241 I sh      : intel
06-14 01:18:04.902     0     0 I apexd   : Pre-allocated 26 loopback devices
06-14 01:18:04.908     0     0 I apexd   : Scanning /system/apex for preinstalled data
06-14 01:18:04.921     0     0 I apexd   : Scanning /system_ext/apex for preinstalled data
06-14 01:18:04.928     0     0 I apexd   : ... does not exist. Skipping
06-14 01:18:04.933     0     0 I apexd   : Scanning /vendor/apex for preinstalled data
06-14 01:18:04.939     0     0 I apexd   : ... does not exist. Skipping
06-14 01:18:04.944     0     0 I apexd   : Scanning /system/apex looking for APEX packages.
06-14 01:18:04.952     0     0 I apexd   : Found /system/apex/com.android.extservices.apex
06-14 01:18:04.987     0     0 I EXT4-fs (loop0): mounted filesystem without journal. Opts: (null)
06-14 01:18:05.009     0     0 I EXT4-fs (loop1): mounted filesystem without journal. Opts: (null)
06-14 01:18:05.024     0     0 I EXT4-fs (loop2): mounted filesystem without journal. Opts: (null)
06-14 01:18:05.041     0     0 I EXT4-fs (loop3): mounted filesystem without journal. Opts: (null)
06-14 01:18:05.059     0     0 I EXT4-fs (loop4): mounted filesystem without journal. Opts: (null)
06-14 01:18:05.075     0     0 I EXT4-fs (loop5): mounted filesystem without journal. Opts: (null)
06-14 01:18:05.092     0     0 W printk  : apexd: 81 output lines suppressed due to ratelimiting
06-14 01:18:05.123   241   241 I sh      : grep: /mnt/share/mixins.spec: No such file or directory
06-14 01:18:05.141   241   241 I sh      : usage: setprop NAME VALUE
06-14 01:18:05.141   241   241 I sh      : 
06-14 01:18:05.141   241   241 I sh      : Sets an Android system property.
06-14 01:18:05.143   241   241 I sh      : sh terminated by exit(1)
06-14 01:18:06.062     0     0 I logd.auditd: start
06-14 01:18:06.100     0     0 I mke2fs  : mke2fs 1.45.4 (23-Sep-2019)
06-14 01:18:06.138     0     0 I mke2fs  : Discarding device blocks:          done
06-14 01:18:06.148     0     0 I mke2fs  : Creating filesystem with 4096 4k blocks and 4096 inodes
06-14 01:18:06.156     0     0 I mke2fs  :  
06-14 01:18:06.158     0     0 I mke2fs  : Allocating group tables: 0/1   done
06-14 01:18:06.167     0     0 I mke2fs  : Writing inode tables: 0/1   done
06-14 01:18:06.200     0     0 I mke2fs  : Creating journal (1024 blocks): done
06-14 01:18:06.210     0     0 I mke2fs  : Writing superblocks and filesystem accounting information: 0/1   done
06-14 01:18:06.217     0     0 I brd     : module loaded
06-14 01:18:06.220     0     0 I mke2fs  :  
06-14 01:18:06.255     0     0 I e2fsdroid: Created filesystem with 11/4096 inodes and 1161/4096 blocks
06-14 01:18:06.267     0     0 W EXT4-fs (mmcblk1p6): Ignoring removed nomblk_io_submit option
06-14 01:18:06.280     0     0 I EXT4-fs (mmcblk1p6): mounted filesystem with ordered data mode. Opts: errors=remount-ro,nomblk_io_submit
06-14 01:18:06.291     0     0 W         : ext4 filesystem being mounted at /metadata supports timestamps until 2038 (0x7fffffff)
06-14 01:18:06.346     0     0 I EXT4-fs (mmcblk1p6): mounted filesystem with ordered data mode. Opts: errors=panic,discard
06-14 01:18:06.356     0     0 W         : ext4 filesystem being mounted at /metadata supports timestamps until 2038 (0x7fffffff)
06-14 01:18:06.367     0     0 W         : Failed to create system directory dwc3
06-14 01:18:06.400     0     0 I chatty  : uid=0(root) logd identical 6 lines
06-14 01:18:06.406     0     0 W         : Failed to create system directory dwc3
06-14 01:18:06.409     0     0 I EXT4-fs (mmcblk1p17): mounted filesystem with ordered data mode. Opts: errors=panic
06-14 01:18:06.411     0     0 W         : Failed to create system directory dwc3
06-14 01:18:06.421     0     0 W         : ext4 filesystem being mounted at /mnt/vendor/oem_config supports timestamps until 2038 (0x7fffffff)
06-14 01:18:06.426     0     0 W         : Failed to create system directory dwc3
06-14 01:18:06.461     0     0 I chatty  : uid=0(root) logd identical 4 lines
06-14 01:18:06.466     0     0 W         : Failed to create system directory dwc3
06-14 01:18:06.487     0     0 E 9pnet_virtio: no channels available for device aaf
06-14 01:18:05.343   270   270 I logcat  : type=1400 audit(0.0:4): avc: denied { read } for name="/" dev="mmcblk1p6" ino=2 scontext=u:r:logpersist:s0 tcontext=u:object_r:metadata_file:s0 tclass=dir permissive=1
06-14 01:18:07.169     0     0 D logd    : logdr: UID=0 GID=0 PID=270 b tail=0 logMask=99 pid=0 start=0ns timeout=0ns
06-14 01:18:05.343   270   270 I logcat  : type=1400 audit(0.0:5): avc: denied { open } for path="/metadata" dev="mmcblk1p6" ino=2 scontext=u:r:logpersist:s0 tcontext=u:object_r:metadata_file:s0 tclass=dir permissive=1
06-14 01:18:05.344   270   270 I logcat  : type=1400 audit(0.0:6): avc: denied { search } for name="/" dev="mmcblk1p6" ino=2 scontext=u:r:logpersist:s0 tcontext=u:object_r:metadata_file:s0 tclass=dir permissive=1
06-14 01:18:07.230     0     0 I Bluetooth: Core ver 2.22
06-14 01:18:05.344   270   270 I logcat  : type=1400 audit(0.0:8): avc: denied { add_name } for name="logcat.log" scontext=u:r:logpersist:s0 tcontext=u:object_r:metadata_file:s0 tclass=dir permissive=1
06-14 01:18:07.255     0     0 I NET     : Registered protocol family 31
06-14 01:18:05.346   270   270 I logcat  : type=1400 audit(0.0:9): avc: denied { create } for name="logcat.log" scontext=u:r:logpersist:s0 tcontext=u:object_r:metadata_file:s0 tclass=file permissive=1
06-14 01:18:07.278     0     0 I Bluetooth: HCI device and connection manager initialized
06-14 01:18:07.278     0     0 I Bluetooth: HCI socket layer initialized
06-14 01:18:05.346   270   270 I logcat  : type=1400 audit(0.0:10): avc: denied { append open } for path="/metadata/logcat.log" dev="mmcblk1p6" ino=20 scontext=u:r:logpersist:s0 tcontext=u:object_r:metadata_file:s0 tclass=file permissive=1
06-14 01:18:07.305     0     0 I Bluetooth: L2CAP socket layer initialized
06-14 01:18:05.346   270   270 I logcat  : type=1400 audit(0.0:11): avc: denied { ioctl } for path="/metadata/logcat.log" dev="mmcblk1p6" ino=20 ioctlcmd=0xf50d scontext=u:r:logpersist:s0 tcontext=u:object_r:metadata_file:s0 tclass=file permissive=1
06-14 01:18:07.339     0     0 I Bluetooth: SCO socket layer initialized
06-14 01:18:07.376     0     0 I usbcore : registered new interface driver btusb
06-14 01:18:07.384     0     0 I usbcore : registered new interface driver btusb_sco
06-14 01:18:07.561     0     0 W stmmac  : Unknown symbol xpcs_config_eee (err -2)
06-14 01:18:07.568     0     0 W stmmac  : Unknown symbol xpcs_get_an_mode (err -2)
06-14 01:18:07.574     0     0 W stmmac  : Unknown symbol xpcs_validate (err -2)
06-14 01:18:07.581     0     0 W stmmac  : Unknown symbol xpcs_create (err -2)
06-14 01:18:07.587     0     0 W stmmac  : Unknown symbol xpcs_destroy (err -2)
06-14 01:18:05.920   206   206 I hwservicemanager: getFrameworkHalManifest: Reading VINTF information.
06-14 01:18:07.759     0     0 I wait_for_keymaster: Waiting for Keymaster device
06-14 01:18:05.955   206   206 I hwservicemanager: getFrameworkHalManifest: Successfully processed VINTF information
06-14 01:18:05.957   280   280 I HidlServiceManagement: Registered android.system.suspend@1.0::ISystemSuspend/default
06-14 01:18:05.958   206   206 I hwservicemanager: getDeviceHalManifest: Reading VINTF information.
06-14 01:18:05.958   280   280 I HidlServiceManagement: Removing namespace from process name android.system.suspend@1.0-service to suspend@1.0-service.
06-14 01:18:05.989   206   206 I hwservicemanager: getDeviceHalManifest: Successfully processed VINTF information
06-14 01:18:05.990   206   206 I hwservicemanager: getTransport: Cannot find entry android.hardware.keymaster@4.0::IKeymasterDevice/default in either framework or device manifest.
06-14 01:18:05.992   206   206 I hwservicemanager: Since android.hardware.keymaster@3.0::IKeymasterDevice/default is not registered, trying to start it as a lazy HAL.
06-14 01:18:05.993   281   281 I HidlServiceManagement: Registered android.hardware.atrace@1.0::IAtraceDevice/default
06-14 01:18:05.994   281   281 I HidlServiceManagement: Removing namespace from process name android.hardware.atrace@1.0-service to atrace@1.0-service.
06-14 01:18:05.994   206   206 I hwservicemanager: Since android.hardware.keymaster@3.0::IKeymasterDevice/default is not registered, trying to start it as a lazy HAL.
06-14 01:18:05.997   282   282 I android.hardwar: type=1400 audit(0.0:13): avc: denied { search } for name="gsi" dev="mmcblk1p6" ino=21 scontext=u:r:hal_bootctl_default:s0 tcontext=u:object_r:gsi_metadata_file:s0 tclass=dir permissive=1
