--------- beginning of kernel
06-14 01:17:55.717     0     0 I         : Linux version 5.10.100-gdf8cc6fd8285-dirty (nobody@android-build) (Android (7141649, based on r412851) clang version 12.0.3 (https://android.googlesource.com/toolchain/llvm-project 756ad17abf0622fecdd08ec40f71c5f25829a0bc), LLD 12.0.3 (/buildbot/src/android/llvm-toolchain/out/llvm-project/lld 756ad17abf0622fecdd08ec40f71c5f25829a0bc)) #18 SMP PREEMPT Sat Jun 24 17:36:02 CST 2023
06-14 01:17:55.717     0     0 I Command line: androidboot.boottime=FWS:7598,LIS:22445,VBS:1807,SKS:9426 androidboot.slot_suffix=_a rootwait ro init=/init androidboot.acpio_idx=0  androidboot.acpi_idx=  androidboot.force_normal_boot=1 androidboot.bootloader=5_11_kernelflinger-07_02-userdebug androidboot.boot_devices=pci0000:00/80860F14:00 androidboot.verifiedbootstate=yellow androidboot.bootreason=unknown androidboot.serialno=Default0string g_ffs.iSerialNumber=Default0string rootfstype=ext4 gpt loglevel=7 androidboot.hardware=caas firmware_class.path=/vendor/firmware intel_pstate=passive snd-hda-intel.model=dell-headset-multi enforcing=0 androidboot.selinux=permissive no_timer_check noxsaves reboot_panic=p,w i915.hpd_sense_invert=0x7 intel_iommu=off i915.enable_pvmmio=0 loop.max_part=7 vga=current i915.modeset=1 drm.atomic=1 i915.nuclear_pageflip=1 drm.vblankoffdelay=1 i915.fastboot=1 console=ttyUSB0,115200 i915.enable_guc=2 console=ttyS0,115200n8 buildvariant=userdebug  androidboot.vbmeta.device=PARTUUID=a
06-14 01:17:55.717     0     0 I x86/fpu : x87 FPU will use FXSAVE
06-14 01:17:55.717     0     0 I         : BIOS-provided physical RAM map:
06-14 01:17:55.717     0     0 I BIOS-e820: [mem 0x0000000000000000-0x000000000008efff] usable
06-14 01:17:55.717     0     0 I BIOS-e820: [mem 0x000000000008f000-0x000000000008ffff] ACPI NVS
06-14 01:17:55.717     0     0 I BIOS-e820: [mem 0x0000000000090000-0x000000000009dfff] usable
06-14 01:17:55.717     0     0 I BIOS-e820: [mem 0x000000000009e000-0x000000000009ffff] reserved
06-14 01:17:55.717     0     0 I BIOS-e820: [mem 0x0000000000100000-0x000000001effffff] usable
06-14 01:17:55.717     0     0 I BIOS-e820: [mem 0x000000001f000000-0x00000000201fffff] reserved
06-14 01:17:55.717     0     0 I BIOS-e820: [mem 0x0000000020200000-0x000000007b035fff] usable
06-14 01:17:55.717     0     0 I BIOS-e820: [mem 0x000000007b036000-0x000000007b065fff] reserved
06-14 01:17:55.717     0     0 I BIOS-e820: [mem 0x000000007b066000-0x000000007b185fff] usable
06-14 01:17:55.717     0     0 I BIOS-e820: [mem 0x000000007b186000-0x000000007b716fff] ACPI NVS
06-14 01:17:55.717     0     0 I BIOS-e820: [mem 0x000000007b717000-0x000000007ba38fff] reserved
06-14 01:17:55.717     0     0 I BIOS-e820: [mem 0x000000007ba39000-0x000000007bffffff] usable
06-14 01:17:55.717     0     0 I BIOS-e820: [mem 0x00000000e0000000-0x00000000e3ffffff] reserved
06-14 01:17:55.717     0     0 I BIOS-e820: [mem 0x00000000fea00000-0x00000000feafffff] reserved
06-14 01:17:55.717     0     0 I BIOS-e820: [mem 0x00000000fec00000-0x00000000fec00fff] reserved
06-14 01:17:55.717     0     0 I BIOS-e820: [mem 0x00000000fed01000-0x00000000fed01fff] reserved
06-14 01:17:55.717     0     0 I BIOS-e820: [mem 0x00000000fed03000-0x00000000fed03fff] reserved
06-14 01:17:55.717     0     0 I BIOS-e820: [mem 0x00000000fed06000-0x00000000fed06fff] reserved
06-14 01:17:55.717     0     0 I BIOS-e820: [mem 0x00000000fed08000-0x00000000fed09fff] reserved
06-14 01:17:55.717     0     0 I BIOS-e820: [mem 0x00000000fed1c000-0x00000000fed1cfff] reserved
06-14 01:17:55.717     0     0 I BIOS-e820: [mem 0x00000000fed80000-0x00000000fedbffff] reserved
06-14 01:17:55.717     0     0 I BIOS-e820: [mem 0x00000000fee00000-0x00000000fee00fff] reserved
06-14 01:17:55.717     0     0 I BIOS-e820: [mem 0x00000000ffb80000-0x00000000ffffffff] reserved
06-14 01:17:55.717     0     0 I         : NX (Execute Disable) protection: active
06-14 01:17:55.717     0     0 I efi     : EFI v2.40 by American Megatrends
06-14 01:17:55.717     0     0 I efi     : ESRT=0x7b064000 ACPI=0x7b186000 ACPI 2.0=0x7b186000 SMBIOS=0x7b8d4000 SMBIOS 3.0=0x7b8d3000
06-14 01:17:55.717     0     0 I         : SMBIOS 3.0.0 present.
06-14 01:17:55.717     0     0 I DMI     : cube i1-TF/Cherry Trail CR, BIOS 5.11 05/13/2016
06-14 01:17:55.717     0     0 I tsc     : Detected 1440.000 MHz processor
06-14 01:17:55.717     0     0 D e820    : update [mem 0x00000000-0x00000fff] usable ==> reserved
06-14 01:17:55.717     0     0 D e820    : remove [mem 0x000a0000-0x000fffff] usable
06-14 01:17:55.717     0     0 I         : last_pfn = 0x7c000 max_arch_pfn = 0x400000000
06-14 01:17:55.717     0     0 D         : MTRR default type: uncachable
06-14 01:17:55.717     0     0 D         : MTRR fixed ranges enabled:
06-14 01:17:55.717     0     0 D         : 00000-9FFFF write-back
06-14 01:17:55.717     0     0 D         : A0000-FFFFF write-protect
06-14 01:17:55.717     0     0 D         : MTRR variable ranges enabled:
06-14 01:17:55.717     0     0 D         : 0 base 000000000 mask F80000000 write-back
06-14 01:17:55.717     0     0 D         : 1 base 07E000000 mask FFE000000 uncachable
06-14 01:17:55.717     0     0 D         : 2 base 07D000000 mask FFF000000 uncachable
06-14 01:17:55.717     0     0 D         : 3 base 07C800000 mask FFF800000 uncachable
06-14 01:17:55.717     0     0 D         : 4 base 07C400000 mask FFFC00000 uncachable
06-14 01:17:55.717     0     0 D         : 5 disabled
06-14 01:17:55.717     0     0 D         : 6 disabled
06-14 01:17:55.717     0     0 D         : 7 disabled
06-14 01:17:55.717     0     0 I x86/PAT : Configuration [0-7]: WB  WC  UC- UC  WB  WP  UC- WT
06-14 01:17:55.717     0     0 I         : total RAM covered: 1988M
06-14 01:17:55.719     0     0 I         : Found optimal setting for mtrr clean up
06-14 01:17:55.719     0     0 I gran_size: 64K 	chunk_size: 64M 	num_reg: 5  	lose cover RAM: 0G
06-14 01:17:55.728     0     0 W esrt    : ESRT header is not in the memory map.
06-14 01:17:55.728     0     0 I check   : Scanning 1 areas for low memory corruption
06-14 01:17:55.730     0     0 I         : Secure boot could not be determined
06-14 01:17:55.730     0     0 I RAMDISK : [mem 0x00100000-0x00a43fff]
06-14 01:17:55.730     0     0 I ACPI    : Early table checksum verification disabled
06-14 01:17:55.730     0     0 I ACPI    : RSDP 0x000000007B186000 000024 (v02 ALASKA)
06-14 01:17:55.730     0     0 I ACPI    : XSDT 0x000000007B186110 00019C (v01 ALASKA A M I    01072009 AMI  00010013)
06-14 01:17:55.730     0     0 I ACPI    : FACP 0x000000007B1A34C0 00010C (v05 ALASKA A M I    01072009 AMI  00010013)
06-14 01:17:55.730     0     0 I ACPI    : DSDT 0x000000007B186340 01D179 (v02 ALASKA A M I    01072009 INTL 20120913)
06-14 01:17:55.730     0     0 I ACPI    : FACS 0x000000007B716F80 000040
06-14 01:17:55.730     0     0 I ACPI    : APIC 0x000000007B1A35D0 000084 (v03 ALASKA A M I    01072009 AMI  00010013)
06-14 01:17:55.730     0     0 I ACPI    : FPDT 0x000000007B1A3658 000044 (v01 ALASKA A M I    01072009 AMI  00010013)
06-14 01:17:55.730     0     0 I ACPI    : FIDT 0x000000007B1A36A0 00009C (v01 ALASKA A M I    01072009 AMI  00010013)
06-14 01:17:55.730     0     0 I ACPI    : MCFG 0x000000007B1A3740 00003C (v01 ALASKA A M I    01072009 MSFT 00000097)
06-14 01:17:55.730     0     0 I ACPI    : SSDT 0x000000007B1A3780 0040E6 (v01 DptfTb DptfTab  00001000 INTL 20120913)
06-14 01:17:55.730     0     0 I ACPI    : SSDT 0x000000007B1A7868 00062B (v01 CpuDpf CpuDptf  00001000 INTL 20120913)
06-14 01:17:55.730     0     0 I ACPI    : SSDT 0x000000007B1A7E98 000058 (v01 LowPM  LowPwrM  00001000 INTL 20120913)
06-14 01:17:55.730     0     0 I ACPI    : UEFI 0x000000007B1A7EF0 000042 (v01 ALASKA A M I    00000000      00000000)
06-14 01:17:55.730     0     0 I ACPI    : SSDT 0x000000007B1A7F38 000269 (v01 UsbCTb UsbCTab  00001000 INTL 20120913)
06-14 01:17:55.730     0     0 I ACPI    : HPET 0x000000007B1A81A8 000038 (v01 ALASKA A M I    01072009 AMI. 00000005)
06-14 01:17:55.730     0     0 I ACPI    : SSDT 0x000000007B1A81E0 000763 (v01 PmRef  CpuPm    00003000 INTL 20120913)
06-14 01:17:55.730     0     0 I ACPI    : SSDT 0x000000007B1A8948 000290 (v01 PmRef  Cpu0Tst  00003000 INTL 20120913)
06-14 01:17:55.730     0     0 I ACPI    : SSDT 0x000000007B1A8BD8 00017A (v01 PmRef  ApTst    00003000 INTL 20120913)
06-14 01:17:55.730     0     0 I ACPI    : SSDT 0x000000007B1A8D58 00043A (v01 Intel_ Tpm2Tabl 00001000 INTL 20120913)
06-14 01:17:55.730     0     0 I ACPI    : TPM2 0x000000007B1A9198 000034 (v03                 00000000      00000000)
06-14 01:17:55.730     0     0 I ACPI    : LPIT 0x000000007B1A91D0 000104 (v01 ALASKA A M I    00000005 MSFT 0100000D)
06-14 01:17:55.730     0     0 I ACPI    : BCFG 0x000000007B1A92D8 000139 (v01 INTEL  BATTCONF 00000001 ACPI 00000000)
06-14 01:17:55.730     0     0 I ACPI    : PRAM 0x000000007B1A9418 000030 (v01                 00000001      00000000)
06-14 01:17:55.730     0     0 I ACPI    : BGRT 0x000000007B1A9448 000038 (v01 ALASKA A M I    01072009 AMI  00010013)
06-14 01:17:55.730     0     0 I ACPI    : CSRT 0x000000007B1A9480 00014C (v00 INTEL  LANFORDC 00000005 MSFT 0100000D)
06-14 01:17:55.730     0     0 I ACPI    : BCFG 0x000000007B1A95D0 000139 (v01 INTEL  BATTCONF 00000001 ACPI 00000000)
06-14 01:17:55.730     0     0 I ACPI    : OEM0 0x000000007B1A9710 000084 (v05 INTEL  BATTERY  00000005 ACPI 00000000)
06-14 01:17:55.730     0     0 I ACPI    : OEM1 0x000000007B1A9798 000040 (v01 INTEL  ENRGYMGT 00000005 ACPI 0100000D)
06-14 01:17:55.730     0     0 I ACPI    : PIDV 0x000000007B1A97D8 0000DC (v02                 00000002      00000000)
06-14 01:17:55.730     0     0 I ACPI    : RSCI 0x000000007B1A98B8 00002C (v01 INTEL  BOOTSRC  00000000      00000000)
06-14 01:17:55.730     0     0 I ACPI    : WDAT 0x000000007B1A98E8 000104 (v01                 00000000      00000000)
06-14 01:17:55.730     0     0 I ACPI    : BCFG 0x000000007B1A99F0 000139 (v01 INTEL  BATTCONF 00000001 ACPI 00000000)
06-14 01:17:55.730     0     0 I ACPI    : OEM0 0x000000007B1A9B30 000084 (v05 INTEL  BATTERY  00000005 ACPI 00000000)
06-14 01:17:55.730     0     0 I ACPI    : OEM1 0x000000007B1A9BB8 000040 (v01 INTEL  ENRGYMGT 00000005 ACPI 0100000D)
06-14 01:17:55.730     0     0 I ACPI    : PIDV 0x000000007B1A9BF8 0000DC (v02                 00000002      00000000)
06-14 01:17:55.730     0     0 I ACPI    : RSCI 0x000000007B1A9CD8 00002C (v01 INTEL  BOOTSRC  00000000      00000000)
06-14 01:17:55.730     0     0 I ACPI    : WDAT 0x000000007B1A9D08 000104 (v01                 00000000      00000000)
06-14 01:17:55.730     0     0 I ACPI    : BCFG 0x000000007B1A9E10 000139 (v01 INTEL  BATTCONF 00000001 ACPI 00000000)
06-14 01:17:55.730     0     0 I ACPI    : OEM0 0x000000007B1A9F50 000084 (v05 INTEL  BATTERY  00000005 ACPI 00000000)
06-14 01:17:55.730     0     0 I ACPI    : OEM1 0x000000007B1A9FD8 000040 (v01 INTEL  ENRGYMGT 00000005 ACPI 0100000D)
06-14 01:17:55.730     0     0 I ACPI    : PIDV 0x000000007B1AA018 0000DC (v02                 00000002      00000000)
06-14 01:17:55.730     0     0 I ACPI    : RSCI 0x000000007B1AA0F8 00002C (v01 INTEL  BOOTSRC  00000000      00000000)
06-14 01:17:55.730     0     0 I ACPI    : WDAT 0x000000007B1AA128 000104 (v01                 00000000      00000000)
06-14 01:17:55.730     0     0 I ACPI    : BCFG 0x000000007B1AA230 000139 (v01 INTEL  BATTCONF 00000001 ACPI 00000000)
06-14 01:17:55.730     0     0 I ACPI    : OEM0 0x000000007B1AA370 000084 (v05 INTEL  BATTERY  00000005 ACPI 00000000)
06-14 01:17:55.730     0     0 I ACPI    : OEM1 0x000000007B1AA3F8 000040 (v01 INTEL  ENRGYMGT 00000005 ACPI 0100000D)
06-14 01:17:55.730     0     0 I ACPI    : PIDV 0x000000007B1AA438 0000DC (v02                 00000002      00000000)
06-14 01:17:55.730     0     0 I ACPI    : RSCI 0x000000007B1AA518 00002C (v01 INTEL  BOOTSRC  00000000      00000000)
06-14 01:17:55.730     0     0 I ACPI    : WDAT 0x000000007B1AA548 000104 (v01                 00000000      00000000)
06-14 01:17:55.730     0     0 I ACPI    : SSDT 0x000000007B1AA650 0000A7 (v01 INTEL  android  00001000 INTL 20190816)
06-14 01:17:55.730     0     0 I ACPI    : SSDT 0x000000007B1AA6F8 000393 (v01 INTEL  android  00001000 INTL 20190816)
06-14 01:17:55.730     0     0 I ACPI    : Reserving FACP table memory at [mem 0x7b1a34c0-0x7b1a35cb]
06-14 01:17:55.730     0     0 I ACPI    : Reserving DSDT table memory at [mem 0x7b186340-0x7b1a34b8]
06-14 01:17:55.730     0     0 I ACPI    : Reserving FACS table memory at [mem 0x7b716f80-0x7b716fbf]
06-14 01:17:55.730     0     0 I ACPI    : Reserving APIC table memory at [mem 0x7b1a35d0-0x7b1a3653]
06-14 01:17:55.730     0     0 I ACPI    : Reserving FPDT table memory at [mem 0x7b1a3658-0x7b1a369b]
06-14 01:17:55.730     0     0 I ACPI    : Reserving FIDT table memory at [mem 0x7b1a36a0-0x7b1a373b]
06-14 01:17:55.730     0     0 I ACPI    : Reserving MCFG table memory at [mem 0x7b1a3740-0x7b1a377b]
06-14 01:17:55.730     0     0 I ACPI    : Reserving SSDT table memory at [mem 0x7b1a3780-0x7b1a7865]
06-14 01:17:55.730     0     0 I ACPI    : Reserving SSDT table memory at [mem 0x7b1a7868-0x7b1a7e92]
06-14 01:17:55.730     0     0 I ACPI    : Reserving SSDT table memory at [mem 0x7b1a7e98-0x7b1a7eef]
06-14 01:17:55.730     0     0 I ACPI    : Reserving UEFI table memory at [mem 0x7b1a7ef0-0x7b1a7f31]
06-14 01:17:55.730     0     0 I ACPI    : Reserving SSDT table memory at [mem 0x7b1a7f38-0x7b1a81a0]
06-14 01:17:55.730     0     0 I ACPI    : Reserving HPET table memory at [mem 0x7b1a81a8-0x7b1a81df]
06-14 01:17:55.730     0     0 I ACPI    : Reserving SSDT table memory at [mem 0x7b1a81e0-0x7b1a8942]
06-14 01:17:55.730     0     0 I ACPI    : Reserving SSDT table memory at [mem 0x7b1a8948-0x7b1a8bd7]
06-14 01:17:55.730     0     0 I ACPI    : Reserving SSDT table memory at [mem 0x7b1a8bd8-0x7b1a8d51]
06-14 01:17:55.730     0     0 I ACPI    : Reserving SSDT table memory at [mem 0x7b1a8d58-0x7b1a9191]
06-14 01:17:55.730     0     0 I ACPI    : Reserving TPM2 table memory at [mem 0x7b1a9198-0x7b1a91cb]
06-14 01:17:55.730     0     0 I ACPI    : Reserving LPIT table memory at [mem 0x7b1a91d0-0x7b1a92d3]
06-14 01:17:55.730     0     0 I ACPI    : Reserving BCFG table memory at [mem 0x7b1a92d8-0x7b1a9410]
06-14 01:17:55.730     0     0 I ACPI    : Reserving PRAM table memory at [mem 0x7b1a9418-0x7b1a9447]
06-14 01:17:55.730     0     0 I ACPI    : Reserving BGRT table memory at [mem 0x7b1a9448-0x7b1a947f]
06-14 01:17:55.731     0     0 I ACPI    : Reserving CSRT table memory at [mem 0x7b1a9480-0x7b1a95cb]
06-14 01:17:55.731     0     0 I ACPI    : Reserving BCFG table memory at [mem 0x7b1a95d0-0x7b1a9708]
06-14 01:17:55.731     0     0 I ACPI    : Reserving OEM0 table memory at [mem 0x7b1a9710-0x7b1a9793]
06-14 01:17:55.731     0     0 I ACPI    : Reserving OEM1 table memory at [mem 0x7b1a9798-0x7b1a97d7]
06-14 01:17:55.731     0     0 I ACPI    : Reserving PIDV table memory at [mem 0x7b1a97d8-0x7b1a98b3]
06-14 01:17:55.731     0     0 I ACPI    : Reserving RSCI table memory at [mem 0x7b1a98b8-0x7b1a98e3]
06-14 01:17:55.731     0     0 I ACPI    : Reserving WDAT table memory at [mem 0x7b1a98e8-0x7b1a99eb]
06-14 01:17:55.731     0     0 I ACPI    : Reserving BCFG table memory at [mem 0x7b1a99f0-0x7b1a9b28]
06-14 01:17:55.731     0     0 I ACPI    : Reserving OEM0 table memory at [mem 0x7b1a9b30-0x7b1a9bb3]
06-14 01:17:55.731     0     0 I ACPI    : Reserving OEM1 table memory at [mem 0x7b1a9bb8-0x7b1a9bf7]
06-14 01:17:55.731     0     0 I ACPI    : Reserving PIDV table memory at [mem 0x7b1a9bf8-0x7b1a9cd3]
06-14 01:17:55.731     0     0 I ACPI    : Reserving RSCI table memory at [mem 0x7b1a9cd8-0x7b1a9d03]
06-14 01:17:55.731     0     0 I ACPI    : Reserving WDAT table memory at [mem 0x7b1a9d08-0x7b1a9e0b]
06-14 01:17:55.731     0     0 I ACPI    : Reserving BCFG table memory at [mem 0x7b1a9e10-0x7b1a9f48]
06-14 01:17:55.731     0     0 I ACPI    : Reserving OEM0 table memory at [mem 0x7b1a9f50-0x7b1a9fd3]
06-14 01:17:55.731     0     0 I ACPI    : Reserving OEM1 table memory at [mem 0x7b1a9fd8-0x7b1aa017]
06-14 01:17:55.731     0     0 I ACPI    : Reserving PIDV table memory at [mem 0x7b1aa018-0x7b1aa0f3]
06-14 01:17:55.731     0     0 I ACPI    : Reserving RSCI table memory at [mem 0x7b1aa0f8-0x7b1aa123]
06-14 01:17:55.731     0     0 I ACPI    : Reserving WDAT table memory at [mem 0x7b1aa128-0x7b1aa22b]
06-14 01:17:55.731     0     0 I ACPI    : Reserving BCFG table memory at [mem 0x7b1aa230-0x7b1aa368]
06-14 01:17:55.731     0     0 I ACPI    : Reserving OEM0 table memory at [mem 0x7b1aa370-0x7b1aa3f3]
06-14 01:17:55.731     0     0 I ACPI    : Reserving OEM1 table memory at [mem 0x7b1aa3f8-0x7b1aa437]
06-14 01:17:55.731     0     0 I ACPI    : Reserving PIDV table memory at [mem 0x7b1aa438-0x7b1aa513]
06-14 01:17:55.731     0     0 I ACPI    : Reserving RSCI table memory at [mem 0x7b1aa518-0x7b1aa543]
06-14 01:17:55.731     0     0 I ACPI    : Reserving WDAT table memory at [mem 0x7b1aa548-0x7b1aa64b]
06-14 01:17:55.731     0     0 I ACPI    : Reserving SSDT table memory at [mem 0x7b1aa650-0x7b1aa6f6]
06-14 01:17:55.731     0     0 I ACPI    : Reserving SSDT table memory at [mem 0x7b1aa6f8-0x7b1aaa8a]
06-14 01:17:55.731     0     0 D ACPI    : Local APIC address 0xfee00000
06-14 01:17:55.731     0     0 I Zone ranges:  
06-14 01:17:55.731     0     0 I         : DMA      [mem 0x0000000000001000-0x0000000000ffffff]
06-14 01:17:55.731     0     0 I         : DMA32    [mem 0x0000000001000000-0x000000007bffffff]
06-14 01:17:55.731     0     0 I         : Normal   empty
06-14 01:17:55.731     0     0 I         : Movable zone start for each node
06-14 01:17:55.731     0     0 I         : Early memory node ranges
06-14 01:17:55.731     0     0 I node   0: [mem 0x0000000000001000-0x000000000008efff]
06-14 01:17:55.731     0     0 I node   0: [mem 0x0000000000090000-0x000000000009dfff]
06-14 01:17:55.731     0     0 I node   0: [mem 0x0000000000100000-0x000000001effffff]
06-14 01:17:55.731     0     0 I node   0: [mem 0x0000000020200000-0x000000007b035fff]
06-14 01:17:55.731     0     0 I node   0: [mem 0x000000007b066000-0x000000007b185fff]
06-14 01:17:55.731     0     0 I node   0: [mem 0x000000007ba39000-0x000000007bffffff]
06-14 01:17:55.731     0     0 I         : Initmem setup node 0 [mem 0x0000000000001000-0x000000007bffffff]
06-14 01:17:55.731     0     0 D         : On node 0 totalpages: 500921
06-14 01:17:55.731     0     0 D DMA zone: 64 pages used for memmap
06-14 01:17:55.731     0     0 D DMA zone: 2393 pages reserved
06-14 01:17:55.731     0     0 D DMA zone: 3996 pages, LIFO batch:0
06-14 01:17:55.731     0     0 D DMA32 zone: 7872 pages used for memmap
06-14 01:17:55.731     0     0 D DMA32 zone: 496925 pages, LIFO batch:63
06-14 01:17:55.731     0     0 I         : On node 0, zone DMA: 1 pages in unavailable ranges
06-14 01:17:55.731     0     0 I         : On node 0, zone DMA: 1 pages in unavailable ranges
06-14 01:17:55.731     0     0 I         : On node 0, zone DMA: 98 pages in unavailable ranges
06-14 01:17:55.744     0     0 I         : On node 0, zone DMA32: 4608 pages in unavailable ranges
06-14 01:17:55.744     0     0 I         : On node 0, zone DMA32: 48 pages in unavailable ranges
06-14 01:17:55.744     0     0 I         : On node 0, zone DMA32: 2227 pages in unavailable ranges
06-14 01:17:55.744     0     0 I         : On node 0, zone DMA32: 16384 pages in unavailable ranges
06-14 01:17:55.744     0     0 I         : Reserving Intel graphics memory at [mem 0x7ce00000-0x7edfffff]
06-14 01:17:55.745     0     0 D ACPI    : Local APIC address 0xfee00000
06-14 01:17:55.745     0     0 I ACPI    : LAPIC_NMI (acpi_id[0x01] high edge lint[0x1])
06-14 01:17:55.745     0     0 I ACPI    : LAPIC_NMI (acpi_id[0x02] high edge lint[0x1])
06-14 01:17:55.745     0     0 I ACPI    : LAPIC_NMI (acpi_id[0x03] high edge lint[0x1])
06-14 01:17:55.745     0     0 I ACPI    : LAPIC_NMI (acpi_id[0x04] high edge lint[0x1])
06-14 01:17:55.745     0     0 I IOAPIC[0]: apic_id 1, version 32, address 0xfec00000, GSI 0-114
06-14 01:17:55.745     0     0 I ACPI    : INT_SRC_OVR (bus 0 bus_irq 0 global_irq 2 dfl dfl)
06-14 01:17:55.745     0     0 I ACPI    : INT_SRC_OVR (bus 0 bus_irq 9 global_irq 9 high level)
06-14 01:17:55.745     0     0 D ACPI    : IRQ0 used by override.
06-14 01:17:55.745     0     0 D ACPI    : IRQ9 used by override.
06-14 01:17:55.745     0     0 I         : Using ACPI (MADT) for SMP configuration information
06-14 01:17:55.745     0     0 I ACPI    : HPET id: 0x8086a201 base: 0xfed00000
06-14 01:17:55.745     0     0 I         : TSC deadline timer available
06-14 01:17:55.745     0     0 I smpboot : Allowing 4 CPUs, 0 hotplug CPUs
06-14 01:17:55.745     0     0 I         : [mem 0x7ee00000-0xdfffffff] available for PCI devices
06-14 01:17:55.745     0     0 I clocksource: refined-jiffies: mask: 0xffffffff max_cycles: 0xffffffff, max_idle_ns: 1910969940391419 ns
06-14 01:17:55.745     0     0 I setup_percpu: NR_CPUS:32 nr_cpumask_bits:32 nr_cpu_ids:4 nr_node_ids:1
06-14 01:17:55.747     0     0 I percpu  : Embedded 58 pages/cpu s198056 r8192 d31320 u524288
06-14 01:17:55.747     0     0 D pcpu-alloc: s198056 r8192 d31320 u524288 alloc=1*2097152
06-14 01:17:55.747     0     0 D pcpu-alloc: [0] 0 1 2 3
06-14 01:17:55.747     0     0 I         : Built 1 zonelists, mobility grouping on.  Total pages: 490592
06-14 01:17:55.747     0     0 I         : Kernel command line: androidboot.boottime=FWS:7598,LIS:22445,VBS:1807,SKS:9426 androidboot.slot_suffix=_a rootwait ro init=/init androidboot.acpio_idx=0  androidboot.acpi_idx=  androidboot.force_normal_boot=1 androidboot.bootloader=5_11_kernelflinger-07_02-userdebug androidboot.boot_devices=pci0000:00/80860F14:00 androidboot.verifiedbootstate=yellow androidboot.bootreason=unknown androidboot.serialno=Default0string g_ffs.iSerialNumber=Default0string rootfstype=ext4 gpt loglevel=7 androidboot.hardware=caas firmware_class.path=/vendor/firmware intel_pstate=passive snd-hda-intel.model=dell-headset-multi enforcing=0 androidboot.selinux=permissive no_timer_check noxsaves reboot_panic=p,w i915.hpd_sense_invert=0x7 intel_iommu=off i915.enable_pvmmio=0 loop.max_part=7 vga=current i915.modeset=1 drm.atomic=1 i915.nuclear_pageflip=1 drm.vblankoffdelay=1 i915.fastboot=1 console=ttyUSB0,115200 i915.enable_guc=2 console=ttyS0,115200n8 buildvariant=userdebug  androidboot.vbmeta.device=PAR
06-14 01:17:55.747     0     0 I DMAR    : IOMMU disabled
06-14 01:17:55.747     0     0 I         : Setting dangerous option i915.nuclear_pageflip - tainting kernel
06-14 01:17:55.747     0     0 I         : Setting dangerous option i915.enable_guc - tainting kernel
06-14 01:17:55.748     0     0 I         : Dentry cache hash table entries: 262144 (order: 9, 2097152 bytes, linear)
06-14 01:17:55.749     0     0 I         : Inode-cache hash table entries: 131072 (order: 8, 1048576 bytes, linear)
06-14 01:17:55.749     0     0 I mem auto-init: stack:all(zero), heap alloc:on, heap free:off
06-14 01:17:55.766     0     0 I Memory  : 1777604K/2003684K available (26635K kernel code, 3045K rwdata, 29280K rodata, 1712K init, 7316K bss, 225820K reserved, 0K cma-reserved)
06-14 01:17:55.766     0     0 I random  : get_random_u32 called from cache_alloc_refill+0x51f/0xa40 with crng_init=0
06-14 01:17:55.767     0     0 I kmemleak: Kernel memory leak detector disabled
06-14 01:17:55.767     0     0 I         : Kernel/User page tables isolation: enabled
06-14 01:17:55.767     0     0 I ftrace  : allocating 54783 entries in 214 pages
06-14 01:17:55.799     0     0 I ftrace  : allocated 214 pages with 5 groups
06-14 01:17:55.799     0     0 I rcu     : Preemptible hierarchical RCU implementation.
06-14 01:17:55.799     0     0 I rcu     : RCU restricting CPUs from NR_CPUS=32 to nr_cpu_ids=4.
06-14 01:17:55.799     0     0 I         : Trampoline variant of Tasks RCU enabled.
06-14 01:17:55.799     0     0 I         : Rude variant of Tasks RCU enabled.
06-14 01:17:55.799     0     0 I         : Tracing variant of Tasks RCU enabled.
06-14 01:17:55.799     0     0 I rcu     : RCU calculated value of scheduler-enlistment delay is 100 jiffies.
06-14 01:17:55.799     0     0 I rcu     : Adjusting geometry for rcu_fanout_leaf=16, nr_cpu_ids=4
06-14 01:17:55.811     0     0 I NR_IRQS : 4352, nr_irqs: 1024, preallocated irqs: 16
06-14 01:17:55.811     0     0 I random  : crng done (trusting CPU's manufacturer)
06-14 01:17:55.812     0     0 I Console : colour dummy device 80x25
06-14 01:17:57.597     0     0 I printk  : console [ttyS0] enabled
06-14 01:17:57.602     0     0 I ACPI    : Core revision 20200925
06-14 01:17:57.607     0     0 I hpet    : HPET dysfunctional in PC10. Force disabled.
06-14 01:17:57.614     0     0 I APIC    : Switch to symmetric I/O mode setup
06-14 01:17:57.621     0     0 I clocksource: tsc-early: mask: 0xffffffffffffffff max_cycles: 0x14c1baf3789, max_idle_ns: 440795266465 ns
06-14 01:17:57.632     0     0 I         : Calibrating delay loop (skipped), value calculated using timer frequency.. 2880.00 BogoMIPS (lpj=1440000)
06-14 01:17:57.633     0     0 I pid_max : default: 32768 minimum: 301
06-14 01:17:57.633     0     0 I         : Found EFI embedded fw 'silead/gsl3670-cube-iwork8-air.fw'
06-14 01:17:57.633     0     0 I LSM     : Security Framework initializing
06-14 01:17:57.633     0     0 I SELinux : Initializing.
06-14 01:17:57.633     0     0 I         : Mount-cache hash table entries: 4096 (order: 3, 32768 bytes, linear)
06-14 01:17:57.633     0     0 I         : Mountpoint-cache hash table entries: 4096 (order: 3, 32768 bytes, linear)
06-14 01:17:57.633     0     0 I CPU0    : Thermal monitoring enabled (TM1)
06-14 01:17:57.633     0     0 I process : using mwait in idle threads
06-14 01:17:57.633     0     0 I         : Last level iTLB entries: 4KB 48, 2MB 0, 4MB 0
06-14 01:17:57.633     0     0 I         : Last level dTLB entries: 4KB 256, 2MB 16, 4MB 16, 1GB 0
06-14 01:17:57.633     0     0 I Spectre V1: Mitigation: usercopy/swapgs barriers and __user pointer sanitization
06-14 01:17:57.633     0     0 I Spectre V2: Mitigation: Full generic retpoline
06-14 01:17:57.633     0     0 I Spectre V2: Spectre v2 / SpectreRSB mitigation: Filling RSB on context switch
06-14 01:17:57.633     0     0 I MDS     : Vulnerable: Clear CPU buffers attempted, no microcode
06-14 01:17:57.633     0     0 I         : Freeing SMP alternatives memory: 60K
06-14 01:17:57.633     0     0 I smpboot : CPU0: Intel(R) Atom(TM) x5-Z8300  CPU @ 1.44GHz (family: 0x6, model: 0x4c, stepping: 0x3)
06-14 01:17:57.634     0     0 I Performance Events: PEBS fmt2+, 8-deep LBR, Silvermont events, 8-deep LBR, full-width counters, Intel PMU driver.
06-14 01:17:57.635     0     0 I ... version: 3
06-14 01:17:57.636     0     0 I         : ... bit width:              40
06-14 01:17:57.637     0     0 I         : ... generic registers:      2
06-14 01:17:57.638     0     0 I         : ... value mask:             000000ffffffffff
06-14 01:17:57.639     0     0 I         : ... max period:             0000007fffffffff
06-14 01:17:57.640     0     0 I         : ... fixed-purpose events:   3
06-14 01:17:57.641     0     0 I         : ... event mask:             0000000700000003
06-14 01:17:57.642     0     0 I rcu     : Hierarchical SRCU implementation.
06-14 01:17:57.645     0     0 I NMI watchdog: Enabled. Permanently consumes one hw-PMU counter.
06-14 01:17:57.646     0     0 I smp     : Bringing up secondary CPUs ...
06-14 01:17:57.647     0     0 I         : x86: Booting SMP configuration:
06-14 01:17:57.648     0     0 I         : .... node  #0, CPUs:      #1 #2 #3
06-14 01:17:57.650     0     0 I smp     : Brought up 1 node, 4 CPUs
06-14 01:17:57.652     0     0 I smpboot : Max logical packages: 1
06-14 01:17:57.653     0     0 I smpboot : Total of 4 processors activated (11520.00 BogoMIPS)
06-14 01:17:57.656     0     0 I PM      : Registering ACPI NVS region [mem 0x0008f000-0x0008ffff] (4096 bytes)
06-14 01:17:57.657     0     0 I PM      : Registering ACPI NVS region [mem 0x7b186000-0x7b716fff] (5836800 bytes)
06-14 01:17:57.658     0     0 I clocksource: jiffies: mask: 0xffffffff max_cycles: 0xffffffff, max_idle_ns: 1911260446275000 ns
06-14 01:17:57.659     0     0 I         : futex hash table entries: 1024 (order: 4, 65536 bytes, linear)
06-14 01:17:57.660     0     0 I pinctrl core: initialized pinctrl subsystem
06-14 01:17:57.661     0     0 I PM      : RTC time: 01:17:55, date: 2023-06-14
06-14 01:17:57.662     0     0 I NET     : Registered protocol family 16
06-14 01:17:57.663     0     0 I audit   : initializing netlink subsys (disabled)
--------- beginning of main
06-14 01:18:04.185   204   204 I lowmemorykiller: Using psi monitors for memory pressure detection
06-14 01:18:04.187   204   204 I lowmemorykiller: Process polling is supported
06-14 01:18:04.226   205   205 W SELinux : Multiple same specifications for android.hardware.power.IPower/default.
06-14 01:18:04.227   205   205 I SELinux : SELinux: Loaded service_contexts from:
06-14 01:18:04.227   205   205 I SELinux :     /system/etc/selinux/plat_service_contexts
06-14 01:18:04.227   205   205 I SELinux :     /vendor/etc/selinux/vendor_service_contexts
06-14 01:18:04.259   206   206 I hwservicemanager: hwservicemanager is ready now.
06-14 01:18:04.260   207   207 I SELinux : SELinux: Loaded service_contexts from:
06-14 01:18:04.261   207   207 I SELinux :     /vendor/etc/selinux/vndservice_contexts
06-14 01:17:53.031   203   203 W auditd  : type=2000 audit(0.0:1): state=initialized audit_enabled=0 res=1
06-14 01:17:57.664     0     0 I thermal_sys: Registered thermal governor 'bang_bang'
06-14 01:17:57.665     0     0 I thermal_sys: Registered thermal governor 'step_wise'
06-14 01:17:57.666     0     0 I thermal_sys: Registered thermal governor 'user_space'
06-14 01:17:57.667     0     0 I cpuidle : using governor ladder
06-14 01:17:57.669     0     0 I cpuidle : using governor menu
06-14 01:17:57.670     0     0 I ACPI    : bus type PCI registered
06-14 01:17:57.671     0     0 I acpiphp : ACPI Hot Plug PCI Controller Driver version: 0.5
06-14 01:17:57.672     0     0 I PCI     : MMCONFIG for domain 0000 [bus 00-ff] at [mem 0xe0000000-0xefffffff] (base 0xe0000000)
06-14 01:17:57.673     0     0 I PCI     : MMCONFIG at [mem 0xe0000000-0xefffffff] reserved in E820
06-14 01:17:57.674     0     0 I PCI     : MMCONFIG for 0000 [bus00-3f] at [mem 0xe0000000-0xe3ffffff] (base 0xe0000000) (size reduced!)
06-14 01:17:57.675     0     0 I PCI     : Using configuration type 1 for base access
06-14 01:17:57.676     0     0 W ENERGY_PERF_BIAS: Set to 'normal', was 'performance'
06-14 01:17:57.691     0     0 I         : Kprobes globally optimized
06-14 01:17:57.696     0     0 I         : HugeTLB registered 2.00 MiB page size, pre-allocated 0 pages
06-14 01:17:57.706     0     0 I cryptd  : max_cpu_qlen set to 1000
06-14 01:17:57.714     0     0 I ACPI    : Added _OSI(Module Device)
06-14 01:17:57.719     0     0 I ACPI    : Added _OSI(Processor Device)
06-14 01:17:57.724     0     0 I ACPI    : Added _OSI(3.0 _SCP Extensions)
06-14 01:17:57.730     0     0 I ACPI    : Added _OSI(Processor Aggregator Device)
06-14 01:17:57.736     0     0 I ACPI    : Added _OSI(Linux-Dell-Video)
06-14 01:17:57.740     0     0 I ACPI    : Added _OSI(Linux-Lenovo-NV-HDMI-Audio)
06-14 01:17:57.746     0     0 I ACPI    : Added _OSI(Linux-HPI-Hybrid-Graphics)
06-14 01:17:57.832     0     0 E         : ACPI BIOS Error (bug): Failure creating named object [\_SB.ANDT], AE_ALREADY_EXISTS (20200925/dswload2-327)
06-14 01:17:57.845     0     0 E ACPI Error: AE_ALREADY_EXISTS, During name lookup/catalog (20200925/psobject-220)
06-14 01:17:57.855     0     0 I ACPI    : Skipping parse of AML opcode: OpcodeName unavailable (0x5B82)
06-14 01:17:57.863     0     0 I ACPI    : 11 ACPI AML tables successfully acquired and loaded
06-14 01:17:57.887     0     0 I ACPI    : Dynamic OEM Table Load:
06-14 01:17:57.892     0     0 I ACPI    : SSDT 0xFFFF9A9E419BA800 00057B (v01 PmRef  Cpu0Ist  00003000 INTL 20120913)
06-14 01:17:57.908     0     0 I ACPI    : Dynamic OEM Table Load:
06-14 01:17:57.912     0     0 I ACPI    : SSDT 0xFFFF9A9E41B66400 0003A5 (v01 PmRef  Cpu0Cst  00003001 INTL 20120913)
06-14 01:17:57.928     0     0 I ACPI    : Dynamic OEM Table Load:
06-14 01:17:57.933     0     0 I ACPI    : SSDT 0xFFFF9A9E41B28000 00015F (v01 PmRef  ApIst    00003000 INTL 20120913)
06-14 01:17:57.948     0     0 I ACPI    : Dynamic OEM Table Load:
06-14 01:17:57.953     0     0 I ACPI    : SSDT 0xFFFF9A9E419CD0C0 00008D (v01 PmRef  ApCst    00003000 INTL 20120913)
06-14 01:17:57.975     0     0 I ACPI    : Interpreter enabled
06-14 01:17:57.980     0     0 I ACPI    : (supports S0 S5)
06-14 01:17:57.983     0     0 I ACPI    : Using IOAPIC for interrupt routing
06-14 01:17:57.989     0     0 I PCI     : Using host bridge windows from ACPI; if necessary, use "pci=nocrs" and report a bug
06-14 01:17:58.002     0     0 I ACPI    : Enabled 1 GPEs in block 00 to 3F
06-14 01:17:58.010     0     0 I ACPI    : Power Resource [P06X] (off)
06-14 01:17:58.018     0     0 I ACPI    : Power Resource [ID3C] (on)
06-14 01:17:58.029     0     0 I ACPI    : Power Resource [USBC] (on)
06-14 01:17:58.035     0     0 I ACPI    : Power Resource [WWPR] (off)
06-14 01:17:58.055     0     0 I chatty  : uid=0(root) logd identical 3 lines
06-14 01:17:58.061     0     0 I ACPI    : Power Resource [WWPR] (off)
06-14 01:17:58.087     0     0 I ACPI    : Power Resource [CLK2] (on)
06-14 01:17:58.092     0     0 I ACPI    : Power Resource [CLK4] (on)
06-14 01:17:58.097     0     0 I ACPI    : Power Resource [P28P] (off)
06-14 01:17:58.102     0     0 I ACPI    : Power Resource [P18P] (off)
06-14 01:17:58.107     0     0 I ACPI    : Power Resource [P12P] (off)
06-14 01:17:58.112     0     0 I ACPI    : Power Resource [P16P] (off)
06-14 01:17:58.122     0     0 I ACPI    : Power Resource [CLK3] (on)
06-14 01:17:58.127     0     0 I ACPI    : Power Resource [CLK4] (on)
06-14 01:17:58.132     0     0 I ACPI    : Power Resource [P18P] (off)
06-14 01:17:58.138     0     0 I ACPI    : Power Resource [P28P] (off)
06-14 01:17:58.143     0     0 I ACPI    : Power Resource [P12P] (off)
06-14 01:17:58.158     0     0 I ACPI    : Power Resource [CLK2] (on)
06-14 01:17:58.164     0     0 I ACPI    : Power Resource [CLK1] (on)
06-14 01:17:58.173     0     0 I ACPI    : Power Resource [CLK0] (on)
06-14 01:17:58.178     0     0 I ACPI    : Power Resource [CLK1] (on)
06-14 01:17:58.183     0     0 I ACPI    : Power Resource [CLK5] (off)
06-14 01:17:58.190     0     0 I ACPI    : Power Resource [P33P] (off)
06-14 01:17:58.220     0     0 I ACPI    : Power Resource [P28X] (off)
06-14 01:17:58.226     0     0 I ACPI    : Power Resource [P18X] (off)
06-14 01:17:58.231     0     0 I ACPI    : Power Resource [P12X] (off)
06-14 01:17:58.236     0     0 I ACPI    : Power Resource [P19X] (off)
06-14 01:17:58.241     0     0 I ACPI    : Power Resource [P12A] (off)
06-14 01:17:58.246     0     0 I ACPI    : Power Resource [P28T] (off)
06-14 01:17:58.251     0     0 I ACPI    : Power Resource [P18D] (off)
06-14 01:17:58.256     0     0 I ACPI    : Power Resource [P18T] (off)
06-14 01:17:58.261     0     0 I ACPI    : Power Resource [P3P3] (off)
06-14 01:17:58.266     0     0 I ACPI    : Power Resource [P12T] (off)
06-14 01:17:58.271     0     0 I ACPI    : Power Resource [P28W] (off)
06-14 01:17:58.276     0     0 I ACPI    : Power Resource [P18W] (off)
06-14 01:17:58.281     0     0 I ACPI    : Power Resource [P12W] (off)
06-14 01:17:58.286     0     0 I ACPI    : Power Resource [P33W] (off)
06-14 01:17:58.291     0     0 I ACPI    : Power Resource [P33X] (off)
06-14 01:17:58.296     0     0 I ACPI    : Power Resource [P4BW] (off)
06-14 01:17:58.316     0     0 I ACPI    : PCI Root Bridge [PCI0] (domain 0000 [bus 00-ff])
06-14 01:17:58.323     0     0 I acpi PNP0A08: 00: _OSC: OS supports [ExtendedConfig ASPM ClockPM Segments MSI HPX-Type3]
06-14 01:17:58.334     0     0 I acpi PNP0A08: 00: _OSC: OS now controls [PCIeHotplug PME AER PCIeCapability LTR]
06-14 01:17:58.344     0     0 I acpi PNP0A08: 00: [Firmware Info]: MMCONFIG for domain 0000 [bus 00-3f] only partially covers this bridge
06-14 01:17:58.356     0     0 I         : PCI host bridge to bus 0000:00
06-14 01:17:58.362     0     0 I pci_bus 0000: 00: root bus resource [io  0x0070-0x0077]
06-14 01:17:58.369     0     0 I pci_bus 0000: 00: root bus resource [io  0x0000-0x006f window]
06-14 01:17:58.376     0     0 I pci_bus 0000: 00: root bus resource [io  0x0078-0x0cf7 window]
06-14 01:17:58.384     0     0 I pci_bus 0000: 00: root bus resource [io  0x0d00-0xffff window]
06-14 01:17:58.391     0     0 I pci_bus 0000: 00: root bus resource [mem 0x000a0000-0x000bffff window]
06-14 01:17:58.400     0     0 I pci_bus 0000: 00: root bus resource [mem 0x000c0000-0x000dffff window]
06-14 01:17:58.408     0     0 I pci_bus 0000: 00: root bus resource [mem 0x000e0000-0x000fffff window]
06-14 01:17:58.416     0     0 I pci_bus 0000: 00: root bus resource [mem 0x20000000-0x201fffff window]
06-14 01:17:58.425     0     0 I pci_bus 0000: 00: root bus resource [mem 0x7ce00001-0x7ee00000 window]
06-14 01:17:58.433     0     0 I pci_bus 0000: 00: root bus resource [mem 0x80000000-0xdfffffff window]
06-14 01:17:58.441     0     0 I pci_bus 0000: 00: root bus resource [bus 00-ff]
06-14 01:17:58.447  8086  8086 I pci 0000: 00:00.0: [8086:2280] type 00 class 0x060000
06-14 01:17:58.454  8086  8086 I pci 0000: 00:02.0: [8086:22b0] type 00 class 0x030000
06-14 01:17:58.462     0     0 I pci 0000: 00:02.0: reg 0x10: [mem 0x90000000-0x90ffffff 64bit]
06-14 01:17:58.469     0     0 I pci 0000: 00:02.0: reg 0x18: [mem 0x80000000-0x8fffffff 64bit pref]
06-14 01:17:58.477     0     0 I pci 0000: 00:02.0: reg 0x20: [io  0xf000-0xf03f]
06-14 01:17:58.484     0     0 I pci 0000: 00:02.0: BAR 2: assigned to efifb
06-14 01:17:58.489  8086  8086 I pci 0000: 00:03.0: [8086:22b8] type 00 class 0x048000
06-14 01:17:58.497     0     0 I pci 0000: 00:03.0: reg 0x10: [mem 0x91000000-0x913fffff]
06-14 01:17:58.504  8086  8086 I pci 0000: 00:0b.0: [8086:22dc] type 00 class 0x118000
06-14 01:17:58.511     0     0 I pci 0000: 00:0b.0: reg 0x10: [mem 0x91a3d000-0x91a3dfff 64bit]
06-14 01:17:58.519  8086  8086 I pci 0000: 00:14.0: [8086:22b5] type 00 class 0x0c0330
06-14 01:17:58.526     0     0 I pci 0000: 00:14.0: reg 0x10: [mem 0x91a00000-0x91a0ffff 64bit]
06-14 01:17:58.534     0     0 I pci 0000: 00:14.0: PME# supported from D3hot D3cold
06-14 01:17:58.541  8086  8086 I pci 0000: 00:16.0: [8086:22b7] type 00 class 0x0c03fe
06-14 01:17:58.548     0     0 I pci 0000: 00:16.0: reg 0x10: [mem 0x91400000-0x915fffff]
06-14 01:17:58.555     0     0 I pci 0000: 00:16.0: PME# supported from D0 D3hot
06-14 01:17:58.561  8086  8086 I pci 0000: 00:1a.0: [8086:2298] type 00 class 0x108000
06-14 01:17:58.569     0     0 I pci 0000: 00:1a.0: reg 0x10: [mem 0x91900000-0x919fffff]
06-14 01:17:58.576     0     0 I pci 0000: 00:1a.0: reg 0x14: [mem 0x91800000-0x918fffff]
06-14 01:17:58.583     0     0 I pci 0000: 00:1a.0: PME# supported from D0 D3hot
06-14 01:17:58.589  8086  8086 I pci 0000: 00:1c.0: [8086:22c8] type 01 class 0x060400
06-14 01:17:58.599     0     0 I pci 0000: 00:1c.0: PME# supported from D0 D3hot D3cold
06-14 01:17:58.606  8086  8086 I pci 0000: 00:1f.0: [8086:229c] type 00 class 0x060100
06-14 01:17:58.614     0     0 I pci 0000: 00:1c.0: PCI bridge to [bus 01]
06-14 01:17:58.620     0     0 D pci_bus 0000: 00: on NUMA node 0
06-14 01:17:58.647     0     0 I ACPI    : PCI Interrupt Link [LNKA] (IRQs 3 4 5 6 10 11 12 14 15) *0, disabled.
06-14 01:17:58.656     0     0 I ACPI    : PCI Interrupt Link [LNKB] (IRQs 3 4 5 6 10 11 12 14 15) *0, disabled.
06-14 01:17:58.666     0     0 I ACPI    : PCI Interrupt Link [LNKC] (IRQs 3 4 5 6 10 11 12 14 15) *0, disabled.
06-14 01:17:58.675     0     0 I ACPI    : PCI Interrupt Link [LNKD] (IRQs 3 4 5 6 10 11 12 14 15) *0, disabled.
06-14 01:17:58.684     0     0 I ACPI    : PCI Interrupt Link [LNKE] (IRQs 3 4 5 6 10 11 12 14 15) *0, disabled.
06-14 01:17:58.693     0     0 I ACPI    : PCI Interrupt Link [LNKF] (IRQs 3 4 5 6 10 11 12 14 15) *0, disabled.
06-14 01:17:58.702     0     0 I ACPI    : PCI Interrupt Link [LNKG] (IRQs 3 4 5 6 10 11 12 14 15) *0, disabled.
06-14 01:17:58.712     0     0 I ACPI    : PCI Interrupt Link [LNKH] (IRQs 3 4 5 6 10 11 12 14 15) *0, disabled.
06-14 01:17:58.730     0     0 W cherryview-pinctrl: probe of INT33FF:04 failed with error -61
06-14 01:17:58.761     0     0 I dw_dmac 80862286: 00: DesignWare DMA Controller, 8 channels
06-14 01:17:58.786     0     0 I dw_dmac 808622C0: 00: DesignWare DMA Controller, 8 channels
06-14 01:17:58.787     0     0 I iommu   : Default domain type: Translated
06-14 01:17:58.788     0     0 I pci 0000: 00:02.0: vgaarb: setting as boot VGA device
06-14 01:17:58.788     0     0 I pci 0000: 00:02.0: vgaarb: VGA device added: decodes=io+mem,owns=io+mem,locks=none
06-14 01:17:58.789     0     0 I pci 0000: 00:02.0: vgaarb: bridge control possible
06-14 01:17:58.790     0     0 I vgaarb  : loaded
06-14 01:17:58.791     0     0 I         : SCSI subsystem initialized
06-14 01:17:58.792     0     0 D         : libata version 3.00 loaded.
06-14 01:17:58.845     0     0 I ACPI    : bus type USB registered
06-14 01:17:58.846     0     0 I usbcore : registered new interface driver usbfs
06-14 01:17:58.847     0     0 I usbcore : registered new interface driver hub
06-14 01:17:58.848     0     0 I usbcore : registered new device driver usb
06-14 01:17:59.089     0     0 I mc      : Linux media interface: v0.10
06-14 01:17:59.090     0     0 I videodev: Linux video capture interface: v2.00
06-14 01:17:59.091     0     0 I pps_core: LinuxPPS API ver. 1 registered
06-14 01:17:59.092     0     0 I pps_core: Software ver. 5.3.6 - Copyright 2005-2007 Rodolfo Giometti <giometti@linux.it>
06-14 01:17:59.093     0     0 I         : PTP clock support registered
06-14 01:17:59.094     0     0 E         : Cannot detect VMM which supports trusty!
06-14 01:17:59.094     0     0 I         : Registered efivars operations
06-14 01:17:59.096     0     0 I         : Advanced Linux Sound Architecture Driver Initialized.
06-14 01:17:59.103     0     0 I PCI     : Using ACPI for IRQ routing
06-14 01:17:59.111     0     0 D PCI     : pci_cache_line_size set to 64 bytes
06-14 01:17:59.111     0     0 W         : Expanded resource Reserved due to conflict with PCI Bus 0000:00
06-14 01:17:59.120     0     0 D e820    : reserve RAM buffer [mem 0x0008f000-0x0008ffff]
06-14 01:17:59.120     0     0 D e820    : reserve RAM buffer [mem 0x0009e000-0x0009ffff]
06-14 01:17:59.120     0     0 D e820    : reserve RAM buffer [mem 0x1f000000-0x1fffffff]
06-14 01:17:59.120     0     0 D e820    : reserve RAM buffer [mem 0x7b036000-0x7bffffff]
06-14 01:17:59.120     0     0 D e820    : reserve RAM buffer [mem 0x7b186000-0x7bffffff]
06-14 01:17:59.120     0     0 I         : dcdbas dcdbas: Dell Systems Management Base Driver (version 5.6.0-3.4)
06-14 01:17:59.121     0     0 I clocksource: Switched to clocksource tsc-early
06-14 01:17:59.198     0     0 I VFS     : Disk quotas dquot_6.6.0
06-14 01:17:59.202     0     0 I VFS     : Dquot-cache hash table entries: 512 (order 0, 4096 bytes)
06-14 01:17:59.210     0     0 I pnp     : PnP ACPI init
06-14 01:17:59.214     0     0 I system 00: 00: [io  0x0680-0x069f] has been reserved
06-14 01:17:59.221     0     0 I system 00: 00: [io  0x0400-0x047f] has been reserved
06-14 01:17:59.227     0     0 I system 00: 00: [io  0x0500-0x05fe] has been reserved
06-14 01:17:59.234     0     0 D system 00: 00: Plug and Play ACPI device, IDs PNP0c02 (active)
06-14 01:17:59.234     0     0 D pnp 00  : 01: Plug and Play ACPI device, IDs PNP0501 (active)
06-14 01:17:59.246     0     0 I system 00: 02: [mem 0x91a3b000-0x91a3bfff] has been reserved
06-14 01:17:59.253     0     0 I system 00: 02: [mem 0x91a39000-0x91a39fff] has been reserved
06-14 01:17:59.261     0     0 I system 00: 02: [mem 0x91a37000-0x91a37fff] has been reserved
06-14 01:17:59.268     0     0 I system 00: 02: [mem 0x91a26000-0x91a26fff] has been reserved
06-14 01:17:59.276     0     0 I system 00: 02: [mem 0x91a24000-0x91a24fff] has been reserved
06-14 01:17:59.283     0     0 I system 00: 02: [mem 0x91a22000-0x91a22fff] has been reserved
06-14 01:17:59.291     0     0 I system 00: 02: [mem 0x91a20000-0x91a20fff] has been reserved
06-14 01:17:59.298     0     0 I system 00: 02: [mem 0x91a1e000-0x91a1efff] has been reserved
06-14 01:17:59.305     0     0 I system 00: 02: [mem 0x91a1c000-0x91a1cfff] has been reserved
06-14 01:17:59.313     0     0 I system 00: 02: [mem 0x91a1a000-0x91a1afff] has been reserved
06-14 01:17:59.320     0     0 I system 00: 02: [mem 0x91a18000-0x91a18fff] has been reserved
06-14 01:17:59.328     0     0 I system 00: 02: [mem 0x91a35000-0x91a35fff] has been reserved
06-14 01:17:59.335     0     0 I system 00: 02: [mem 0x91a33000-0x91a33fff] has been reserved
06-14 01:17:59.342     0     0 I system 00: 02: [mem 0x91a31000-0x91a31fff] has been reserved
06-14 01:17:59.350     0     0 I system 00: 02: [mem 0x91a2f000-0x91a2ffff] has been reserved
06-14 01:17:59.357     0     0 I system 00: 02: [mem 0x91a2d000-0x91a2dfff] has been reserved
06-14 01:17:59.365     0     0 I system 00: 02: [mem 0x91a2b000-0x91a2bfff] has been reserved
06-14 01:17:59.372     0     0 I system 00: 02: [mem 0x91a29000-0x91a29fff] has been reserved
06-14 01:17:59.380     0     0 I system 00: 02: [mem 0x91a27000-0x91a27fff] has been reserved
06-14 01:17:59.387     0     0 D system 00: 02: Plug and Play ACPI device, IDs PNP0c02 (active)
06-14 01:17:59.387     0     0 I system 00: 03: [mem 0xe0000000-0xefffffff] could not be reserved
06-14 01:17:59.395     0     0 I system 00: 03: [mem 0xfea00000-0xfeafffff] has been reserved
06-14 01:17:59.403     0     0 I system 00: 03: [mem 0xfed01000-0xfed01fff] has been reserved
06-14 01:17:59.410     0     0 I system 00: 03: [mem 0xfed03000-0xfed03fff] has been reserved
06-14 01:17:59.418     0     0 I system 00: 03: [mem 0xfed06000-0xfed06fff] has been reserved
06-14 01:17:59.425     0     0 I system 00: 03: [mem 0xfed08000-0xfed09fff] has been reserved
06-14 01:17:59.432     0     0 I system 00: 03: [mem 0xfed80000-0xfedbffff] could not be reserved
06-14 01:17:59.440     0     0 I system 00: 03: [mem 0xfed1c000-0xfed1cfff] has been reserved
06-14 01:17:59.448     0     0 I system 00: 03: [mem 0xfee00000-0xfeefffff] could not be reserved
06-14 01:17:59.455     0     0 D system 00: 03: Plug and Play ACPI device, IDs PNP0c02 (active)
06-14 01:17:59.456     0     0 D pnp 00  : 04: Plug and Play ACPI device, IDs PNP0b00 (active)
06-14 01:17:59.459     0     0 I pnp     : PnP ACPI: found 5 devices
06-14 01:17:59.469     0     0 I NET     : Registered protocol family 2
06-14 01:17:59.474     0     0 I         : IP idents hash table entries: 32768 (order: 6, 262144 bytes, linear)
06-14 01:17:59.484     0     0 I         : tcp_listen_portaddr_hash hash table entries: 1024 (order: 3, 40960 bytes, linear)
06-14 01:17:59.493     0     0 I         : TCP established hash table entries: 16384 (order: 5, 131072 bytes, linear)
06-14 01:17:59.502     0     0 I         : TCP bind hash table entries: 16384 (order: 7, 524288 bytes, linear)
06-14 01:17:59.511     0     0 I TCP     : Hash tables configured (established 16384 bind 16384)
06-14 01:17:59.518     0     0 I         : UDP hash table entries: 1024 (order: 4, 98304 bytes, linear)
06-14 01:17:59.526     0     0 I         : UDP-Lite hash table entries: 1024 (order: 4, 98304 bytes, linear)
06-14 01:17:59.534     0     0 I NET     : Registered protocol family 1
06-14 01:17:59.539     0     0 I pci 0000: 00:1c.0: bridge window [io  0x1000-0x0fff] to [bus 01] add_size 1000
06-14 01:17:59.548     0     0 I pci 0000: 00:1c.0: bridge window [mem 0x00100000-0x000fffff 64bit pref] to [bus 01] add_size 200000 add_align 100000
06-14 01:17:59.561     0     0 I pci 0000: 00:1c.0: bridge window [mem 0x00100000-0x000fffff] to [bus 01] add_size 200000 add_align 100000
06-14 01:17:59.573     0     0 I pci 0000: 00:1c.0: BAR 8: assigned [mem 0x91b00000-0x91cfffff]
06-14 01:17:59.580     0     0 I pci 0000: 00:1c.0: BAR 9: assigned [mem 0x91d00000-0x91efffff 64bit pref]
06-14 01:17:59.589     0     0 I pci 0000: 00:1c.0: BAR 7: assigned [io  0x1000-0x1fff]
06-14 01:17:59.596     0     0 I pci 0000: 00:1c.0: PCI bridge to [bus 01]
06-14 01:17:59.602     0     0 I pci 0000: 00:1c.0:   bridge window [io  0x1000-0x1fff]
06-14 01:17:59.608     0     0 I pci 0000: 00:1c.0:   bridge window [mem 0x91b00000-0x91cfffff]
06-14 01:17:59.616     0     0 I pci 0000: 00:1c.0:   bridge window [mem 0x91d00000-0x91efffff 64bit pref]
06-14 01:17:59.625     0     0 I pci_bus 0000: 00: resource 4 [io  0x0070-0x0077]
06-14 01:17:59.631     0     0 I pci_bus 0000: 00: resource 5 [io  0x0000-0x006f window]
06-14 01:17:59.638     0     0 I pci_bus 0000: 00: resource 6 [io  0x0078-0x0cf7 window]
06-14 01:17:59.645     0     0 I pci_bus 0000: 00: resource 7 [io  0x0d00-0xffff window]
06-14 01:17:59.652     0     0 I pci_bus 0000: 00: resource 8 [mem 0x000a0000-0x000bffff window]
06-14 01:17:59.660     0     0 I pci_bus 0000: 00: resource 9 [mem 0x000c0000-0x000dffff window]
06-14 01:17:59.667     0     0 I pci_bus 0000: 00: resource 10 [mem 0x000e0000-0x000fffff window]
06-14 01:17:59.675     0     0 I pci_bus 0000: 00: resource 11 [mem 0x20000000-0x201fffff window]
06-14 01:17:59.683     0     0 I pci_bus 0000: 00: resource 12 [mem 0x7ce00001-0x7ee00000 window]
06-14 01:17:59.691     0     0 I pci_bus 0000: 00: resource 13 [mem 0x80000000-0xdfffffff window]
